
> streamfi-frontend@0.1.0 test
> jest

node.exe : FAIL components/tipping/__tests__/integration.test.tsx (7.167 s)
At line:1 char:1
+ & "C:\Program Files\nodejs/node.exe" "C:\Program Files\nodejs/node_mo ...
+ ~~~~~~~~~~~~~~~~~~~~~~~~~~~~~~~~~~~~~~~~~~~~~~~~~~~~~~~~~~~~~~~~~~~~~
    + CategoryInfo          : NotSpecified: (FAIL components...t.tsx (7.167 s) 
   :String) [], RemoteException
    + FullyQualifiedErrorId : NativeCommandError
 
  ΓùÅ Console

    console.error
      Warning: An update to TipModal inside a test was not wrapped in act(...).
      
      When testing, code that causes React state updates should be wrapped 
into act(...):
      
      act(() => {
        /* fire events that update state */
      });
      /* assert on the output */
      
      This ensures that you're testing the behavior the user would see in the 
browser. Learn more at https://reactjs.org/link/wrap-tests-with-act
          at isOpen (C:\Users\USER\code_data\streamfi-frontend\components\tippi
ng\TipModal.tsx:49:3)

    [0m [90m 79 |[39m       getXLMPrice()
     [90m 80 |[39m         [33m.[39mthen((price) [33m=>[39m {
    [31m[1m>[22m[39m[90m 81 |[39m           setXlmPrice(price)[33m;[39m
     [90m    |[39m           [31m[1m^[22m[39m
     [90m 82 |[39m           setPriceFetchFailed([36mfalse[39m)[33m;[39m
     [90m 83 |[39m         })
     [90m 84 |[39m         [33m.[39m[36mcatch[39m((err) [33m=>[39m 
{[0m

      at printWarning 
(node_modules/react-dom/cjs/react-dom.development.js:86:30)
      at error (node_modules/react-dom/cjs/react-dom.development.js:60:7)
      at warnIfUpdatesNotWrappedWithActDEV 
(node_modules/react-dom/cjs/react-dom.development.js:27628:9)
      at scheduleUpdateOnFiber 
(node_modules/react-dom/cjs/react-dom.development.js:25547:5)
      at dispatchSetState 
(node_modules/react-dom/cjs/react-dom.development.js:16708:7)
      at setXlmPrice (components/tipping/TipModal.tsx:81:11)

    console.error
      Warning: An update to TipModal inside a test was not wrapped in act(...).
      
      When testing, code that causes React state updates should be wrapped 
into act(...):
      
      act(() => {
        /* fire events that update state */
      });
      /* assert on the output */
      
      This ensures that you're testing the behavior the user would see in the 
browser. Learn more at https://reactjs.org/link/wrap-tests-with-act
          at isOpen (C:\Users\USER\code_data\streamfi-frontend\components\tippi
ng\TipModal.tsx:49:3)

    [0m [90m 80 |[39m         [33m.[39mthen((price) [33m=>[39m {
     [90m 81 |[39m           setXlmPrice(price)[33m;[39m
    [31m[1m>[22m[39m[90m 82 |[39m           
setPriceFetchFailed([36mfalse[39m)[33m;[39m
     [90m    |[39m           [31m[1m^[22m[39m
     [90m 83 |[39m         })
     [90m 84 |[39m         [33m.[39m[36mcatch[39m((err) [33m=>[39m {
     [90m 85 |[39m           console[33m.[39merror([32m"Failed to fetch 
XLM price:"[39m[33m,[39m err)[33m;[39m[0m

      at printWarning 
(node_modules/react-dom/cjs/react-dom.development.js:86:30)
      at error (node_modules/react-dom/cjs/react-dom.development.js:60:7)
      at warnIfUpdatesNotWrappedWithActDEV 
(node_modules/react-dom/cjs/react-dom.development.js:27628:9)
      at scheduleUpdateOnFiber 
(node_modules/react-dom/cjs/react-dom.development.js:25547:5)
      at dispatchSetState 
(node_modules/react-dom/cjs/react-dom.development.js:16708:7)
      at setPriceFetchFailed (components/tipping/TipModal.tsx:82:11)

    console.error
      Warning: An update to TipModal inside a test was not wrapped in act(...).
      
      When testing, code that causes React state updates should be wrapped 
into act(...):
      
      act(() => {
        /* fire events that update state */
      });
      /* assert on the output */
      
      This ensures that you're testing the behavior the user would see in the 
browser. Learn more at https://reactjs.org/link/wrap-tests-with-act
          at isOpen (C:\Users\USER\code_data\streamfi-frontend\components\tippi
ng\TipModal.tsx:49:3)

    [0m [90m 86 |[39m           
setPriceFetchFailed([36mtrue[39m)[33m;[39m
     [90m 87 |[39m         })
    [31m[1m>[22m[39m[90m 88 |[39m         
[33m.[39m[36mfinally[39m(() [33m=>[39m 
setIsLoadingPrice([36mfalse[39m))[33m;[39m
     [90m    |[39m                        [31m[1m^[22m[39m
     [90m 89 |[39m     }
     [90m 90 |[39m   }[33m,[39m [isOpen])[33m;[39m
     [90m 91 |[39m
[0m

      at printWarning 
(node_modules/react-dom/cjs/react-dom.development.js:86:30)
      at error (node_modules/react-dom/cjs/react-dom.development.js:60:7)
      at warnIfUpdatesNotWrappedWithActDEV 
(node_modules/react-dom/cjs/react-dom.development.js:27628:9)
      at scheduleUpdateOnFiber 
(node_modules/react-dom/cjs/react-dom.development.js:25547:5)
      at dispatchSetState 
(node_modules/react-dom/cjs/react-dom.development.js:16708:7)
      at setIsLoadingPrice (components/tipping/TipModal.tsx:88:24)

    console.error
      Warning: An update to TipModal inside a test was not wrapped in act(...).
      
      When testing, code that causes React state updates should be wrapped 
into act(...):
      
      act(() => {
        /* fire events that update state */
      });
      /* assert on the output */
      
      This ensures that you're testing the behavior the user would see in the 
browser. Learn more at https://reactjs.org/link/wrap-tests-with-act
          at isOpen (C:\Users\USER\code_data\streamfi-frontend\components\tippi
ng\TipModal.tsx:49:3)

    [0m [90m 79 |[39m       getXLMPrice()
     [90m 80 |[39m         [33m.[39mthen((price) [33m=>[39m {
    [31m[1m>[22m[39m[90m 81 |[39m           setXlmPrice(price)[33m;[39m
     [90m    |[39m           [31m[1m^[22m[39m
     [90m 82 |[39m           setPriceFetchFailed([36mfalse[39m)[33m;[39m
     [90m 83 |[39m         })
     [90m 84 |[39m         [33m.[39m[36mcatch[39m((err) [33m=>[39m 
{[0m

      at printWarning 
(node_modules/react-dom/cjs/react-dom.development.js:86:30)
      at error (node_modules/react-dom/cjs/react-dom.development.js:60:7)
      at warnIfUpdatesNotWrappedWithActDEV 
(node_modules/react-dom/cjs/react-dom.development.js:27628:9)
      at scheduleUpdateOnFiber 
(node_modules/react-dom/cjs/react-dom.development.js:25547:5)
      at dispatchSetState 
(node_modules/react-dom/cjs/react-dom.development.js:16708:7)
      at setXlmPrice (components/tipping/TipModal.tsx:81:11)

    console.error
      Warning: An update to TipModal inside a test was not wrapped in act(...).
      
      When testing, code that causes React state updates should be wrapped 
into act(...):
      
      act(() => {
        /* fire events that update state */
      });
      /* assert on the output */
      
      This ensures that you're testing the behavior the user would see in the 
browser. Learn more at https://reactjs.org/link/wrap-tests-with-act
          at isOpen (C:\Users\USER\code_data\streamfi-frontend\components\tippi
ng\TipModal.tsx:49:3)

    [0m [90m 80 |[39m         [33m.[39mthen((price) [33m=>[39m {
     [90m 81 |[39m           setXlmPrice(price)[33m;[39m
    [31m[1m>[22m[39m[90m 82 |[39m           
setPriceFetchFailed([36mfalse[39m)[33m;[39m
     [90m    |[39m           [31m[1m^[22m[39m
     [90m 83 |[39m         })
     [90m 84 |[39m         [33m.[39m[36mcatch[39m((err) [33m=>[39m {
     [90m 85 |[39m           console[33m.[39merror([32m"Failed to fetch 
XLM price:"[39m[33m,[39m err)[33m;[39m[0m

      at printWarning 
(node_modules/react-dom/cjs/react-dom.development.js:86:30)
      at error (node_modules/react-dom/cjs/react-dom.development.js:60:7)
      at warnIfUpdatesNotWrappedWithActDEV 
(node_modules/react-dom/cjs/react-dom.development.js:27628:9)
      at scheduleUpdateOnFiber 
(node_modules/react-dom/cjs/react-dom.development.js:25547:5)
      at dispatchSetState 
(node_modules/react-dom/cjs/react-dom.development.js:16708:7)
      at setPriceFetchFailed (components/tipping/TipModal.tsx:82:11)

    console.error
      Warning: An update to TipModal inside a test was not wrapped in act(...).
      
      When testing, code that causes React state updates should be wrapped 
into act(...):
      
      act(() => {
        /* fire events that update state */
      });
      /* assert on the output */
      
      This ensures that you're testing the behavior the user would see in the 
browser. Learn more at https://reactjs.org/link/wrap-tests-with-act
          at isOpen (C:\
Users\USER\code_data\streamfi-frontend\components\tipping\TipModal.tsx:49:3)

    [0m [90m 86 |[39m           
setPriceFetchFailed([36mtrue[39m)[33m;[39m
     [90m 87 |[39m         })
    [31m[1m>[22m[39m[90m 88 |[39m         
[33m.[39m[36mfinally[39m(() [33m=>[39m 
setIsLoadingPrice([36mfalse[39m))[33m;[39m
     [90m    |[39m                        [31m[1m^[22m[39m
     [90m 89 |[39m     }
     [90m 90 |[39m   }[33m,[39m [isOpen])[33m;[39m
     [90m 91 |[39m[0m

      at printWarning 
(node_modules/react-dom/cjs/react-dom.development.js:86:30)
      at error (node_modules/react-dom/cjs/react-dom.development.js:60:7)
      at warnIfUpdatesNotWrappedWithActDEV 
(node_modules/react-dom/cjs/react-dom.development.js:27628:9)
      at scheduleUpdateOnFiber 
(node_modules/react-dom/cjs/react-dom.development.js:25547:5)
      at dispatchSetState 
(node_modules/react-dom/cjs/react-dom.development.js:16708:7)
      at setIsLoadingPrice (components/tipping/TipModal.tsx:88:24)

    console.error
      Warning: An update to TipModal inside a test was not wrapped in act(...).
      
      When testing, code that causes React state updates should be wrapped 
into act(...):
      
      act(() => {
        /* fire events that update state */
      });
      /* assert on the output */
      
      This ensures that you're testing the behavior the user would see in the 
browser. Learn more at https://reactjs.org/link/wrap-tests-with-act
          at isOpen (C:\Users\USER\code_data\streamfi-frontend\components\tippi
ng\TipModal.tsx:49:3)

    [0m [90m 79 |[39m       getXLMPrice()
     [90m 80 |[39m         [33m.[39mthen((price) [33m=>[39m {
    [31m[1m>[22m[39m[90m 81 |[39m           setXlmPrice(price)[33m;[39m
     [90m    |[39m           [31m[1m^[22m[39m
     [90m 82 |[39m           setPriceFetchFailed([36mfalse[39m)[33m;[39m
     [90m 83 |[39m         })
     [90m 84 |[39m         [33m.[39m[36mcatch[39m((err) [33m=>[39m 
{[0m

      at printWarning 
(node_modules/react-dom/cjs/react-dom.development.js:86:30)
      at error (node_modules/react-dom/cjs/react-dom.development.js:60:7)
      at warnIfUpdatesNotWrappedWithActDEV 
(node_modules/react-dom/cjs/react-dom.development.js:27628:9)
      at scheduleUpdateOnFiber 
(node_modules/react-dom/cjs/react-dom.development.js:25547:5)
      at dispatchSetState 
(node_modules/react-dom/cjs/react-dom.development.js:16708:7)
      at setXlmPrice (components/tipping/TipModal.tsx:81:11)

    console.error
      Warning: An update to TipModal inside a test was not wrapped in act(...).
      
      When testing, code that causes React state updates should be wrapped 
into act(...):
      
      act(() => {
        /* fire events that update state */
      });
      /* assert on the output */
      
      This ensures that you're testing the behavior the user would see in the 
browser. Learn more at https://reactjs.org/link/wrap-tests-with-act
          at isOpen (C:\Users\USER\code_data\streamfi-frontend\components\tippi
ng\TipModal.tsx:49:3)

    [0m [90m 80 |[39m         [33m.[39mthen((price) [33m=>[39m {
     [90m 81 |[39m           setXlmPrice(price)[33m;[39m
    [31m[1m>[22m[39m[90m 82 |[39m           
setPriceFetchFailed([36mfalse[39m)[33m;[39m
     [90m    |[39m           [31m[1m^[22m[39m
     [90m 83 |[39m         })
     [90m 84 |[39m         [33m.[39m[36mcatch[39m((err) [33m=>[39m {
     [90m 85 |[39m           console[33m.[39merror([32m"Failed to fetch 
XLM price:"[39m[33m,[39m err)[33m;[39m[0m

      at printWarning 
(node_modules/react-dom/cjs/react-dom.development.js:86:30)
      at error (node_modules/react-dom/cjs/react-dom.development.js:60:7)
      at warnIfUpdatesNotWrappedWithActDEV 
(node_modules/react-dom/cjs/react-dom.development.js:27628:9)
      at scheduleUpdateOnFiber 
(node_modules/react-dom/cjs/react-dom.development.js:25547:5)
      at dispatchSetState 
(node_modules/react-dom/cjs/react-dom.development.js:16708:7)
      at setPriceFetchFailed (components/tipping/TipM
odal.tsx:82:11)

    console.error
      Warning: An update to TipModal inside a test was not wrapped in act(...).
      
      When testing, code that causes React state updates should be wrapped 
into act(...):
      
      act(() => {
        /* fire events that update state */
      });
      /* assert on the output */
      
      This ensures that you're testing the behavior the user would see in the 
browser. Learn more at https://reactjs.org/link/wrap-tests-with-act
          at isOpen (C:\Users\USER\code_data\streamfi-frontend\components\tippi
ng\TipModal.tsx:49:3)

    [0m [90m 86 |[39m           
setPriceFetchFailed([36mtrue[39m)[33m;[39m
     [90m 87 |[39m         })
    [31m[1m>[22m[39m[90m 88 |[39m         
[33m.[39m[36mfinally[39m(() [33m=>[39m 
setIsLoadingPrice([36mfalse[39m))[33m;[39m
     [90m    |[39m                        [31m[1m^[22m[39m
     [90m 89 |[39m     }
     [90m 90 |[39m   }[33m,[39m [isOpen])[33m;[39m
     [90m 91 |[39m[0m

      at printWarning 
(node_modules/react-dom/cjs/react-dom.development.js:86:30)
      at error (node_modules/react-dom/cjs/react-dom.development.js:60:7)
      at warnIfUpdatesNotWrappedWithActDEV 
(node_modules/react-dom/cjs/react-dom.development.js:27628:9)
      at scheduleUpdateOnFiber 
(node_modules/react-dom/cjs/react-dom.development.js:25547:5)
      at dispatchSetState 
(node_modules/react-dom/cjs/react-dom.development.js:16708:7)
      at setIsLoadingPrice (components/tipping/TipModal.tsx:88:24)


  ΓùÅ TipButton ΓåÆ TipModal ΓåÆ TipConfirmation Integration ΓÇ║ Full Success 
Flow ΓÇ║ should complete full tipping flow from button click to success 
confirmation

    Found multiple elements with the text: Send Tip

    Here are the matching elements:

    Ignored nodes: comments, script, style
    [36m<button[39m
      [33mclass[39m=[32m"inline-flex items-center justify-center 
whitespace-nowrap rounded-md text-sm font-medium transition-colors 
focus-visible:outline-none focus-visible:ring-1 focus-visible:ring-ring 
disabled:pointer-events-none disabled:opacity-50 [&_svg]:pointer-events-none 
[&_svg]:size-4 [&_svg]:shrink-0 bg-primary shadow hover:bg-primary/90 h-9 px-4 
py-2 gap-2"[39m
      [33mtitle[39m=[32m"Send a tip to testuser"[39m
    [36m>[39m
      [36m<svg[39m
        [33mclass[39m=[32m"w-4 h-4"[39m
        [33mdata-testid[39m=[32m"icon-Gift"[39m
      [36m/>[39m
      [0mSend Tip[0m
    [36m</button>[39m

    Ignored nodes: comments, script, style
    [36m<h2>[39m
      [0mSend Tip[0m
    [36m</h2>[39m

    Ignored nodes: comments, script, style
    [36m<button[39m
      [33mclass[39m=[32m"inline-flex items-center justify-center gap-2 
whitespace-nowrap rounded-md text-sm font-medium transition-colors 
focus-visible:outline-none focus-visible:ring-1 focus-visible:ring-ring 
disabled:pointer-events-none disabled:opacity-50 [&_svg]:pointer-events-none 
[&_svg]:size-4 [&_svg]:shrink-0 bg-primary shadow hover:bg-primary/90 h-9 px-4 
py-2 flex-1"[39m
      [33mdisabled[39m=[32m""[39m
    [36m>[39m
      [0mSend Tip[0m
    [36m</button>[39m

    (If this is intentional, then use the `*AllBy*` variant of the query (like 
`queryAllByText`, `getAllByText`, or `findAllByText`)).

    Ignored nodes: comments, script, style
    [36m<body>[39m
      [36m<div>[39m
        [36m<button[39m
          [33mclass[39m=[32m"inline-flex items-center justify-center 
whitespace-nowrap rounded-md text-sm font-medium transition-colors 
focus-visible:outline-none focus-visible:ring-1 focus-visible:ring-ring 
disabled:pointer-events-none disabled:opacity-50 [&_svg]:pointer-events-none 
[&_svg]:size-4 [&_svg]:shrink-0 bg-primary shadow hover:bg-primary/90 h-9 px-4 
py-2 gap-2"[39m
          [33mtitle[39m=[32m"Send a tip to testuser"[39m
        [36m>[39m
          [36m<svg[39m
            [33mclass[39m=[32m"w-4 h-4"[39m
            [33mdata-testid[39m=[32m"icon-Gift"[39m
          [36m/>[39m
          [0mSend Tip[0m
        [36m</button>[39m
        [36m<div[39m
          [33mdata-testid[39m=[32m"dialog"[39m
          [33mstyle[39m=[32m"display: block;"[39m
        [36m>[39m
          [36m<div>[39m
            [36m<div>[39m
              [36m<h2>[39m
                [0mSend Tip[0m
              [36m</h2>[39m
              [36m<p>[39m
                [0mSend a tip to @testuser[0m
              [36m</p>[39m
            [36m</div>[39m
            [36m<div[39m
              [33mclass[39m=[32m"space-y-6 py-4"[39m
            [36m>[39m
              [36m<div[39m
                [33mclass[39m=[32m"flex items-center gap-3 p-3 bg-muted 
rounded-lg"[39m
              [36m>[39m
                [36m<div[39m
                  [33mdata-testid[39m=[32m"avatar"[39m
                [36m>[39m
                  [36m<img[39m
                    [33mdata-testid[39m=[32m"avatar-image"[39m
                  [36m/>[39m
                  [36m<div>[39m
                    [0mTE[0m
                  [36m</div>[39m
                [36m</div>[39m
                [36m<div>[39m
                  [36m<p[39m
                    [33mclass[39m=[32m"font-semibold"[39m
                  [36m>[39m
                    [0m@[0m
                    [0mtestuser[0m
                  [36m</p>[39m
                  [36m<p[39m
                    [33mclass[39m=[32m"text-xs text-muted-foreground 
truncate max-w-[200px]"[39m
                  [36m>[39m
                    [0mGXXXXXXXXXXXXXXXXXXXXXXXXXXXXXXXXXXXXXXXXXXXXXXXXXXXXX
X[0m
                  [36m</p>[39m
                [36m</div>[39m
              [36m</div>[39m
              [36m<div[39m
                [33mclass[39m=[32m"space-y-2"[39m
              [36m>[39m
                [36m<label[39m
                  [33mclass[39m=[32m"text-sm font-medium leading-none 
peer-disabled:cursor-not-allowed peer-disabled:opacity-70"[39m
                [36m>[39m
                  [0mSelect Amount[0m
                [36m</label>[39m
                [36m<div[39m
                  [33mclass[39m=[32m"grid grid-cols-4 gap-2"[39m
                [36m>[39m
                  [36m<button[39m
                    [33mclass[39m=[32m"inline-flex items-center 
justify-center gap-2 whitespace-nowrap rounded-md text-sm transition-colors 
focus-visible:outline-none focus-visible:ring-1 focus-visible:ring-ring 
disabled:pointer-events-none disabled:opacity-50 [&_svg]:pointer-events-none 
[&_svg]:size-4 [&_svg]:shrink-0 border border-input bg-background shadow-sm 
hover:bg-accent hover:text-accent-foreground h-9 px-4 py-2 font-semibold"[39m
                  [36m>[39m
                    [0m1[0m
                    [0m XLM[0m
                  [36m</button>[39m
                  [36m<button[39m
                    [33mclass[39m=[32m"inline-flex items-center 
justify-center gap-2 whitespace-nowrap rounded-md text-sm transition-colors 
focus-visible:outline-none focus-visible:ring-1 focus-visible:ring-ring 
disabled:pointer-events-none disabled:opacity-50 [&_svg]:pointer-events-none 
[&_svg]:size-4 [&_svg]:shrink-0 border border-input bg-background shadow-sm 
hover:bg-accent hover:text-accent-foreground h-9 px-4 py-2 font-semibold"[39m
                  [36m>[39m
                    [0m5[0m
                    [0m XLM[0m
                  [36m</button>[39m
                  [36m<button[39m
                    [33mclass[39m=[32m"inline-flex items-center 
justify-center gap-2 whitespace-nowrap rounded-md text-sm transition-colors 
focus-visible:outline-none focus-visible:ring-1 focus-visible:ring-ring 
disabled:pointer-events-none disabled:opacity-50 [&_svg]:pointer-events-none 
[&_svg]:size-4 [&_svg]:shrink-0 border border-input bg-background shadow-sm 
hover:bg-accent hover:text-accent-foreground h-9 px-4 py-2 font-semibold"[39m
                  [36m>[39m
                    [0m10[0m
                    [0m XLM[0m
                  [36m</button>[39m
                  [36m<button[39m
                    [33mclass[39m=[32m"inline-flex items-center 
justify-center gap-2 whitespace-nowrap rounded-md text-sm transition-colors 
focus-visible:outline-none focus-visible:ring-1 focus-visible:ring-ring 
disabled:pointer-events-none disabled:opacity-50 [&_svg]:pointer-events-none 
[&_svg]:size-4 [&_svg]:shrink-0 border border-input bg-background shadow-sm 
hover:bg-accent hover:text-accent-foreground h-9 px-4 py-2 font-semibold"[39m
                  [36m>[39m
                    [0m25[0m
                    [0m XLM[0m
                  [36m</button>[39m
                [36m</div>[39m
              [36m</div>[39m
              [36m<div[39m
                [33mclass[39m=[32m"space-y-2"[39m
              [36m>[39m
                [36m<label[39m
                  [33mclass[39m=[32m"text-sm font-medium leading-none 
peer-disabled:cursor-not-allowed peer-disabled:opacity-70"[39m
                  [33mfor[39m=[32m"custom-amount"[39m
                [36m>[39m
                  [0mOr Enter Custom Amount[0m
                [36m</label>[39m
                [36m<div[39m
                  [33mclass[39m=[32m"relative"[39m
                [36m>[39m
                  [36m<input[39m
                    [33mclass[39m=[32m"flex h-9 w-full rounded-md border 
border-input bg-transparent px-3 py-1 text-base shadow-sm transition-colors 
file:border-0 file:bg-transparent file:text-sm file:font-medium 
file:text-foreground placeholder:text-muted-foreground 
focus-visible:outline-none focus-visible:ring-1 focus-visible:ring-purple-500 
disabled:curso
r-not-allowed disabled:opacity-50 md:text-sm pr-12"[39m
                    [33mid[39m=[32m"custom-amount"[39m
                    [33mplaceholder[39m=[32m"0.00"[39m
                    [33mtype[39m=[32m"text"[39m
                    [33mvalue[39m=[32m""[39m
                  [36m/>[39m
                  [36m<span[39m
                    [33mclass[39m=[32m"absolute right-3 top-1/2 
-translate-y-1/2 text-muted-foreground text-sm"[39m
                  [36m>[39m
                    [0mXLM[0m
                  [36m</span>[39m
                [36m</div>[39m
                [36m<p[39m
                  [33mclass[39m=[32m"text-xs text-muted-foreground"[39m
                [36m>[39m
                  [0mMaximum: [0m
                  [0m10,000[0m
                  [0m XLM[0m
                [36m</p>[39m
              [36m</div>[39m
            [36m</div>[39m
            [36m<div>[39m
              [36m<div[39m
                [33mclass[39m=[32m"flex gap-2 w-full"[39m
              [36m>[39m
                [36m<button[39m
                  [33mclass[39m=[32m"inline-flex items-center 
justify-center gap-2 whitespace-nowrap rounded-md text-sm font-medium 
transition-colors focus-visible:outline-none focus-visible:ring-1 
focus-visible:ring-ring disabled:pointer-events-none disabled:opacity-50 
[&_svg]:pointer-events-none [&_svg]:size-4 [&_svg]:shrink-0 border 
border-input bg-background shadow-sm hover:bg-accent 
hover:text-accent-foreground h-9 px-4 py-2 flex-1"[39m
                [36m>[39m
                  [0mCancel[0m
                [36m</button>[39m
                [36m<button[39m
                  [33mclass[39m=[32m"inline-flex items-center 
justify-center gap-2 whitespace-nowrap rounded-md text-sm font-medium 
transition-colors focus-visible:outline-none focus-visible:ring-1 
focus-visible:ring-ring disabled:pointer-events-none disabled:opacity-50 
[&_svg]:pointer-events-none [&_svg]:size-4 [&_svg]:shrink-0 bg-primary shadow 
hover:bg-primary/90 h-9 px-4 py-2 flex-1"[39m
                  [33mdisabled[39m=[32m""[39m
                [36m>[39m
                  [0mSend Tip[0m
                [36m</button>[39m
              [36m</div>[39m
            [36m</div>[39m
          [36m</div>[39m
        [36m</div>[39m
      [36m</div>[39m
    [36m</body>[39m

    [0m [90m 121 |[39m
     [90m 122 |[39m       [90m// Enter amount and submit[39m
    [31m[1m>[22m[39m[90m 123 |[39m       [36mawait[39m waitFor(() 
[33m=>[39m {
     [90m     |[39m                    [31m[1m^[22m[39m
     [90m 124 |[39m         expect(screen[33m.[39mgetByText([32m"Send 
Tip"[39m))[33m.[39mtoBeInTheDocument()[33m;[39m
     [90m 125 |[39m       })[33m;[39m
     [90m 126 |[39m[0m

      at waitForWrapper 
(node_modules/@testing-library/dom/dist/wait-for.js:163:27)
      at Object.<anonymous> 
(components/tipping/__tests__/integration.test.tsx:123:20)

  ΓùÅ TipButton ΓåÆ TipModal ΓåÆ TipConfirmation Integration ΓÇ║ Wallet 
Disconnection Handling ΓÇ║ should handle wallet disconnection during 
transaction

    TestingLibraryElementError: Found multiple elements with the text: Send Tip

    Here are the matching elements:

    Ignored nodes: comments, script, style
    [36m<h2>[39m
      [0mSend Tip[0m
    [36m</h2>[39m

    Ignored nodes: comments, script, style
    [36m<button[39m
      [33mclass[39m=[32m"inline-flex items-center justify-center gap-2 
whitespace-nowrap rounded-md text-sm font-medium transition-colors 
focus-visible:outline-none focus-visible:ring-1 focus-visible:ring-ring 
disabled:pointer-events-none disabled:opacity-50 [&_svg]:pointer-events-none 
[&_svg]:size-4 [&_svg]:shrink-0 bg-primary shadow hover:bg-primary/90 h-9 px-4 
py-2 flex-1"[39m
    [36m>[39m
      [0mSend Tip[0m
    [36m</button>[39m

    (If this is intentional, then use the `*AllBy*` variant of the query (like 
`queryAllByText`, `getAllByText`, or `findAllByText`)).

    Ignored nodes: comments, script, style
    [36m<body>[39m
      [3
6m<div>[39m
        [36m<div[39m
          [33mdata-testid[39m=[32m"dialog"[39m
          [33mstyle[39m=[32m"display: block;"[39m
        [36m>[39m
          [36m<div>[39m
            [36m<div>[39m
              [36m<h2>[39m
                [0mSend Tip[0m
              [36m</h2>[39m
              [36m<p>[39m
                [0mSend a tip to @testuser[0m
              [36m</p>[39m
            [36m</div>[39m
            [36m<div[39m
              [33mclass[39m=[32m"space-y-6 py-4"[39m
            [36m>[39m
              [36m<div[39m
                [33mclass[39m=[32m"flex items-center gap-3 p-3 bg-muted 
rounded-lg"[39m
              [36m>[39m
                [36m<div[39m
                  [33mdata-testid[39m=[32m"avatar"[39m
                [36m>[39m
                  [36m<img[39m
                    [33mdata-testid[39m=[32m"avatar-image"[39m
                  [36m/>[39m
                  [36m<div>[39m
                    [0mTE[0m
                  [36m</div>[39m
                [36m</div>[39m
                [36m<div>[39m
                  [36m<p[39m
                    [33mclass[39m=[32m"font-semibold"[39m
                  [36m>[39m
                    [0m@[0m
                    [0mtestuser[0m
                  [36m</p>[39m
                  [36m<p[39m
                    [33mclass[39m=[32m"text-xs text-muted-foreground 
truncate max-w-[200px]"[39m
                  [36m>[39m
                    
[0mGXXXXXXXXXXXXXXXXXXXXXXXXXXXXXXXXXXXXXXXXXXXXXXXXXXXXXX[0m
                  [36m</p>[39m
                [36m</div>[39m
              [36m</div>[39m
              [36m<div[39m
                [33mclass[39m=[32m"space-y-2"[39m
              [36m>[39m
                [36m<label[39m
                  [33mclass[39m=[32m"text-sm font-medium leading-none 
peer-disabled:cursor-not-allowed peer-disabled:opacity-70"[39m
                [36m>[39m
                  [0mSelect Amount[0m
                [36m</label>[39m
                [36m<div[39m
                  [33mclass[39m=[32m"grid grid-cols-4 gap-2"[39m
                [36m>[39m
                  [36m<button[39m
                    [33mclass[39m=[32m"inline-flex items-center 
justify-center gap-2 whitespace-nowrap rounded-md text-sm transition-colors 
focus-visible:outline-none focus-visible:ring-1 focus-visible:ring-ring 
disabled:pointer-events-none disabled:opacity-50 [&_svg]:pointer-events-none 
[&_svg]:size-4 [&_svg]:shrink-0 border border-input bg-background shadow-sm 
hover:bg-accent hover:text-accent-foreground h-9 px-4 py-2 font-semibold"[39m
                  [36m>[39m
                    [0m1[0m
                    [0m XLM[0m
                  [36m</button>[39m
                  [36m<button[39m
                    [33mclass[39m=[32m"inline-flex items-center 
justify-center gap-2 whitespace-nowrap rounded-md text-sm transition-colors 
focus-visible:outline-none focus-visible:ring-1 focus-visible:ring-ring 
disabled:pointer-events-none disabled:opacity-50 [&_svg]:pointer-events-none 
[&_svg]:size-4 [&_svg]:shrink-0 bg-primary shadow hover:bg-primary/90 h-9 px-4 
py-2 font-semibold"[39m
                  [36m>[39m
                    [0m5[0m
                    [0m XLM[0m
                  [36m</button>[39m
                  [36m<button[39m
                    [33mclass[39m=[32m"inline-flex items-center 
justify-center gap-2 whitespace-nowrap rounded-md text-sm transition-colors 
focus-visible:outline-none focus-visible:ring-1 focus-visible:ring-ring 
disabled:pointer-events-none disabled:opacity-50 [&_svg]:pointer-events-none 
[&_svg]:size-4 [&_svg]:shrink-0 border border-input bg-background shadow-sm 
hover:bg-accent hover:text-accent-foreground h-9 px-4 py-2 font-semibold"[39m
                  [36m>[39m
                    [0m10[0m
                    [0m XLM[0m
                  [36m</button>[39m
                  [36m<button[39m
                    [33mclass[39m=[32m"inline-flex items-center 
justify-center 
gap-2 whitespace-nowrap rounded-md text-sm transition-colors 
focus-visible:outline-none focus-visible:ring-1 focus-visible:ring-ring 
disabled:pointer-events-none disabled:opacity-50 [&_svg]:pointer-events-none 
[&_svg]:size-4 [&_svg]:shrink-0 border border-input bg-background shadow-sm 
hover:bg-accent hover:text-accent-foreground h-9 px-4 py-2 font-semibold"[39m
                  [36m>[39m
                    [0m25[0m
                    [0m XLM[0m
                  [36m</button>[39m
                [36m</div>[39m
              [36m</div>[39m
              [36m<div[39m
                [33mclass[39m=[32m"space-y-2"[39m
              [36m>[39m
                [36m<label[39m
                  [33mclass[39m=[32m"text-sm font-medium leading-none 
peer-disabled:cursor-not-allowed peer-disabled:opacity-70"[39m
                  [33mfor[39m=[32m"custom-amount"[39m
                [36m>[39m
                  [0mOr Enter Custom Amount[0m
                [36m</label>[39m
                [36m<div[39m
                  [33mclass[39m=[32m"relative"[39m
                [36m>[39m
                  [36m<input[39m
                    [33mclass[39m=[32m"flex h-9 w-full rounded-md border 
border-input bg-transparent px-3 py-1 text-base shadow-sm transition-colors 
file:border-0 file:bg-transparent file:text-sm file:font-medium 
file:text-foreground placeholder:text-muted-foreground 
focus-visible:outline-none focus-visible:ring-1 focus-visible:ring-purple-500 
disabled:cursor-not-allowed disabled:opacity-50 md:text-sm pr-12"[39m
                    [33mid[39m=[32m"custom-amount"[39m
                    [33mplaceholder[39m=[32m"0.00"[39m
                    [33mtype[39m=[32m"text"[39m
                    [33mvalue[39m=[32m"5"[39m
                  [36m/>[39m
                  [36m<span[39m
                    [33mclass[39m=[32m"absolute right-3 top-1/2 
-translate-y-1/2 text-muted-foreground text-sm"[39m
                  [36m>[39m
                    [0mXLM[0m
                  [36m</span>[39m
                [36m</div>[39m
                [36m<p[39m
                  [33mclass[39m=[32m"text-xs text-muted-foreground"[39m
                [36m>[39m
                  [0mMaximum: [0m
                  [0m10,000[0m
                  [0m XLM[0m
                [36m</p>[39m
              [36m</div>[39m
              [36m<div[39m
                [33mclass[39m=[32m"space-y-2 p-3 bg-muted rounded-lg 
text-sm"[39m
              [36m>[39m
                [36m<div[39m
                  [33mclass[39m=[32m"flex justify-between"[39m
                [36m>[39m
                  [36m<span[39m
                    [33mclass[39m=[32m"text-muted-foreground"[39m
                  [36m>[39m
                    [0mAmount:[0m
                  [36m</span>[39m
                  [36m<span[39m
                    [33mclass[39m=[32m"font-semibold"[39m
                  [36m>[39m
                    [0m5[0m
                    [0m XLM[0m
                  [36m</span>[39m
                [36m</div>[39m
                [36m<div[39m
                  [33mclass[39m=[32m"flex justify-between"[39m
                [36m>[39m
                  [36m<span[39m
                    [33mclass[39m=[32m"text-muted-foreground"[39m
                  [36m>[39m
                    [0mNetwork Fee:[0m
                  [36m</span>[39m
                  [36m<span[39m
                    [33mclass[39m=[32m"font-semibold"[39m
                  [36m>[39m
                    [0m0.0000100[0m
                    [0m XLM[0m
                  [36m</span>[39m
                [36m</div>[39m
                [36m<div[39m
                  [33mclass[39m=[32m"border-t border-border pt-2 flex 
justify-between font-semibold"[39m
                [36m>[39m
                  [36m<span>[39m
                    [0mTotal:[0m
                  [36m</span>[39m
                  [36m<span>[39m
                    [0m5.0000100[0m
     
               [0m XLM[0m
                  [36m</span>[39m
                [36m</div>[39m
              [36m</div>[39m
            [36m</div>[39m
            [36m<div>[39m
              [36m<div[39m
                [33mclass[39m=[32m"flex gap-2 w-full"[39m
              [36m>[39m
                [36m<button[39m
                  [33mclass[39m=[32m"inline-flex items-center 
justify-center gap-2 whitespace-nowrap rounded-md text-sm font-medium 
transition-colors focus-visible:outline-none focus-visible:ring-1 
focus-visible:ring-ring disabled:pointer-events-none disabled:opacity-50 
[&_svg]:pointer-events-none [&_svg]:size-4 [&_svg]:shrink-0 border 
border-input bg-background shadow-sm hover:bg-accent 
hover:text-accent-foreground h-9 px-4 py-2 flex-1"[39m
                [36m>[39m
                  [0mCancel[0m
                [36m</button>[39m
                [36m<button[39m
                  [33mclass[39m=[32m"inline-flex items-center 
justify-center gap-2 whitespace-nowrap rounded-md text-sm font-medium 
transition-colors focus-visible:outline-none focus-visible:ring-1 
focus-visible:ring-ring disabled:pointer-events-none disabled:opacity-50 
[&_svg]:pointer-events-none [&_svg]:size-4 [&_svg]:shrink-0 bg-primary shadow 
hover:bg-primary/90 h-9 px-4 py-2 flex-1"[39m
                [36m>[39m
                  [0mSend Tip[0m
                [36m</button>[39m
              [36m</div>[39m
            [36m</div>[39m
          [36m</div>[39m
        [36m</div>[39m
      [36m</div>[39m
    [36m</body>[39m

    [0m [90m 183 |[39m       fireEvent[33m.[39mchange(input[33m,[39m { 
target[33m:[39m { value[33m:[39m [32m"5"[39m } })[33m;[39m
     [90m 184 |[39m
    [31m[1m>[22m[39m[90m 185 |[39m       [36mconst[39m submitButton 
[33m=[39m screen[33m.[39mgetByText([32m"Send Tip"[39m)[33m;[39m
     [90m     |[39m                                   [31m[1m^[22m[39m
     [90m 186 |[39m       fireEvent[33m.[39mclick(submitButton)[33m;[39m
     [90m 187 |[39m
     [90m 188 |[39m       [36mawait[39m waitFor(() [33m=>[39m {[0m

      at Object.getElementError 
(node_modules/@testing-library/dom/dist/config.js:37:19)
      at getElementError 
(node_modules/@testing-library/dom/dist/query-helpers.js:20:35)
      at getMultipleElementsFoundError 
(node_modules/@testing-library/dom/dist/query-helpers.js:23:10)
      at node_modules/@testing-library/dom/dist/query-helpers.js:55:13
      at node_modules/@testing-library/dom/dist/query-helpers.js:95:19
      at Object.getByText 
(components/tipping/__tests__/integration.test.tsx:185:35)

  ΓùÅ TipButton ΓåÆ TipModal ΓåÆ TipConfirmation Integration ΓÇ║ Missing 
Public Key Handling ΓÇ║ should handle missing sender public key gracefully

    TestingLibraryElementError: Found multiple elements with the text: Send Tip

    Here are the matching elements:

    Ignored nodes: comments, script, style
    [36m<h2>[39m
      [0mSend Tip[0m
    [36m</h2>[39m

    Ignored nodes: comments, script, style
    [36m<button[39m
      [33mclass[39m=[32m"inline-flex items-center justify-center gap-2 
whitespace-nowrap rounded-md text-sm font-medium transition-colors 
focus-visible:outline-none focus-visible:ring-1 focus-visible:ring-ring 
disabled:pointer-events-none disabled:opacity-50 [&_svg]:pointer-events-none 
[&_svg]:size-4 [&_svg]:shrink-0 bg-primary shadow hover:bg-primary/90 h-9 px-4 
py-2 flex-1"[39m
    [36m>[39m
      [0mSend Tip[0m
    [36m</button>[39m

    (If this is intentional, then use the `*AllBy*` variant of the query (like 
`queryAllByText`, `getAllByText`, or `findAllByText`)).

    Ignored nodes: comments, script, style
    [36m<body>[39m
      [36m<div>[39m
        [36m<div[39m
          [33mdata-testid[39m=[32m"dialog"[39m
          [33mstyle[39m=[32m"display: block;"[39m
        [36m>[39m
          [36m<div>[39m
            [36m<div>[39m
              [36m<h2>[39m
                [0mSend Tip[0m
              [36m</h2>[39m
              [36m<p>[39m
             
   [0mSend a tip to @testuser[0m
              [36m</p>[39m
            [36m</div>[39m
            [36m<div[39m
              [33mclass[39m=[32m"space-y-6 py-4"[39m
            [36m>[39m
              [36m<div[39m
                [33mclass[39m=[32m"flex items-center gap-3 p-3 bg-muted 
rounded-lg"[39m
              [36m>[39m
                [36m<div[39m
                  [33mdata-testid[39m=[32m"avatar"[39m
                [36m>[39m
                  [36m<img[39m
                    [33mdata-testid[39m=[32m"avatar-image"[39m
                  [36m/>[39m
                  [36m<div>[39m
                    [0mTE[0m
                  [36m</div>[39m
                [36m</div>[39m
                [36m<div>[39m
                  [36m<p[39m
                    [33mclass[39m=[32m"font-semibold"[39m
                  [36m>[39m
                    [0m@[0m
                    [0mtestuser[0m
                  [36m</p>[39m
                  [36m<p[39m
                    [33mclass[39m=[32m"text-xs text-muted-foreground 
truncate max-w-[200px]"[39m
                  [36m>[39m
                    
[0mGXXXXXXXXXXXXXXXXXXXXXXXXXXXXXXXXXXXXXXXXXXXXXXXXXXXXXX[0m
                  [36m</p>[39m
                [36m</div>[39m
              [36m</div>[39m
              [36m<div[39m
                [33mclass[39m=[32m"space-y-2"[39m
              [36m>[39m
                [36m<label[39m
                  [33mclass[39m=[32m"text-sm font-medium leading-none 
peer-disabled:cursor-not-allowed peer-disabled:opacity-70"[39m
                [36m>[39m
                  [0mSelect Amount[0m
                [36m</label>[39m
                [36m<div[39m
                  [33mclass[39m=[32m"grid grid-cols-4 gap-2"[39m
                [36m>[39m
                  [36m<button[39m
                    [33mclass[39m=[32m"inline-flex items-center 
justify-center gap-2 whitespace-nowrap rounded-md text-sm transition-colors 
focus-visible:outline-none focus-visible:ring-1 focus-visible:ring-ring 
disabled:pointer-events-none disabled:opacity-50 [&_svg]:pointer-events-none 
[&_svg]:size-4 [&_svg]:shrink-0 border border-input bg-background shadow-sm 
hover:bg-accent hover:text-accent-foreground h-9 px-4 py-2 font-semibold"[39m
                  [36m>[39m
                    [0m1[0m
                    [0m XLM[0m
                  [36m</button>[39m
                  [36m<button[39m
                    [33mclass[39m=[32m"inline-flex items-center 
justify-center gap-2 whitespace-nowrap rounded-md text-sm transition-colors 
focus-visible:outline-none focus-visible:ring-1 focus-visible:ring-ring 
disabled:pointer-events-none disabled:opacity-50 [&_svg]:pointer-events-none 
[&_svg]:size-4 [&_svg]:shrink-0 bg-primary shadow hover:bg-primary/90 h-9 px-4 
py-2 font-semibold"[39m
                  [36m>[39m
                    [0m5[0m
                    [0m XLM[0m
                  [36m</button>[39m
                  [36m<button[39m
                    [33mclass[39m=[32m"inline-flex items-center 
justify-center gap-2 whitespace-nowrap rounded-md text-sm transition-colors 
focus-visible:outline-none focus-visible:ring-1 focus-visible:ring-ring 
disabled:pointer-events-none disabled:opacity-50 [&_svg]:pointer-events-none 
[&_svg]:size-4 [&_svg]:shrink-0 border border-input bg-background shadow-sm 
hover:bg-accent hover:text-accent-foreground h-9 px-4 py-2 font-semibold"[39m
                  [36m>[39m
                    [0m10[0m
                    [0m XLM[0m
                  [36m</button>[39m
                  [36m<button[39m
                    [33mclass[39m=[32m"inline-flex items-center 
justify-center gap-2 whitespace-nowrap rounded-md text-sm transition-colors 
focus-visible:outline-none focus-visible:ring-1 focus-visible:ring-ring 
disabled:pointer-events-none disabled:opacity-50 [&_svg]:pointer-events-none 
[&_svg]:size-4 [&_svg]:shrink-0 border border-input bg-background shadow-sm 
hover:bg-accent hover:text-accent-foreground h-9 px-4 py-2 fon
t-semibold"[39m
                  [36m>[39m
                    [0m25[0m
                    [0m XLM[0m
                  [36m</button>[39m
                [36m</div>[39m
              [36m</div>[39m
              [36m<div[39m
                [33mclass[39m=[32m"space-y-2"[39m
              [36m>[39m
                [36m<label[39m
                  [33mclass[39m=[32m"text-sm font-medium leading-none 
peer-disabled:cursor-not-allowed peer-disabled:opacity-70"[39m
                  [33mfor[39m=[32m"custom-amount"[39m
                [36m>[39m
                  [0mOr Enter Custom Amount[0m
                [36m</label>[39m
                [36m<div[39m
                  [33mclass[39m=[32m"relative"[39m
                [36m>[39m
                  [36m<input[39m
                    [33mclass[39m=[32m"flex h-9 w-full rounded-md border 
border-input bg-transparent px-3 py-1 text-base shadow-sm transition-colors 
file:border-0 file:bg-transparent file:text-sm file:font-medium 
file:text-foreground placeholder:text-muted-foreground 
focus-visible:outline-none focus-visible:ring-1 focus-visible:ring-purple-500 
disabled:cursor-not-allowed disabled:opacity-50 md:text-sm pr-12"[39m
                    [33mid[39m=[32m"custom-amount"[39m
                    [33mplaceholder[39m=[32m"0.00"[39m
                    [33mtype[39m=[32m"text"[39m
                    [33mvalue[39m=[32m"5"[39m
                  [36m/>[39m
                  [36m<span[39m
                    [33mclass[39m=[32m"absolute right-3 top-1/2 
-translate-y-1/2 text-muted-foreground text-sm"[39m
                  [36m>[39m
                    [0mXLM[0m
                  [36m</span>[39m
                [36m</div>[39m
                [36m<p[39m
                  [33mclass[39m=[32m"text-xs text-muted-foreground"[39m
                [36m>[39m
                  [0mMaximum: [0m
                  [0m10,000[0m
                  [0m XLM[0m
                [36m</p>[39m
              [36m</div>[39m
              [36m<div[39m
                [33mclass[39m=[32m"space-y-2 p-3 bg-muted rounded-lg 
text-sm"[39m
              [36m>[39m
                [36m<div[39m
                  [33mclass[39m=[32m"flex justify-between"[39m
                [36m>[39m
                  [36m<span[39m
                    [33mclass[39m=[32m"text-muted-foreground"[39m
                  [36m>[39m
                    [0mAmount:[0m
                  [36m</span>[39m
                  [36m<span[39m
                    [33mclass[39m=[32m"font-semibold"[39m
                  [36m>[39m
                    [0m5[0m
                    [0m XLM[0m
                  [36m</span>[39m
                [36m</div>[39m
                [36m<div[39m
                  [33mclass[39m=[32m"flex justify-between"[39m
                [36m>[39m
                  [36m<span[39m
                    [33mclass[39m=[32m"text-muted-foreground"[39m
                  [36m>[39m
                    [0mNetwork Fee:[0m
                  [36m</span>[39m
                  [36m<span[39m
                    [33mclass[39m=[32m"font-semibold"[39m
                  [36m>[39m
                    [0m0.0000100[0m
                    [0m XLM[0m
                  [36m</span>[39m
                [36m</div>[39m
                [36m<div[39m
                  [33mclass[39m=[32m"border-t border-border pt-2 flex 
justify-between font-semibold"[39m
                [36m>[39m
                  [36m<span>[39m
                    [0mTotal:[0m
                  [36m</span>[39m
                  [36m<span>[39m
                    [0m5.0000100[0m
                    [0m XLM[0m
                  [36m</span>[39m
                [36m</div>[39m
              [36m</div>[39m
            [36m</div>[39m
            [36m<div>[39m
              [36m<div[39m
                [33mclass[39m=[32m"flex gap-2 w-full"[39m
              [36m>[39m
                [36m<button[39m
            
      [33mclass[39m=[32m"inline-flex items-center justify-center gap-2 
whitespace-nowrap rounded-md text-sm font-medium transition-colors 
focus-visible:outline-none focus-visible:ring-1 focus-visible:ring-ring 
disabled:pointer-events-none disabled:opacity-50 [&_svg]:pointer-events-none 
[&_svg]:size-4 [&_svg]:shrink-0 border border-input bg-background shadow-sm 
hover:bg-accent hover:text-accent-foreground h-9 px-4 py-2 flex-1"[39m
                [36m>[39m
                  [0mCancel[0m
                [36m</button>[39m
                [36m<button[39m
                  [33mclass[39m=[32m"inline-flex items-center 
justify-center gap-2 whitespace-nowrap rounded-md text-sm font-medium 
transition-colors focus-visible:outline-none focus-visible:ring-1 
focus-visible:ring-ring disabled:pointer-events-none disabled:opacity-50 
[&_svg]:pointer-events-none [&_svg]:size-4 [&_svg]:shrink-0 bg-primary shadow 
hover:bg-primary/90 h-9 px-4 py-2 flex-1"[39m
                [36m>[39m
                  [0mSend Tip[0m
                [36m</button>[39m
              [36m</div>[39m
            [36m</div>[39m
          [36m</div>[39m
        [36m</div>[39m
      [36m</div>[39m
    [36m</body>[39m

    [0m [90m 233 |[39m       fireEvent[33m.[39mchange(input[33m,[39m { 
target[33m:[39m { value[33m:[39m [32m"5"[39m } })[33m;[39m
     [90m 234 |[39m
    [31m[1m>[22m[39m[90m 235 |[39m       [36mconst[39m submitButton 
[33m=[39m screen[33m.[39mgetByText([32m"Send Tip"[39m)[33m;[39m
     [90m     |[39m                                   [31m[1m^[22m[39m
     [90m 236 |[39m       fireEvent[33m.[39mclick(submitButton)[33m;[39m
     [90m 237 |[39m
     [90m 238 |[39m       [90m// Should show error about invalid sender 
address[39m[0m

      at Object.getElementError 
(node_modules/@testing-library/dom/dist/config.js:37:19)
      at getElementError 
(node_modules/@testing-library/dom/dist/query-helpers.js:20:35)
      at getMultipleElementsFoundError 
(node_modules/@testing-library/dom/dist/query-helpers.js:23:10)
      at node_modules/@testing-library/dom/dist/query-helpers.js:55:13
      at node_modules/@testing-library/dom/dist/query-helpers.js:95:19
      at Object.getByText 
(components/tipping/__tests__/integration.test.tsx:235:35)

  ΓùÅ TipButton ΓåÆ TipModal ΓåÆ TipConfirmation Integration ΓÇ║ Edge Case 
Integration ΓÇ║ should handle modal close during transaction

    TestingLibraryElementError: Found multiple elements with the text: Send Tip

    Here are the matching elements:

    Ignored nodes: comments, script, style
    [36m<h2>[39m
      [0mSend Tip[0m
    [36m</h2>[39m

    Ignored nodes: comments, script, style
    [36m<button[39m
      [33mclass[39m=[32m"inline-flex items-center justify-center gap-2 
whitespace-nowrap rounded-md text-sm font-medium transition-colors 
focus-visible:outline-none focus-visible:ring-1 focus-visible:ring-ring 
disabled:pointer-events-none disabled:opacity-50 [&_svg]:pointer-events-none 
[&_svg]:size-4 [&_svg]:shrink-0 bg-primary shadow hover:bg-primary/90 h-9 px-4 
py-2 flex-1"[39m
    [36m>[39m
      [0mSend Tip[0m
    [36m</button>[39m

    (If this is intentional, then use the `*AllBy*` variant of the query (like 
`queryAllByText`, `getAllByText`, or `findAllByText`)).

    Ignored nodes: comments, script, style
    [36m<body>[39m
      [36m<div>[39m
        [36m<div[39m
          [33mdata-testid[39m=[32m"dialog"[39m
          [33mstyle[39m=[32m"display: block;"[39m
        [36m>[39m
          [36m<div>[39m
            [36m<div>[39m
              [36m<h2>[39m
                [0mSend Tip[0m
              [36m</h2>[39m
              [36m<p>[39m
                [0mSend a tip to @testuser[0m
              [36m</p>[39m
            [36m</div>[39m
            [36m<div[39m
              [33mclass[39m=[32m"space-y-6 py-4"[39m
            [36m>[39m
              [36m<div[39m
                [33mclass[39m=[32m"flex items-center gap-3 p-3 bg-muted 
rounded-lg"[39m
              [36m>
[39m
                [36m<div[39m
                  [33mdata-testid[39m=[32m"avatar"[39m
                [36m>[39m
                  [36m<img[39m
                    [33mdata-testid[39m=[32m"avatar-image"[39m
                  [36m/>[39m
                  [36m<div>[39m
                    [0mTE[0m
                  [36m</div>[39m
                [36m</div>[39m
                [36m<div>[39m
                  [36m<p[39m
                    [33mclass[39m=[32m"font-semibold"[39m
                  [36m>[39m
                    [0m@[0m
                    [0mtestuser[0m
                  [36m</p>[39m
                  [36m<p[39m
                    [33mclass[39m=[32m"text-xs text-muted-foreground 
truncate max-w-[200px]"[39m
                  [36m>[39m
                    
[0mGXXXXXXXXXXXXXXXXXXXXXXXXXXXXXXXXXXXXXXXXXXXXXXXXXXXXXX[0m
                  [36m</p>[39m
                [36m</div>[39m
              [36m</div>[39m
              [36m<div[39m
                [33mclass[39m=[32m"space-y-2"[39m
              [36m>[39m
                [36m<label[39m
                  [33mclass[39m=[32m"text-sm font-medium leading-none 
peer-disabled:cursor-not-allowed peer-disabled:opacity-70"[39m
                [36m>[39m
                  [0mSelect Amount[0m
                [36m</label>[39m
                [36m<div[39m
                  [33mclass[39m=[32m"grid grid-cols-4 gap-2"[39m
                [36m>[39m
                  [36m<button[39m
                    [33mclass[39m=[32m"inline-flex items-center 
justify-center gap-2 whitespace-nowrap rounded-md text-sm transition-colors 
focus-visible:outline-none focus-visible:ring-1 focus-visible:ring-ring 
disabled:pointer-events-none disabled:opacity-50 [&_svg]:pointer-events-none 
[&_svg]:size-4 [&_svg]:shrink-0 border border-input bg-background shadow-sm 
hover:bg-accent hover:text-accent-foreground h-9 px-4 py-2 font-semibold"[39m
                  [36m>[39m
                    [0m1[0m
                    [0m XLM[0m
                  [36m</button>[39m
                  [36m<button[39m
                    [33mclass[39m=[32m"inline-flex items-center 
justify-center gap-2 whitespace-nowrap rounded-md text-sm transition-colors 
focus-visible:outline-none focus-visible:ring-1 focus-visible:ring-ring 
disabled:pointer-events-none disabled:opacity-50 [&_svg]:pointer-events-none 
[&_svg]:size-4 [&_svg]:shrink-0 bg-primary shadow hover:bg-primary/90 h-9 px-4 
py-2 font-semibold"[39m
                  [36m>[39m
                    [0m5[0m
                    [0m XLM[0m
                  [36m</button>[39m
                  [36m<button[39m
                    [33mclass[39m=[32m"inline-flex items-center 
justify-center gap-2 whitespace-nowrap rounded-md text-sm transition-colors 
focus-visible:outline-none focus-visible:ring-1 focus-visible:ring-ring 
disabled:pointer-events-none disabled:opacity-50 [&_svg]:pointer-events-none 
[&_svg]:size-4 [&_svg]:shrink-0 border border-input bg-background shadow-sm 
hover:bg-accent hover:text-accent-foreground h-9 px-4 py-2 font-semibold"[39m
                  [36m>[39m
                    [0m10[0m
                    [0m XLM[0m
                  [36m</button>[39m
                  [36m<button[39m
                    [33mclass[39m=[32m"inline-flex items-center 
justify-center gap-2 whitespace-nowrap rounded-md text-sm transition-colors 
focus-visible:outline-none focus-visible:ring-1 focus-visible:ring-ring 
disabled:pointer-events-none disabled:opacity-50 [&_svg]:pointer-events-none 
[&_svg]:size-4 [&_svg]:shrink-0 border border-input bg-background shadow-sm 
hover:bg-accent hover:text-accent-foreground h-9 px-4 py-2 font-semibold"[39m
                  [36m>[39m
                    [0m25[0m
                    [0m XLM[0m
                  [36m</button>[39m
                [36m</div>[39m
              [36m</div>[39m
              [36m<div[39m
                [33mclass[39m=[32m"space-y-2"[39m
              [36m>[39m
                [36
m<label[39m
                  [33mclass[39m=[32m"text-sm font-medium leading-none 
peer-disabled:cursor-not-allowed peer-disabled:opacity-70"[39m
                  [33mfor[39m=[32m"custom-amount"[39m
                [36m>[39m
                  [0mOr Enter Custom Amount[0m
                [36m</label>[39m
                [36m<div[39m
                  [33mclass[39m=[32m"relative"[39m
                [36m>[39m
                  [36m<input[39m
                    [33mclass[39m=[32m"flex h-9 w-full rounded-md border 
border-input bg-transparent px-3 py-1 text-base shadow-sm transition-colors 
file:border-0 file:bg-transparent file:text-sm file:font-medium 
file:text-foreground placeholder:text-muted-foreground 
focus-visible:outline-none focus-visible:ring-1 focus-visible:ring-purple-500 
disabled:cursor-not-allowed disabled:opacity-50 md:text-sm pr-12"[39m
                    [33mid[39m=[32m"custom-amount"[39m
                    [33mplaceholder[39m=[32m"0.00"[39m
                    [33mtype[39m=[32m"text"[39m
                    [33mvalue[39m=[32m"5"[39m
                  [36m/>[39m
                  [36m<span[39m
                    [33mclass[39m=[32m"absolute right-3 top-1/2 
-translate-y-1/2 text-muted-foreground text-sm"[39m
                  [36m>[39m
                    [0mXLM[0m
                  [36m</span>[39m
                [36m</div>[39m
                [36m<p[39m
                  [33mclass[39m=[32m"text-xs text-muted-foreground"[39m
                [36m>[39m
                  [0mMaximum: [0m
                  [0m10,000[0m
                  [0m XLM[0m
                [36m</p>[39m
              [36m</div>[39m
              [36m<div[39m
                [33mclass[39m=[32m"space-y-2 p-3 bg-muted rounded-lg 
text-sm"[39m
              [36m>[39m
                [36m<div[39m
                  [33mclass[39m=[32m"flex justify-between"[39m
                [36m>[39m
                  [36m<span[39m
                    [33mclass[39m=[32m"text-muted-foreground"[39m
                  [36m>[39m
                    [0mAmount:[0m
                  [36m</span>[39m
                  [36m<span[39m
                    [33mclass[39m=[32m"font-semibold"[39m
                  [36m>[39m
                    [0m5[0m
                    [0m XLM[0m
                  [36m</span>[39m
                [36m</div>[39m
                [36m<div[39m
                  [33mclass[39m=[32m"flex justify-between"[39m
                [36m>[39m
                  [36m<span[39m
                    [33mclass[39m=[32m"text-muted-foreground"[39m
                  [36m>[39m
                    [0mNetwork Fee:[0m
                  [36m</span>[39m
                  [36m<span[39m
                    [33mclass[39m=[32m"font-semibold"[39m
                  [36m>[39m
                    [0m0.0000100[0m
                    [0m XLM[0m
                  [36m</span>[39m
                [36m</div>[39m
                [36m<div[39m
                  [33mclass[39m=[32m"border-t border-border pt-2 flex 
justify-between font-semibold"[39m
                [36m>[39m
                  [36m<span>[39m
                    [0mTotal:[0m
                  [36m</span>[39m
                  [36m<span>[39m
                    [0m5.0000100[0m
                    [0m XLM[0m
                  [36m</span>[39m
                [36m</div>[39m
              [36m</div>[39m
            [36m</div>[39m
            [36m<div>[39m
              [36m<div[39m
                [33mclass[39m=[32m"flex gap-2 w-full"[39m
              [36m>[39m
                [36m<button[39m
                  [33mclass[39m=[32m"inline-flex items-center 
justify-center gap-2 whitespace-nowrap rounded-md text-sm font-medium 
transition-colors focus-visible:outline-none focus-visible:ring-1 
focus-visible:ring-ring disabled:pointer-events-none disabled:opacity-50 
[&_svg]:pointer-events-none [&_svg]:size-4 [&_svg]:shrink-0 border 
border-input 
bg-background shadow-sm hover:bg-accent hover:text-accent-foreground h-9 px-4 
py-2 flex-1"[39m
                [36m>[39m
                  [0mCancel[0m
                [36m</button>[39m
                [36m<button[39m
                  [33mclass[39m=[32m"inline-flex items-center 
justify-center gap-2 whitespace-nowrap rounded-md text-sm font-medium 
transition-colors focus-visible:outline-none focus-visible:ring-1 
focus-visible:ring-ring disabled:pointer-events-none disabled:opacity-50 
[&_svg]:pointer-events-none [&_svg]:size-4 [&_svg]:shrink-0 bg-primary shadow 
hover:bg-primary/90 h-9 px-4 py-2 flex-1"[39m
                [36m>[39m
                  [0mSend Tip[0m
                [36m</button>[39m
              [36m</div>[39m
            [36m</div>[39m
          [36m</div>[39m
        [36m</div>[39m
      [36m</div>[39m
    [36m</body>[39m

    [0m [90m 323 |[39m       fireEvent[33m.[39mchange(input[33m,[39m { 
target[33m:[39m { value[33m:[39m [32m"5"[39m } })[33m;[39m
     [90m 324 |[39m
    [31m[1m>[22m[39m[90m 325 |[39m       [36mconst[39m submitButton 
[33m=[39m screen[33m.[39mgetByText([32m"Send Tip"[39m)[33m;[39m
     [90m     |[39m                                   [31m[1m^[22m[39m
     [90m 326 |[39m       fireEvent[33m.[39mclick(submitButton)[33m;[39m
     [90m 327 |[39m
     [90m 328 |[39m       [90m// Cancel button should be disabled during 
processing[39m[0m

      at Object.getElementError 
(node_modules/@testing-library/dom/dist/config.js:37:19)
      at getElementError 
(node_modules/@testing-library/dom/dist/query-helpers.js:20:35)
      at getMultipleElementsFoundError 
(node_modules/@testing-library/dom/dist/query-helpers.js:23:10)
      at node_modules/@testing-library/dom/dist/query-helpers.js:55:13
      at node_modules/@testing-library/dom/dist/query-helpers.js:95:19
      at Object.getByText 
(components/tipping/__tests__/integration.test.tsx:325:35)


FAIL components/tipping/__tests__/TipCounter.test.tsx (7.226 s)

  ΓùÅ Console

    console.error
      Failed to fetch XLM price Error: Price fetch failed
          at C:\Users\USER\code_data\streamfi-frontend\components\tipping\TipCo
unter.tsx:143:32
          at processTicksAndRejections 
(node:internal/process/task_queues:105:5)

    [0m [90m 145 |[39m             
setXlmPrice(parseFloat(json[33m.[39mdata[33m.[39mamount))[33m;[39m
     [90m 146 |[39m         } [36mcatch[39m (err) {
    [31m[1m>[22m[39m[90m 147 |[39m             
console[33m.[39merror([32m"Failed to fetch XLM price"[39m[33m,[39m 
err)[33m;[39m
     [90m     |[39m                     [31m[1m^[22m[39m
     [90m 148 |[39m             [90m// Fallback price if API fails 
(approximate current value)[39m
     [90m 149 |[39m             [36mif[39m ([33m![39mxlmPrice) 
setXlmPrice([35m0.08[39m)[33m;[39m
     [90m 150 |[39m         }[0m

      at error (components/tipping/TipCounter.tsx:147:21)

    console.error
      Failed to fetch XLM price Error: Price fetch failed
          at C:\Users\USER\code_data\streamfi-frontend\components\tipping\TipCo
unter.tsx:143:32

    [0m [90m 145 |[39m             
setXlmPrice(parseFloat(json[33m.[39mdata[33m.[39mamount))[33m;[39m
     [90m 146 |[39m         } [36mcatch[39m (err) {
    [31m[1m>[22m[39m[90m 147 |[39m             
console[33m.[39merror([32m"Failed to fetch XLM price"[39m[33m,[39m 
err)[33m;[39m
     [90m     |[39m                     [31m[1m^[22m[39m
     [90m 148 |[39m             [90m// Fallback price if API fails 
(approximate current value)[39m
     [90m 149 |[39m             [36mif[39m ([33m![39mxlmPrice) 
setXlmPrice([35m0.08[39m)[33m;[39m
     [90m 150 |[39m         }[0m

      at error (components/tipping/TipCounter.tsx:147:21)

    console.error
      Failed to fetch XLM price Error: Price fetch failed
          at C:\Users\USER\code_data\streamfi-frontend\components\tipping\TipCo
unter.tsx:143:32

    [0m [90m 145 |[39m             
setXlmPrice(parseFloat(json[33m.[39mdata[33m.[39mamount))[33m;[39m
     [90m 146 |[39m         } [36mcatch[39m (err) {
    [31m[1m>[22m[39m[90m 147 |[39m             
console[33m.[39merror([32m"Failed to fetch XLM price"[39m[33m,[39m 
err)[33m;[39m
     [90m     |[39m                     [31m[1m^[22m[39m
     [90m 148 |[39m             [90m// Fallback price if API fails 
(approximate current value)[39m
     [90m 149 |[39m             [36mif[39m ([33m![39mxlmPrice) 
setXlmPrice([35m0.08[39m)[33m;[39m
     [90m 150 |[39m         }[0m

      at error (components/tipping/TipCounter.tsx:147:21)

    console.error
      Failed to fetch XLM price Error: Price fetch failed
          at C:\Users\USER\code_data\streamfi-frontend\components\tipping\TipCo
unter.tsx:143:32

    [0m [90m 145 |[39m             
setXlmPrice(parseFloat(json[33m.[39mdata[33m.[39mamount))[33m;[39m
     [90m 146 |[39m         } [36mcatch[39m (err) {
    [31m[1m>[22m[39m[90m 147 |[39m             
console[33m.[39merror([32m"Failed to fetch XLM price"[39m[33m,[39m 
err)[33m;[39m
     [90m     |[39m                     [31m[1m^[22m[39m
     [90m 148 |[39m             [90m// Fallback price if API fails 
(approximate current value)[39m
     [90m 149 |[39m             [36mif[39m ([33m![39mxlmPrice) 
setXlmPrice([35m0.08[39m)[33m;[39m
     [90m 150 |[39m         }[0m

      at error (components/tipping/TipCounter.tsx:147:21)

    console.error
      Failed to fetch XLM price Error: Price fetch failed
          at C:\Users\USER\code_data\streamfi-frontend\components\tipping\TipCo
unter.tsx:143:32

    [0m [90m 145 |[39m             
setXlmPrice(parseFloat(json[33m.[39mdata[33m.[39mamount))[33m;[39m
     [90m 146 |[39m         } [36mcatch[39m (err) {
    [31m[1m>[22m[39m[90m 147 |[39m             
console[33m.[39merror([32m"Failed to fetch XLM price"[39m[33m,[39m 
err)[33m;[39m
     [90m     |[39m                     [31m[1m^[22m[39m
     [90m 148 |[39m             [90m// Fallb
ack price if API fails (approximate current value)[39m
     [90m 149 |[39m             [36mif[39m ([33m![39mxlmPrice) 
setXlmPrice([35m0.08[39m)[33m;[39m
     [90m 150 |[39m         }[0m

      at error (components/tipping/TipCounter.tsx:147:21)

    console.error
      Failed to fetch XLM price Error: Price fetch failed
          at C:\Users\USER\code_data\streamfi-frontend\components\tipping\TipCo
unter.tsx:143:32

    [0m [90m 145 |[39m             
setXlmPrice(parseFloat(json[33m.[39mdata[33m.[39mamount))[33m;[39m
     [90m 146 |[39m         } [36mcatch[39m (err) {
    [31m[1m>[22m[39m[90m 147 |[39m             
console[33m.[39merror([32m"Failed to fetch XLM price"[39m[33m,[39m 
err)[33m;[39m
     [90m     |[39m                     [31m[1m^[22m[39m
     [90m 148 |[39m             [90m// Fallback price if API fails 
(approximate current value)[39m
     [90m 149 |[39m             [36mif[39m ([33m![39mxlmPrice) 
setXlmPrice([35m0.08[39m)[33m;[39m
     [90m 150 |[39m         }[0m

      at error (components/tipping/TipCounter.tsx:147:21)

    console.error
      Failed to fetch XLM price Error: Price fetch failed
          at C:\Users\USER\code_data\streamfi-frontend\components\tipping\TipCo
unter.tsx:143:32

    [0m [90m 145 |[39m             
setXlmPrice(parseFloat(json[33m.[39mdata[33m.[39mamount))[33m;[39m
     [90m 146 |[39m         } [36mcatch[39m (err) {
    [31m[1m>[22m[39m[90m 147 |[39m             
console[33m.[39merror([32m"Failed to fetch XLM price"[39m[33m,[39m 
err)[33m;[39m
     [90m     |[39m                     [31m[1m^[22m[39m
     [90m 148 |[39m             [90m// Fallback price if API fails 
(approximate current value)[39m
     [90m 149 |[39m             [36mif[39m ([33m![39mxlmPrice) 
setXlmPrice([35m0.08[39m)[33m;[39m
     [90m 150 |[39m         }[0m

      at error (components/tipping/TipCounter.tsx:147:21)

    console.error
      Failed to fetch XLM price Error: Price fetch failed
          at C:\Users\USER\code_data\streamfi-frontend\components\tipping\TipCo
unter.tsx:143:32

    [0m [90m 145 |[39m             
setXlmPrice(parseFloat(json[33m.[39mdata[33m.[39mamount))[33m;[39m
     [90m 146 |[39m         } [36mcatch[39m (err) {
    [31m[1m>[22m[39m[90m 147 |[39m             
console[33m.[39merror([32m"Failed to fetch XLM price"[39m[33m,[39m 
err)[33m;[39m
     [90m     |[39m                     [31m[1m^[22m[39m
     [90m 148 |[39m             [90m// Fallback price if API fails 
(approximate current value)[39m
     [90m 149 |[39m             [36mif[39m ([33m![39mxlmPrice) 
setXlmPrice([35m0.08[39m)[33m;[39m
     [90m 150 |[39m         }[0m

      at error (components/tipping/TipCounter.tsx:147:21)

    console.error
      Failed to fetch XLM price Error: Price fetch failed
          at C:\Users\USER\code_data\streamfi-frontend\components\tipping\TipCo
unter.tsx:143:32

    [0m [90m 145 |[39m             
setXlmPrice(parseFloat(json[33m.[39mdata[33m.[39mamount))[33m;[39m
     [90m 146 |[39m         } [36mcatch[39m (err) {
    [31m[1m>[22m[39m[90m 147 |[39m             
console[33m.[39merror([32m"Failed to fetch XLM price"[39m[33m,[39m 
err)[33m;[39m
     [90m     |[39m                     [31m[1m^[22m[39m
     [90m 148 |[39m             [90m// Fallback price if API fails 
(approximate current value)[39m
     [90m 149 |[39m             [36mif[39m ([33m![39mxlmPrice) 
setXlmPrice([35m0.08[39m)[33m;[39m
     [90m 150 |[39m         }[0m

      at error (components/tipping/TipCounter.tsx:147:21)

    console.error
      Failed to fetch XLM price Error: Price fetch failed
          at C:\Users\USER\code_data\streamfi-frontend\components\tipping\TipCo
unter.tsx:143:32

    [0m [90m 145 |[39m             
setXlmPrice(parseFloat(json[33m.[39mdata[33m.[39mamount))[33m;[39m
     [90m 146 |[39m         } [36mcatch[39m (err) {
    [31m[1m>[22m[39m[90m 147 |[39m             
console[33m.[39merror([32m"Faile
d to fetch XLM price"[39m[33m,[39m err)[33m;[39m
     [90m     |[39m                     [31m[1m^[22m[39m
     [90m 148 |[39m             [90m// Fallback price if API fails 
(approximate current value)[39m
     [90m 149 |[39m             [36mif[39m ([33m![39mxlmPrice) 
setXlmPrice([35m0.08[39m)[33m;[39m
     [90m 150 |[39m         }[0m

      at error (components/tipping/TipCounter.tsx:147:21)

    console.error
      Failed to fetch XLM price Error: Price fetch failed
          at C:\Users\USER\code_data\streamfi-frontend\components\tipping\TipCo
unter.tsx:143:32

    [0m [90m 145 |[39m             
setXlmPrice(parseFloat(json[33m.[39mdata[33m.[39mamount))[33m;[39m
     [90m 146 |[39m         } [36mcatch[39m (err) {
    [31m[1m>[22m[39m[90m 147 |[39m             
console[33m.[39merror([32m"Failed to fetch XLM price"[39m[33m,[39m 
err)[33m;[39m
     [90m     |[39m                     [31m[1m^[22m[39m
     [90m 148 |[39m             [90m// Fallback price if API fails 
(approximate current value)[39m
     [90m 149 |[39m             [36mif[39m ([33m![39mxlmPrice) 
setXlmPrice([35m0.08[39m)[33m;[39m
     [90m 150 |[39m         }[0m

      at error (components/tipping/TipCounter.tsx:147:21)

    console.error
      Failed to fetch XLM price Error: Price fetch failed
          at C:\Users\USER\code_data\streamfi-frontend\components\tipping\TipCo
unter.tsx:143:32

    [0m [90m 145 |[39m             
setXlmPrice(parseFloat(json[33m.[39mdata[33m.[39mamount))[33m;[39m
     [90m 146 |[39m         } [36mcatch[39m (err) {
    [31m[1m>[22m[39m[90m 147 |[39m             
console[33m.[39merror([32m"Failed to fetch XLM price"[39m[33m,[39m 
err)[33m;[39m
     [90m     |[39m                     [31m[1m^[22m[39m
     [90m 148 |[39m             [90m// Fallback price if API fails 
(approximate current value)[39m
     [90m 149 |[39m             [36mif[39m ([33m![39mxlmPrice) 
setXlmPrice([35m0.08[39m)[33m;[39m
     [90m 150 |[39m         }[0m

      at error (components/tipping/TipCounter.tsx:147:21)

    console.error
      Failed to fetch XLM price Error: Price fetch failed
          at C:\Users\USER\code_data\streamfi-frontend\components\tipping\TipCo
unter.tsx:143:32

    [0m [90m 145 |[39m             
setXlmPrice(parseFloat(json[33m.[39mdata[33m.[39mamount))[33m;[39m
     [90m 146 |[39m         } [36mcatch[39m (err) {
    [31m[1m>[22m[39m[90m 147 |[39m             
console[33m.[39merror([32m"Failed to fetch XLM price"[39m[33m,[39m 
err)[33m;[39m
     [90m     |[39m                     [31m[1m^[22m[39m
     [90m 148 |[39m             [90m// Fallback price if API fails 
(approximate current value)[39m
     [90m 149 |[39m             [36mif[39m ([33m![39mxlmPrice) 
setXlmPrice([35m0.08[39m)[33m;[39m
     [90m 150 |[39m         }[0m

      at error (components/tipping/TipCounter.tsx:147:21)

    console.error
      Failed to fetch XLM price Error: Price fetch failed
          at C:\Users\USER\code_data\streamfi-frontend\components\tipping\TipCo
unter.tsx:143:32

    [0m [90m 145 |[39m             
setXlmPrice(parseFloat(json[33m.[39mdata[33m.[39mamount))[33m;[39m
     [90m 146 |[39m         } [36mcatch[39m (err) {
    [31m[1m>[22m[39m[90m 147 |[39m             
console[33m.[39merror([32m"Failed to fetch XLM price"[39m[33m,[39m 
err)[33m;[39m
     [90m     |[39m                     [31m[1m^[22m[39m
     [90m 148 |[39m             [90m// Fallback price if API fails 
(approximate current value)[39m
     [90m 149 |[39m             [36mif[39m ([33m![39mxlmPrice) 
setXlmPrice([35m0.08[39m)[33m;[39m
     [90m 150 |[39m         }[0m

      at error (components/tipping/TipCounter.tsx:147:21)

    console.error
      Failed to fetch XLM price Error: Price fetch failed
          at C:\Users\USER\code_data\streamfi-frontend\components\tipping\TipCo
unter.tsx:143:32

    [0m [90m 145 |[39m             
setXlmPrice(parseFloat(json[33m.[39mdata[33m.[39m
amount))[33m;[39m
     [90m 146 |[39m         } [36mcatch[39m (err) {
    [31m[1m>[22m[39m[90m 147 |[39m             
console[33m.[39merror([32m"Failed to fetch XLM price"[39m[33m,[39m 
err)[33m;[39m
     [90m     |[39m                     [31m[1m^[22m[39m
     [90m 148 |[39m             [90m// Fallback price if API fails 
(approximate current value)[39m
     [90m 149 |[39m             [36mif[39m ([33m![39mxlmPrice) 
setXlmPrice([35m0.08[39m)[33m;[39m
     [90m 150 |[39m         }[0m

      at error (components/tipping/TipCounter.tsx:147:21)

    console.error
      Failed to fetch XLM price Error: Price fetch failed
          at C:\Users\USER\code_data\streamfi-frontend\components\tipping\TipCo
unter.tsx:143:32

    [0m [90m 145 |[39m             
setXlmPrice(parseFloat(json[33m.[39mdata[33m.[39mamount))[33m;[39m
     [90m 146 |[39m         } [36mcatch[39m (err) {
    [31m[1m>[22m[39m[90m 147 |[39m             
console[33m.[39merror([32m"Failed to fetch XLM price"[39m[33m,[39m 
err)[33m;[39m
     [90m     |[39m                     [31m[1m^[22m[39m
     [90m 148 |[39m             [90m// Fallback price if API fails 
(approximate current value)[39m
     [90m 149 |[39m             [36mif[39m ([33m![39mxlmPrice) 
setXlmPrice([35m0.08[39m)[33m;[39m
     [90m 150 |[39m         }[0m

      at error (components/tipping/TipCounter.tsx:147:21)

    console.error
      Failed to fetch XLM price Error: Price fetch failed
          at C:\Users\USER\code_data\streamfi-frontend\components\tipping\TipCo
unter.tsx:143:32

    [0m [90m 145 |[39m             
setXlmPrice(parseFloat(json[33m.[39mdata[33m.[39mamount))[33m;[39m
     [90m 146 |[39m         } [36mcatch[39m (err) {
    [31m[1m>[22m[39m[90m 147 |[39m             
console[33m.[39merror([32m"Failed to fetch XLM price"[39m[33m,[39m 
err)[33m;[39m
     [90m     |[39m                     [31m[1m^[22m[39m
     [90m 148 |[39m             [90m// Fallback price if API fails 
(approximate current value)[39m
     [90m 149 |[39m             [36mif[39m ([33m![39mxlmPrice) 
setXlmPrice([35m0.08[39m)[33m;[39m
     [90m 150 |[39m         }[0m

      at error (components/tipping/TipCounter.tsx:147:21)

    console.error
      Failed to fetch XLM price Error: Price fetch failed
          at C:\Users\USER\code_data\streamfi-frontend\components\tipping\TipCo
unter.tsx:143:32

    [0m [90m 145 |[39m             
setXlmPrice(parseFloat(json[33m.[39mdata[33m.[39mamount))[33m;[39m
     [90m 146 |[39m         } [36mcatch[39m (err) {
    [31m[1m>[22m[39m[90m 147 |[39m             
console[33m.[39merror([32m"Failed to fetch XLM price"[39m[33m,[39m 
err)[33m;[39m
     [90m     |[39m                     [31m[1m^[22m[39m
     [90m 148 |[39m             [90m// Fallback price if API fails 
(approximate current value)[39m
     [90m 149 |[39m             [36mif[39m ([33m![39mxlmPrice) 
setXlmPrice([35m0.08[39m)[33m;[39m
     [90m 150 |[39m         }[0m

      at error (components/tipping/TipCounter.tsx:147:21)


  ΓùÅ TipCounter Component ΓÇ║ shows error state

    TestingLibraryElementError: Unable to find an element with the text: API 
Error. This could be because the text is broken up by multiple elements. In 
this case, you can provide a function for your text matcher to make your 
matcher more flexible.

    Ignored nodes: comments, script, style
    [36m<body>[39m
      [36m<div>[39m
        [36m<div[39m
          [33mclass[39m=[32m"bg-card/40 backdrop-blur-lg border 
border-border rounded-xl p-6 transition-all hover:bg-card/50"[39m
        [36m>[39m
          [36m<div[39m
            [33mclass[39m=[32m"flex items-center justify-between mb-4"[39m
          [36m>[39m
            [36m<div[39m
              [33mclass[39m=[32m"flex items-center gap-2"[39m
            [36m>[39m
              [36m<div[39m
                [33mclass[39m=[32m"p-2 rounded-lg bg-highlight/10 
text-highlight"[39m
              [36m>[39m
                [36m<svg[39m
                  [33mclass[39m=[32m"w-5 h-5"[39m
                  [33mdata-testid[39m=[32m"icon-Coins"[39m
                [36m/>[39m
              [36m</div>[39m
              [36m<span[39m
                [33mclass[39m=[32m"text-sm font-semibold 
text-foreground"[39m
              [36m>[39m
                [0mTotal Received[0m
              [36m</span>[39m
            [36m</div>[39m
          [36m</div>[39m
          [36m<div[39m
            [33mclass[39m=[32m"mb-4"[39m
          [36m>[39m
            [36m<div[39m
              [33mclass[39m=[32m"text-2xl font-bold flex items-baseline 
gap-1 bg-gradient-to-r from-foreground to-foreground/70 bg-clip-text"[39m
            [36m>[39m
              [0m0.0000000[0m
              [36m<span[39m
                [33mclass[39m=[32m"text-xs font-bold text-highlight"[39m
              [36m>[39m
                [0mXLM[0m
              [36m</span>[39m
            [36m</div>[39m
            [36m<div[39m
              [33mclass[39m=[32m"h-5"[39m
            [36m>[39m
              [36m<span[39m
                [33mclass[39m=[32m"text-xs text-muted-foreground 
font-medium"[39m
                [33mstyle[39m=[32m"opacity: 0;"[39m
              [36m>[39m
                [0mΓëê [0m
                [0m$NaN[0m
                [0m USD[0m
              [36m</span>[39m
            [36m</div>[39m
          [36m</div>[39m
          [36m<div[39m
            [33mclass[39m=[32m"flex items-center justify-between 
text-[11px] font-medium pt-4 border-t border-border/50"[39m
          [36m>[39m
            [36m<div[39m
              [33mclass[39m=[32m"flex items-center gap-1.5 
text-muted-foreground"[39m
            [36m>[39m
              [36m<svg[39m
                [33mclass[39m=[32m"w-3.5 h-3.5 text-highlight"[39m
                [33mdata-testid[39m=[32m"icon-TrendingUp"[39m
              [36m/>[39m
              [0mNaN[0m
              [0m Tips[0m
            [36m</div>[39m
            [36m<button[39m
              [33mclass[39m=[32m"flex items-center gap-1 
text-muted-foreground hover:text-highlight transition-colors"[39m
            [36m>[39m
              [36m<svg[39m
                [33mclass[39m=[32m"w-3 h-3"[39m
                [33mdata-testid[39m=[32m"icon-Copy"[39m
              [36m/>[39m
              [0mCopy Address[0m
            [36m</button>[39m
          [36m</div>[39m
        [36m</div>[39m
      [36m</div>[39m
    [36m</body>[39m

    [0m [90m 106 |[39m             render([33m<[39m[33mTipCounter[39m 
username[33m=[39m[32m"testuser"[39m [33m/[39m[33m>[39m)[33m;[39m
     [90m 107 |[39m         })[33m;[39m
    [31m[1m>[22m[39m[90m 108 |[39m         
expect(screen[33m.[39mgetByText([32m"API 
Error"[39m))[33m.[39mtoBeInTheDocument()[33m;[39m
     [90m     |[39m                       [31m[1m^[22m[39m
     [90m 109 |[39m     })[33m;[39m
     [90m 110 |[39m
     [90m 111 |[39m     it([32m"shows empty state when no tips received"[
39m[33m,[39m [36masync[39m () [33m=>[39m {[0m

      at Object.getElementError 
(node_modules/@testing-library/dom/dist/config.js:37:19)
      at node_modules/@testing-library/dom/dist/query-helpers.js:76:38
      at node_modules/@testing-library/dom/dist/query-helpers.js:52:17
      at node_modules/@testing-library/dom/dist/query-helpers.js:95:19
      at Object.getByText 
(components/tipping/__tests__/TipCounter.test.tsx:108:23)

  ΓùÅ TipCounter Component ΓÇ║ handles manual refresh

    expect(jest.fn()).toHaveBeenCalledWith(...expected)

    Expected: "/api/tips/refresh-total", {"method": "POST"}
    Received
           1: "https://api.coinbase.com/v2/prices/XLM-USD/spot"
           2: "https://api.coinbase.com/v2/prices/XLM-USD/spot"
           3
              "/api/tips/refresh-total",
              Object {
            +   "body": "{\"username\":\"testuser\"}",
            +   "headers": Object {
            +     "Content-Type": "application/json",
            +   },
                "method": "POST",
              },

    Number of calls: 3

    [0m [90m 161 |[39m         })[33m;[39m
     [90m 162 |[39m
    [31m[1m>[22m[39m[90m 163 |[39m         expect(global[33m.[39mfetch)
[33m.[39mtoHaveBeenCalledWith([32m"/api/tips/refresh-total"[39m[33m,[39m 
{ method[33m:[39m [32m"POST"[39m })[33m;[39m
     [90m     |[39m                              [31m[1m^[22m[39m
     [90m 164 |[39m         
expect(mockMutate)[33m.[39mtoHaveBeenCalled()[33m;[39m
     [90m 165 |[39m     })[33m;[39m
     [90m 166 |[39m[0m

      at Object.toHaveBeenCalledWith 
(components/tipping/__tests__/TipCounter.test.tsx:163:30)


FAIL components/tipping/__tests__/TipModal.test.tsx (9.523 s)

  ΓùÅ Console

    console.error
      Warning: An update to TipModal inside a test was not wrapped in act(...).
      
      When testing, code that causes React state updates should be wrapped 
into act(...):
      
      act(() => {
        /* fire events that update state */
      });
      /* assert on the output */
      
      This ensures that you're testing the behavior the user would see in the 
browser. Learn more at https://reactjs.org/link/wrap-tests-with-act
          at isOpen (C:\Users\USER\code_data\streamfi-frontend\components\tippi
ng\TipModal.tsx:49:3)

    [0m [90m 79 |[39m       getXLMPrice()
     [90m 80 |[39m         [33m.[39mthen((price) [33m=>[39m {
    [31m[1m>[22m[39m[90m 81 |[39m           setXlmPrice(price)[33m;[39m
     [90m    |[39m           [31m[1m^[22m[39m
     [90m 82 |[39m           setPriceFetchFailed([36mfalse[39m)[33m;[39m
     [90m 83 |[39m         })
     [90m 84 |[39m         [33m.[39m[36mcatch[39m((err) [33m=>[39m 
{[0m

      at printWarning 
(node_modules/react-dom/cjs/react-dom.development.js:86:30)
      at error (node_modules/react-dom/cjs/react-dom.development.js:60:7)
      at warnIfUpdatesNotWrappedWithActDEV 
(node_modules/react-dom/cjs/react-dom.development.js:27628:9)
      at scheduleUpdateOnFiber 
(node_modules/react-dom/cjs/react-dom.development.js:25547:5)
      at dispatchSetState 
(node_modules/react-dom/cjs/react-dom.development.js:16708:7)
      at setXlmPrice (components/tipping/TipModal.tsx:81:11)

    console.error
      Warning: An update to TipModal inside a test was not wrapped in act(...).
      
      When testing, code that causes React state updates should be wrapped 
into act(...):
      
      act(() => {
        /* fire events that update state */
      });
      /* assert on the output */
      
      This ensures that you're testing the behavior the user would see in the 
browser. Learn more at https://reactjs.org/link/wrap-tests-with-act
          at isOpen (C:\Users\USER\code_data\streamfi-frontend\components\tippi
ng\TipModal.tsx:49:3)

    [0m [90m 80 |[39m         [33m.[39mthen((price) [33m=>[39m {
     [90m 81 |[39m           setXlmPrice(price)[33m;[39m
    [31m[1m>[22m[39m[90m 82 |[39m           
setPriceFetchFailed([36mfalse[39m)[33m;[39m
     [90m    |[39m           [31m[1m^[22m[39m
     [90m 83 |[39m         })
     [90m 84 |[39m         [33m.[39m[36mcatch[39m((err) [33m=>[39m {
     [90m 85 |[39m           console[33m.[39merror([32m"Failed to fetch 
XLM price:"[39m[33m,[39m err)[33m;[39m[0m

      at printWarning 
(node_modules/react-dom/cjs/react-dom.development.js:86:30)
      at error (node_modules/react-dom/cjs/react-dom.development.js:60:7)
      at warnIfUpdatesNotWrappedWithActDEV 
(node_modules/react-dom/cjs/react-dom.development.js:27628:9)
      at scheduleUpdateOnFiber 
(node_modules/react-dom/cjs/react-dom.development.js:25547:5)
      at dispatchSetState 
(node_modules/react-dom/cjs/react-dom.development.js:16708:7)
      at setPriceFetchFailed (components/tipping/TipModal.tsx:82:11)

    console.error
      Warning: An update to TipModal inside a test was not wrapped in act(...).
      
      When testing, code that causes React state updates should be wrapped 
into act(...):
      
      act(() => {
        /* fire events that update state */
      });
      /* assert on the output */
      
      This ensures that you're testing the behavior the user would see in the 
browser. Learn more at https://reactjs.org/link/wrap-tests-with-act
          at isOpen (C:\Users\USER\code_data\streamfi-frontend\components\tippi
ng\TipModal.tsx:49:3)

    [0m [90m 86 |[39m           
setPriceFetchFailed([36mtrue[39m)[33m;[39m
     [90m 87 |[39m         })
    [31m[1m>[22m[39m[90m 88 |[39m         
[33m.[39m[36mfinally[39m(() [33m=>[39m 
setIsLoadingPrice([36mfalse[39m))[33m;[39m
     [90m    |[39m                        [31m[1m^[22m[39m
     [90m 89 |[39m     }
     [90m 90 |[39m   }[33m,[39m [isOpen])[33m;[39m
     [90m 91 |[39m
[0m

      at printWarning 
(node_modules/react-dom/cjs/react-dom.development.js:86:30)
      at error (node_modules/react-dom/cjs/react-dom.development.js:60:7)
      at warnIfUpdatesNotWrappedWithActDEV 
(node_modules/react-dom/cjs/react-dom.development.js:27628:9)
      at scheduleUpdateOnFiber 
(node_modules/react-dom/cjs/react-dom.development.js:25547:5)
      at dispatchSetState 
(node_modules/react-dom/cjs/react-dom.development.js:16708:7)
      at setIsLoadingPrice (components/tipping/TipModal.tsx:88:24)

    console.error
      Warning: An update to TipModal inside a test was not wrapped in act(...).
      
      When testing, code that causes React state updates should be wrapped 
into act(...):
      
      act(() => {
        /* fire events that update state */
      });
      /* assert on the output */
      
      This ensures that you're testing the behavior the user would see in the 
browser. Learn more at https://reactjs.org/link/wrap-tests-with-act
          at isOpen (C:\Users\USER\code_data\streamfi-frontend\components\tippi
ng\TipModal.tsx:49:3)

    [0m [90m 79 |[39m       getXLMPrice()
     [90m 80 |[39m         [33m.[39mthen((price) [33m=>[39m {
    [31m[1m>[22m[39m[90m 81 |[39m           setXlmPrice(price)[33m;[39m
     [90m    |[39m           [31m[1m^[22m[39m
     [90m 82 |[39m           setPriceFetchFailed([36mfalse[39m)[33m;[39m
     [90m 83 |[39m         })
     [90m 84 |[39m         [33m.[39m[36mcatch[39m((err) [33m=>[39m 
{[0m

      at printWarning 
(node_modules/react-dom/cjs/react-dom.development.js:86:30)
      at error (node_modules/react-dom/cjs/react-dom.development.js:60:7)
      at warnIfUpdatesNotWrappedWithActDEV 
(node_modules/react-dom/cjs/react-dom.development.js:27628:9)
      at scheduleUpdateOnFiber 
(node_modules/react-dom/cjs/react-dom.development.js:25547:5)
      at dispatchSetState 
(node_modules/react-dom/cjs/react-dom.development.js:16708:7)
      at setXlmPrice (components/tipping/TipModal.tsx:81:11)

    console.error
      Warning: An update to TipModal inside a test was not wrapped in act(...).
      
      When testing, code that causes React state updates should be wrapped 
into act(...):
      
      act(() => {
        /* fire events that update state */
      });
      /* assert on the output */
      
      This ensures that you're testing the behavior the user would see in the 
browser. Learn more at https://reactjs.org/link/wrap-tests-with-act
          at isOpen (C:\Users\USER\code_data\streamfi-frontend\components\tippi
ng\TipModal.tsx:49:3)

    [0m [90m 80 |[39m         [33m.[39mthen((price) [33m=>[39m {
     [90m 81 |[39m           setXlmPrice(price)[33m;[39m
    [31m[1m>[22m[39m[90m 82 |[39m           
setPriceFetchFailed([36mfalse[39m)[33m;[39m
     [90m    |[39m           [31m[1m^[22m[39m
     [90m 83 |[39m         })
     [90m 84 |[39m         [33m.[39m[36mcatch[39m((err) [33m=>[39m {
     [90m 85 |[39m           console[33m.[39merror([32m"Failed to fetch 
XLM price:"[39m[33m,[39m err)[33m;[39m[0m

      at printWarning 
(node_modules/react-dom/cjs/react-dom.development.js:86:30)
      at error (node_modules/react-dom/cjs/react-dom.development.js:60:7)
      at warnIfUpdatesNotWrappedWithActDEV 
(node_modules/react-dom/cjs/react-dom.development.js:27628:9)
      at scheduleUpdateOnFiber 
(node_modules/react-dom/cjs/react-dom.development.js:25547:5)
      at dispatchSetState 
(node_modules/react-dom/cjs/react-dom.development.js:16708:7)
      at setPriceFetchFailed (components/tipping/TipModal.tsx:82:11)

    console.error
      Warning: An update to TipModal inside a test was not wrapped in act(...).
      
      When testing, code that causes React state updates should be wrapped 
into act(...):
      
      act(() => {
        /* fire events that update state */
      });
      /* assert on the output */
      
      This ensures that you're testing the behavior the user would see in the 
browser. Learn more at https://reactjs.org/link/wrap-tests-with-act
          at isOpen (C:\
Users\USER\code_data\streamfi-frontend\components\tipping\TipModal.tsx:49:3)

    [0m [90m 86 |[39m           
setPriceFetchFailed([36mtrue[39m)[33m;[39m
     [90m 87 |[39m         })
    [31m[1m>[22m[39m[90m 88 |[39m         
[33m.[39m[36mfinally[39m(() [33m=>[39m 
setIsLoadingPrice([36mfalse[39m))[33m;[39m
     [90m    |[39m                        [31m[1m^[22m[39m
     [90m 89 |[39m     }
     [90m 90 |[39m   }[33m,[39m [isOpen])[33m;[39m
     [90m 91 |[39m[0m

      at printWarning 
(node_modules/react-dom/cjs/react-dom.development.js:86:30)
      at error (node_modules/react-dom/cjs/react-dom.development.js:60:7)
      at warnIfUpdatesNotWrappedWithActDEV 
(node_modules/react-dom/cjs/react-dom.development.js:27628:9)
      at scheduleUpdateOnFiber 
(node_modules/react-dom/cjs/react-dom.development.js:25547:5)
      at dispatchSetState 
(node_modules/react-dom/cjs/react-dom.development.js:16708:7)
      at setIsLoadingPrice (components/tipping/TipModal.tsx:88:24)

    console.error
      Warning: An update to TipModal inside a test was not wrapped in act(...).
      
      When testing, code that causes React state updates should be wrapped 
into act(...):
      
      act(() => {
        /* fire events that update state */
      });
      /* assert on the output */
      
      This ensures that you're testing the behavior the user would see in the 
browser. Learn more at https://reactjs.org/link/wrap-tests-with-act
          at isOpen (C:\Users\USER\code_data\streamfi-frontend\components\tippi
ng\TipModal.tsx:49:3)

    [0m [90m 79 |[39m       getXLMPrice()
     [90m 80 |[39m         [33m.[39mthen((price) [33m=>[39m {
    [31m[1m>[22m[39m[90m 81 |[39m           setXlmPrice(price)[33m;[39m
     [90m    |[39m           [31m[1m^[22m[39m
     [90m 82 |[39m           setPriceFetchFailed([36mfalse[39m)[33m;[39m
     [90m 83 |[39m         })
     [90m 84 |[39m         [33m.[39m[36mcatch[39m((err) [33m=>[39m 
{[0m

      at printWarning 
(node_modules/react-dom/cjs/react-dom.development.js:86:30)
      at error (node_modules/react-dom/cjs/react-dom.development.js:60:7)
      at warnIfUpdatesNotWrappedWithActDEV 
(node_modules/react-dom/cjs/react-dom.development.js:27628:9)
      at scheduleUpdateOnFiber 
(node_modules/react-dom/cjs/react-dom.development.js:25547:5)
      at dispatchSetState 
(node_modules/react-dom/cjs/react-dom.development.js:16708:7)
      at setXlmPrice (components/tipping/TipModal.tsx:81:11)

    console.error
      Warning: An update to TipModal inside a test was not wrapped in act(...).
      
      When testing, code that causes React state updates should be wrapped 
into act(...):
      
      act(() => {
        /* fire events that update state */
      });
      /* assert on the output */
      
      This ensures that you're testing the behavior the user would see in the 
browser. Learn more at https://reactjs.org/link/wrap-tests-with-act
          at isOpen (C:\Users\USER\code_data\streamfi-frontend\components\tippi
ng\TipModal.tsx:49:3)

    [0m [90m 80 |[39m         [33m.[39mthen((price) [33m=>[39m {
     [90m 81 |[39m           setXlmPrice(price)[33m;[39m
    [31m[1m>[22m[39m[90m 82 |[39m           
setPriceFetchFailed([36mfalse[39m)[33m;[39m
     [90m    |[39m           [31m[1m^[22m[39m
     [90m 83 |[39m         })
     [90m 84 |[39m         [33m.[39m[36mcatch[39m((err) [33m=>[39m {
     [90m 85 |[39m           console[33m.[39merror([32m"Failed to fetch 
XLM price:"[39m[33m,[39m err)[33m;[39m[0m

      at printWarning 
(node_modules/react-dom/cjs/react-dom.development.js:86:30)
      at error (node_modules/react-dom/cjs/react-dom.development.js:60:7)
      at warnIfUpdatesNotWrappedWithActDEV 
(node_modules/react-dom/cjs/react-dom.development.js:27628:9)
      at scheduleUpdateOnFiber 
(node_modules/react-dom/cjs/react-dom.development.js:25547:5)
      at dispatchSetState 
(node_modules/react-dom/cjs/react-dom.development.js:16708:7)
      at setPriceFetchFailed (components/tipping/TipM
odal.tsx:82:11)

    console.error
      Warning: An update to TipModal inside a test was not wrapped in act(...).
      
      When testing, code that causes React state updates should be wrapped 
into act(...):
      
      act(() => {
        /* fire events that update state */
      });
      /* assert on the output */
      
      This ensures that you're testing the behavior the user would see in the 
browser. Learn more at https://reactjs.org/link/wrap-tests-with-act
          at isOpen (C:\Users\USER\code_data\streamfi-frontend\components\tippi
ng\TipModal.tsx:49:3)

    [0m [90m 86 |[39m           
setPriceFetchFailed([36mtrue[39m)[33m;[39m
     [90m 87 |[39m         })
    [31m[1m>[22m[39m[90m 88 |[39m         
[33m.[39m[36mfinally[39m(() [33m=>[39m 
setIsLoadingPrice([36mfalse[39m))[33m;[39m
     [90m    |[39m                        [31m[1m^[22m[39m
     [90m 89 |[39m     }
     [90m 90 |[39m   }[33m,[39m [isOpen])[33m;[39m
     [90m 91 |[39m[0m

      at printWarning 
(node_modules/react-dom/cjs/react-dom.development.js:86:30)
      at error (node_modules/react-dom/cjs/react-dom.development.js:60:7)
      at warnIfUpdatesNotWrappedWithActDEV 
(node_modules/react-dom/cjs/react-dom.development.js:27628:9)
      at scheduleUpdateOnFiber 
(node_modules/react-dom/cjs/react-dom.development.js:25547:5)
      at dispatchSetState 
(node_modules/react-dom/cjs/react-dom.development.js:16708:7)
      at setIsLoadingPrice (components/tipping/TipModal.tsx:88:24)

    console.error
      Warning: An update to TipModal inside a test was not wrapped in act(...).
      
      When testing, code that causes React state updates should be wrapped 
into act(...):
      
      act(() => {
        /* fire events that update state */
      });
      /* assert on the output */
      
      This ensures that you're testing the behavior the user would see in the 
browser. Learn more at https://reactjs.org/link/wrap-tests-with-act
          at isOpen (C:\Users\USER\code_data\streamfi-frontend\components\tippi
ng\TipModal.tsx:49:3)

    [0m [90m 79 |[39m       getXLMPrice()
     [90m 80 |[39m         [33m.[39mthen((price) [33m=>[39m {
    [31m[1m>[22m[39m[90m 81 |[39m           setXlmPrice(price)[33m;[39m
     [90m    |[39m           [31m[1m^[22m[39m
     [90m 82 |[39m           setPriceFetchFailed([36mfalse[39m)[33m;[39m
     [90m 83 |[39m         })
     [90m 84 |[39m         [33m.[39m[36mcatch[39m((err) [33m=>[39m 
{[0m

      at printWarning 
(node_modules/react-dom/cjs/react-dom.development.js:86:30)
      at error (node_modules/react-dom/cjs/react-dom.development.js:60:7)
      at warnIfUpdatesNotWrappedWithActDEV 
(node_modules/react-dom/cjs/react-dom.development.js:27628:9)
      at scheduleUpdateOnFiber 
(node_modules/react-dom/cjs/react-dom.development.js:25547:5)
      at dispatchSetState 
(node_modules/react-dom/cjs/react-dom.development.js:16708:7)
      at setXlmPrice (components/tipping/TipModal.tsx:81:11)

    console.error
      Warning: An update to TipModal inside a test was not wrapped in act(...).
      
      When testing, code that causes React state updates should be wrapped 
into act(...):
      
      act(() => {
        /* fire events that update state */
      });
      /* assert on the output */
      
      This ensures that you're testing the behavior the user would see in the 
browser. Learn more at https://reactjs.org/link/wrap-tests-with-act
          at isOpen (C:\Users\USER\code_data\streamfi-frontend\components\tippi
ng\TipModal.tsx:49:3)

    [0m [90m 80 |[39m         [33m.[39mthen((price) [33m=>[39m {
     [90m 81 |[39m           setXlmPrice(price)[33m;[39m
    [31m[1m>[22m[39m[90m 82 |[39m           
setPriceFetchFailed([36mfalse[39m)[33m;[39m
     [90m    |[39m           [31m[1m^[22m[39m
     [90m 83 |[39m         })
     [90m 84 |[39m         [33m.[39m[36mcatch[39m((err) [33m=>[39m {
     [90m 85 |[39m           console[33m.[39merror([32m"Failed to fetch 
XLM price:"[39m[33m,[39m err)[33m;[39m
[0m

      at printWarning 
(node_modules/react-dom/cjs/react-dom.development.js:86:30)
      at error (node_modules/react-dom/cjs/react-dom.development.js:60:7)
      at warnIfUpdatesNotWrappedWithActDEV 
(node_modules/react-dom/cjs/react-dom.development.js:27628:9)
      at scheduleUpdateOnFiber 
(node_modules/react-dom/cjs/react-dom.development.js:25547:5)
      at dispatchSetState 
(node_modules/react-dom/cjs/react-dom.development.js:16708:7)
      at setPriceFetchFailed (components/tipping/TipModal.tsx:82:11)

    console.error
      Warning: An update to TipModal inside a test was not wrapped in act(...).
      
      When testing, code that causes React state updates should be wrapped 
into act(...):
      
      act(() => {
        /* fire events that update state */
      });
      /* assert on the output */
      
      This ensures that you're testing the behavior the user would see in the 
browser. Learn more at https://reactjs.org/link/wrap-tests-with-act
          at isOpen (C:\Users\USER\code_data\streamfi-frontend\components\tippi
ng\TipModal.tsx:49:3)

    [0m [90m 86 |[39m           
setPriceFetchFailed([36mtrue[39m)[33m;[39m
     [90m 87 |[39m         })
    [31m[1m>[22m[39m[90m 88 |[39m         
[33m.[39m[36mfinally[39m(() [33m=>[39m 
setIsLoadingPrice([36mfalse[39m))[33m;[39m
     [90m    |[39m                        [31m[1m^[22m[39m
     [90m 89 |[39m     }
     [90m 90 |[39m   }[33m,[39m [isOpen])[33m;[39m
     [90m 91 |[39m[0m

      at printWarning 
(node_modules/react-dom/cjs/react-dom.development.js:86:30)
      at error (node_modules/react-dom/cjs/react-dom.development.js:60:7)
      at warnIfUpdatesNotWrappedWithActDEV 
(node_modules/react-dom/cjs/react-dom.development.js:27628:9)
      at scheduleUpdateOnFiber 
(node_modules/react-dom/cjs/react-dom.development.js:25547:5)
      at dispatchSetState 
(node_modules/react-dom/cjs/react-dom.development.js:16708:7)
      at setIsLoadingPrice (components/tipping/TipModal.tsx:88:24)

    console.error
      Warning: An update to TipModal inside a test was not wrapped in act(...).
      
      When testing, code that causes React state updates should be wrapped 
into act(...):
      
      act(() => {
        /* fire events that update state */
      });
      /* assert on the output */
      
      This ensures that you're testing the behavior the user would see in the 
browser. Learn more at https://reactjs.org/link/wrap-tests-with-act
          at isOpen (C:\Users\USER\code_data\streamfi-frontend\components\tippi
ng\TipModal.tsx:49:3)

    [0m [90m 79 |[39m       getXLMPrice()
     [90m 80 |[39m         [33m.[39mthen((price) [33m=>[39m {
    [31m[1m>[22m[39m[90m 81 |[39m           setXlmPrice(price)[33m;[39m
     [90m    |[39m           [31m[1m^[22m[39m
     [90m 82 |[39m           setPriceFetchFailed([36mfalse[39m)[33m;[39m
     [90m 83 |[39m         })
     [90m 84 |[39m         [33m.[39m[36mcatch[39m((err) [33m=>[39m 
{[0m

      at printWarning 
(node_modules/react-dom/cjs/react-dom.development.js:86:30)
      at error (node_modules/react-dom/cjs/react-dom.development.js:60:7)
      at warnIfUpdatesNotWrappedWithActDEV 
(node_modules/react-dom/cjs/react-dom.development.js:27628:9)
      at scheduleUpdateOnFiber 
(node_modules/react-dom/cjs/react-dom.development.js:25547:5)
      at dispatchSetState 
(node_modules/react-dom/cjs/react-dom.development.js:16708:7)
      at setXlmPrice (components/tipping/TipModal.tsx:81:11)

    console.error
      Warning: An update to TipModal inside a test was not wrapped in act(...).
      
      When testing, code that causes React state updates should be wrapped 
into act(...):
      
      act(() => {
        /* fire events that update state */
      });
      /* assert on the output */
      
      This ensures that you're testing the behavior the user would see in the 
browser. Learn more at https://reactjs.org/link/wrap-tests-with-act
          at isOpen (C:\Users\USER\code_data\streamfi-frontend\components\tippi
ng\TipModal.tsx:49:3)

    [0m [
90m 80 |[39m         [33m.[39mthen((price) [33m=>[39m {
     [90m 81 |[39m           setXlmPrice(price)[33m;[39m
    [31m[1m>[22m[39m[90m 82 |[39m           
setPriceFetchFailed([36mfalse[39m)[33m;[39m
     [90m    |[39m           [31m[1m^[22m[39m
     [90m 83 |[39m         })
     [90m 84 |[39m         [33m.[39m[36mcatch[39m((err) [33m=>[39m {
     [90m 85 |[39m           console[33m.[39merror([32m"Failed to fetch 
XLM price:"[39m[33m,[39m err)[33m;[39m[0m

      at printWarning 
(node_modules/react-dom/cjs/react-dom.development.js:86:30)
      at error (node_modules/react-dom/cjs/react-dom.development.js:60:7)
      at warnIfUpdatesNotWrappedWithActDEV 
(node_modules/react-dom/cjs/react-dom.development.js:27628:9)
      at scheduleUpdateOnFiber 
(node_modules/react-dom/cjs/react-dom.development.js:25547:5)
      at dispatchSetState 
(node_modules/react-dom/cjs/react-dom.development.js:16708:7)
      at setPriceFetchFailed (components/tipping/TipModal.tsx:82:11)

    console.error
      Warning: An update to TipModal inside a test was not wrapped in act(...).
      
      When testing, code that causes React state updates should be wrapped 
into act(...):
      
      act(() => {
        /* fire events that update state */
      });
      /* assert on the output */
      
      This ensures that you're testing the behavior the user would see in the 
browser. Learn more at https://reactjs.org/link/wrap-tests-with-act
          at isOpen (C:\Users\USER\code_data\streamfi-frontend\components\tippi
ng\TipModal.tsx:49:3)

    [0m [90m 86 |[39m           
setPriceFetchFailed([36mtrue[39m)[33m;[39m
     [90m 87 |[39m         })
    [31m[1m>[22m[39m[90m 88 |[39m         
[33m.[39m[36mfinally[39m(() [33m=>[39m 
setIsLoadingPrice([36mfalse[39m))[33m;[39m
     [90m    |[39m                        [31m[1m^[22m[39m
     [90m 89 |[39m     }
     [90m 90 |[39m   }[33m,[39m [isOpen])[33m;[39m
     [90m 91 |[39m[0m

      at printWarning 
(node_modules/react-dom/cjs/react-dom.development.js:86:30)
      at error (node_modules/react-dom/cjs/react-dom.development.js:60:7)
      at warnIfUpdatesNotWrappedWithActDEV 
(node_modules/react-dom/cjs/react-dom.development.js:27628:9)
      at scheduleUpdateOnFiber 
(node_modules/react-dom/cjs/react-dom.development.js:25547:5)
      at dispatchSetState 
(node_modules/react-dom/cjs/react-dom.development.js:16708:7)
      at setIsLoadingPrice (components/tipping/TipModal.tsx:88:24)

    console.error
      Warning: An update to TipModal inside a test was not wrapped in act(...).
      
      When testing, code that causes React state updates should be wrapped 
into act(...):
      
      act(() => {
        /* fire events that update state */
      });
      /* assert on the output */
      
      This ensures that you're testing the behavior the user would see in the 
browser. Learn more at https://reactjs.org/link/wrap-tests-with-act
          at isOpen (C:\Users\USER\code_data\streamfi-frontend\components\tippi
ng\TipModal.tsx:49:3)

    [0m [90m 79 |[39m       getXLMPrice()
     [90m 80 |[39m         [33m.[39mthen((price) [33m=>[39m {
    [31m[1m>[22m[39m[90m 81 |[39m           setXlmPrice(price)[33m;[39m
     [90m    |[39m           [31m[1m^[22m[39m
     [90m 82 |[39m           setPriceFetchFailed([36mfalse[39m)[33m;[39m
     [90m 83 |[39m         })
     [90m 84 |[39m         [33m.[39m[36mcatch[39m((err) [33m=>[39m 
{[0m

      at printWarning 
(node_modules/react-dom/cjs/react-dom.development.js:86:30)
      at error (node_modules/react-dom/cjs/react-dom.development.js:60:7)
      at warnIfUpdatesNotWrappedWithActDEV 
(node_modules/react-dom/cjs/react-dom.development.js:27628:9)
      at scheduleUpdateOnFiber 
(node_modules/react-dom/cjs/react-dom.development.js:25547:5)
      at dispatchSetState 
(node_modules/react-dom/cjs/react-dom.development.js:16708:7)
      at setXlmPrice (components/tipping/TipModal.tsx:81:11)

    console.error
      Warning: An update to TipModal inside a test was
 not wrapped in act(...).
      
      When testing, code that causes React state updates should be wrapped 
into act(...):
      
      act(() => {
        /* fire events that update state */
      });
      /* assert on the output */
      
      This ensures that you're testing the behavior the user would see in the 
browser. Learn more at https://reactjs.org/link/wrap-tests-with-act
          at isOpen (C:\Users\USER\code_data\streamfi-frontend\components\tippi
ng\TipModal.tsx:49:3)

    [0m [90m 80 |[39m         [33m.[39mthen((price) [33m=>[39m {
     [90m 81 |[39m           setXlmPrice(price)[33m;[39m
    [31m[1m>[22m[39m[90m 82 |[39m           
setPriceFetchFailed([36mfalse[39m)[33m;[39m
     [90m    |[39m           [31m[1m^[22m[39m
     [90m 83 |[39m         })
     [90m 84 |[39m         [33m.[39m[36mcatch[39m((err) [33m=>[39m {
     [90m 85 |[39m           console[33m.[39merror([32m"Failed to fetch 
XLM price:"[39m[33m,[39m err)[33m;[39m[0m

      at printWarning 
(node_modules/react-dom/cjs/react-dom.development.js:86:30)
      at error (node_modules/react-dom/cjs/react-dom.development.js:60:7)
      at warnIfUpdatesNotWrappedWithActDEV 
(node_modules/react-dom/cjs/react-dom.development.js:27628:9)
      at scheduleUpdateOnFiber 
(node_modules/react-dom/cjs/react-dom.development.js:25547:5)
      at dispatchSetState 
(node_modules/react-dom/cjs/react-dom.development.js:16708:7)
      at setPriceFetchFailed (components/tipping/TipModal.tsx:82:11)

    console.error
      Warning: An update to TipModal inside a test was not wrapped in act(...).
      
      When testing, code that causes React state updates should be wrapped 
into act(...):
      
      act(() => {
        /* fire events that update state */
      });
      /* assert on the output */
      
      This ensures that you're testing the behavior the user would see in the 
browser. Learn more at https://reactjs.org/link/wrap-tests-with-act
          at isOpen (C:\Users\USER\code_data\streamfi-frontend\components\tippi
ng\TipModal.tsx:49:3)

    [0m [90m 86 |[39m           
setPriceFetchFailed([36mtrue[39m)[33m;[39m
     [90m 87 |[39m         })
    [31m[1m>[22m[39m[90m 88 |[39m         
[33m.[39m[36mfinally[39m(() [33m=>[39m 
setIsLoadingPrice([36mfalse[39m))[33m;[39m
     [90m    |[39m                        [31m[1m^[22m[39m
     [90m 89 |[39m     }
     [90m 90 |[39m   }[33m,[39m [isOpen])[33m;[39m
     [90m 91 |[39m[0m

      at printWarning 
(node_modules/react-dom/cjs/react-dom.development.js:86:30)
      at error (node_modules/react-dom/cjs/react-dom.development.js:60:7)
      at warnIfUpdatesNotWrappedWithActDEV 
(node_modules/react-dom/cjs/react-dom.development.js:27628:9)
      at scheduleUpdateOnFiber 
(node_modules/react-dom/cjs/react-dom.development.js:25547:5)
      at dispatchSetState 
(node_modules/react-dom/cjs/react-dom.development.js:16708:7)
      at setIsLoadingPrice (components/tipping/TipModal.tsx:88:24)

    console.error
      Warning: An update to TipModal inside a test was not wrapped in act(...).
      
      When testing, code that causes React state updates should be wrapped 
into act(...):
      
      act(() => {
        /* fire events that update state */
      });
      /* assert on the output */
      
      This ensures that you're testing the behavior the user would see in the 
browser. Learn more at https://reactjs.org/link/wrap-tests-with-act
          at isOpen (C:\Users\USER\code_data\streamfi-frontend\components\tippi
ng\TipModal.tsx:49:3)

    [0m [90m 79 |[39m       getXLMPrice()
     [90m 80 |[39m         [33m.[39mthen((price) [33m=>[39m {
    [31m[1m>[22m[39m[90m 81 |[39m           setXlmPrice(price)[33m;[39m
     [90m    |[39m           [31m[1m^[22m[39m
     [90m 82 |[39m           setPriceFetchFailed([36mfalse[39m)[33m;[39m
     [90m 83 |[39m         })
     [90m 84 |[39m         [33m.[39m[36mcatch[39m((err) [33m=>[39m 
{[0m

      at printWarning (node_modules/react-dom/cjs/react-dom.development.js:
86:30)
      at error (node_modules/react-dom/cjs/react-dom.development.js:60:7)
      at warnIfUpdatesNotWrappedWithActDEV 
(node_modules/react-dom/cjs/react-dom.development.js:27628:9)
      at scheduleUpdateOnFiber 
(node_modules/react-dom/cjs/react-dom.development.js:25547:5)
      at dispatchSetState 
(node_modules/react-dom/cjs/react-dom.development.js:16708:7)
      at setXlmPrice (components/tipping/TipModal.tsx:81:11)

    console.error
      Warning: An update to TipModal inside a test was not wrapped in act(...).
      
      When testing, code that causes React state updates should be wrapped 
into act(...):
      
      act(() => {
        /* fire events that update state */
      });
      /* assert on the output */
      
      This ensures that you're testing the behavior the user would see in the 
browser. Learn more at https://reactjs.org/link/wrap-tests-with-act
          at isOpen (C:\Users\USER\code_data\streamfi-frontend\components\tippi
ng\TipModal.tsx:49:3)

    [0m [90m 80 |[39m         [33m.[39mthen((price) [33m=>[39m {
     [90m 81 |[39m           setXlmPrice(price)[33m;[39m
    [31m[1m>[22m[39m[90m 82 |[39m           
setPriceFetchFailed([36mfalse[39m)[33m;[39m
     [90m    |[39m           [31m[1m^[22m[39m
     [90m 83 |[39m         })
     [90m 84 |[39m         [33m.[39m[36mcatch[39m((err) [33m=>[39m {
     [90m 85 |[39m           console[33m.[39merror([32m"Failed to fetch 
XLM price:"[39m[33m,[39m err)[33m;[39m[0m

      at printWarning 
(node_modules/react-dom/cjs/react-dom.development.js:86:30)
      at error (node_modules/react-dom/cjs/react-dom.development.js:60:7)
      at warnIfUpdatesNotWrappedWithActDEV 
(node_modules/react-dom/cjs/react-dom.development.js:27628:9)
      at scheduleUpdateOnFiber 
(node_modules/react-dom/cjs/react-dom.development.js:25547:5)
      at dispatchSetState 
(node_modules/react-dom/cjs/react-dom.development.js:16708:7)
      at setPriceFetchFailed (components/tipping/TipModal.tsx:82:11)

    console.error
      Warning: An update to TipModal inside a test was not wrapped in act(...).
      
      When testing, code that causes React state updates should be wrapped 
into act(...):
      
      act(() => {
        /* fire events that update state */
      });
      /* assert on the output */
      
      This ensures that you're testing the behavior the user would see in the 
browser. Learn more at https://reactjs.org/link/wrap-tests-with-act
          at isOpen (C:\Users\USER\code_data\streamfi-frontend\components\tippi
ng\TipModal.tsx:49:3)

    [0m [90m 86 |[39m           
setPriceFetchFailed([36mtrue[39m)[33m;[39m
     [90m 87 |[39m         })
    [31m[1m>[22m[39m[90m 88 |[39m         
[33m.[39m[36mfinally[39m(() [33m=>[39m 
setIsLoadingPrice([36mfalse[39m))[33m;[39m
     [90m    |[39m                        [31m[1m^[22m[39m
     [90m 89 |[39m     }
     [90m 90 |[39m   }[33m,[39m [isOpen])[33m;[39m
     [90m 91 |[39m[0m

      at printWarning 
(node_modules/react-dom/cjs/react-dom.development.js:86:30)
      at error (node_modules/react-dom/cjs/react-dom.development.js:60:7)
      at warnIfUpdatesNotWrappedWithActDEV 
(node_modules/react-dom/cjs/react-dom.development.js:27628:9)
      at scheduleUpdateOnFiber 
(node_modules/react-dom/cjs/react-dom.development.js:25547:5)
      at dispatchSetState 
(node_modules/react-dom/cjs/react-dom.development.js:16708:7)
      at setIsLoadingPrice (components/tipping/TipModal.tsx:88:24)

    console.error
      Warning: An update to TipModal inside a test was not wrapped in act(...).
      
      When testing, code that causes React state updates should be wrapped 
into act(...):
      
      act(() => {
        /* fire events that update state */
      });
      /* assert on the output */
      
      This ensures that you're testing the behavior the user would see in the 
browser. Learn more at https://reactjs.org/link/wrap-tests-with-act
          at isOpen (C:\Users\USER\code_data\streamfi-frontend\components\tippi
ng\TipModal.tsx:49:3)

    [0m [9
0m 79 |[39m       getXLMPrice()
     [90m 80 |[39m         [33m.[39mthen((price) [33m=>[39m {
    [31m[1m>[22m[39m[90m 81 |[39m           setXlmPrice(price)[33m;[39m
     [90m    |[39m           [31m[1m^[22m[39m
     [90m 82 |[39m           setPriceFetchFailed([36mfalse[39m)[33m;[39m
     [90m 83 |[39m         })
     [90m 84 |[39m         [33m.[39m[36mcatch[39m((err) [33m=>[39m 
{[0m

      at printWarning 
(node_modules/react-dom/cjs/react-dom.development.js:86:30)
      at error (node_modules/react-dom/cjs/react-dom.development.js:60:7)
      at warnIfUpdatesNotWrappedWithActDEV 
(node_modules/react-dom/cjs/react-dom.development.js:27628:9)
      at scheduleUpdateOnFiber 
(node_modules/react-dom/cjs/react-dom.development.js:25547:5)
      at dispatchSetState 
(node_modules/react-dom/cjs/react-dom.development.js:16708:7)
      at setXlmPrice (components/tipping/TipModal.tsx:81:11)

    console.error
      Warning: An update to TipModal inside a test was not wrapped in act(...).
      
      When testing, code that causes React state updates should be wrapped 
into act(...):
      
      act(() => {
        /* fire events that update state */
      });
      /* assert on the output */
      
      This ensures that you're testing the behavior the user would see in the 
browser. Learn more at https://reactjs.org/link/wrap-tests-with-act
          at isOpen (C:\Users\USER\code_data\streamfi-frontend\components\tippi
ng\TipModal.tsx:49:3)

    [0m [90m 80 |[39m         [33m.[39mthen((price) [33m=>[39m {
     [90m 81 |[39m           setXlmPrice(price)[33m;[39m
    [31m[1m>[22m[39m[90m 82 |[39m           
setPriceFetchFailed([36mfalse[39m)[33m;[39m
     [90m    |[39m           [31m[1m^[22m[39m
     [90m 83 |[39m         })
     [90m 84 |[39m         [33m.[39m[36mcatch[39m((err) [33m=>[39m {
     [90m 85 |[39m           console[33m.[39merror([32m"Failed to fetch 
XLM price:"[39m[33m,[39m err)[33m;[39m[0m

      at printWarning 
(node_modules/react-dom/cjs/react-dom.development.js:86:30)
      at error (node_modules/react-dom/cjs/react-dom.development.js:60:7)
      at warnIfUpdatesNotWrappedWithActDEV 
(node_modules/react-dom/cjs/react-dom.development.js:27628:9)
      at scheduleUpdateOnFiber 
(node_modules/react-dom/cjs/react-dom.development.js:25547:5)
      at dispatchSetState 
(node_modules/react-dom/cjs/react-dom.development.js:16708:7)
      at setPriceFetchFailed (components/tipping/TipModal.tsx:82:11)

    console.error
      Warning: An update to TipModal inside a test was not wrapped in act(...).
      
      When testing, code that causes React state updates should be wrapped 
into act(...):
      
      act(() => {
        /* fire events that update state */
      });
      /* assert on the output */
      
      This ensures that you're testing the behavior the user would see in the 
browser. Learn more at https://reactjs.org/link/wrap-tests-with-act
          at isOpen (C:\Users\USER\code_data\streamfi-frontend\components\tippi
ng\TipModal.tsx:49:3)

    [0m [90m 86 |[39m           
setPriceFetchFailed([36mtrue[39m)[33m;[39m
     [90m 87 |[39m         })
    [31m[1m>[22m[39m[90m 88 |[39m         
[33m.[39m[36mfinally[39m(() [33m=>[39m 
setIsLoadingPrice([36mfalse[39m))[33m;[39m
     [90m    |[39m                        [31m[1m^[22m[39m
     [90m 89 |[39m     }
     [90m 90 |[39m   }[33m,[39m [isOpen])[33m;[39m
     [90m 91 |[39m[0m

      at printWarning 
(node_modules/react-dom/cjs/react-dom.development.js:86:30)
      at error (node_modules/react-dom/cjs/react-dom.development.js:60:7)
      at warnIfUpdatesNotWrappedWithActDEV 
(node_modules/react-dom/cjs/react-dom.development.js:27628:9)
      at scheduleUpdateOnFiber 
(node_modules/react-dom/cjs/react-dom.development.js:25547:5)
      at dispatchSetState 
(node_modules/react-dom/cjs/react-dom.development.js:16708:7)
      at setIsLoadingPrice (components/tipping/TipModal.tsx:88:24)

    console.error
      Warning: An update to TipModal inside a test was 
not wrapped in act(...).
      
      When testing, code that causes React state updates should be wrapped 
into act(...):
      
      act(() => {
        /* fire events that update state */
      });
      /* assert on the output */
      
      This ensures that you're testing the behavior the user would see in the 
browser. Learn more at https://reactjs.org/link/wrap-tests-with-act
          at isOpen (C:\Users\USER\code_data\streamfi-frontend\components\tippi
ng\TipModal.tsx:49:3)

    [0m [90m 79 |[39m       getXLMPrice()
     [90m 80 |[39m         [33m.[39mthen((price) [33m=>[39m {
    [31m[1m>[22m[39m[90m 81 |[39m           setXlmPrice(price)[33m;[39m
     [90m    |[39m           [31m[1m^[22m[39m
     [90m 82 |[39m           setPriceFetchFailed([36mfalse[39m)[33m;[39m
     [90m 83 |[39m         })
     [90m 84 |[39m         [33m.[39m[36mcatch[39m((err) [33m=>[39m 
{[0m

      at printWarning 
(node_modules/react-dom/cjs/react-dom.development.js:86:30)
      at error (node_modules/react-dom/cjs/react-dom.development.js:60:7)
      at warnIfUpdatesNotWrappedWithActDEV 
(node_modules/react-dom/cjs/react-dom.development.js:27628:9)
      at scheduleUpdateOnFiber 
(node_modules/react-dom/cjs/react-dom.development.js:25547:5)
      at dispatchSetState 
(node_modules/react-dom/cjs/react-dom.development.js:16708:7)
      at setXlmPrice (components/tipping/TipModal.tsx:81:11)

    console.error
      Warning: An update to TipModal inside a test was not wrapped in act(...).
      
      When testing, code that causes React state updates should be wrapped 
into act(...):
      
      act(() => {
        /* fire events that update state */
      });
      /* assert on the output */
      
      This ensures that you're testing the behavior the user would see in the 
browser. Learn more at https://reactjs.org/link/wrap-tests-with-act
          at isOpen (C:\Users\USER\code_data\streamfi-frontend\components\tippi
ng\TipModal.tsx:49:3)

    [0m [90m 80 |[39m         [33m.[39mthen((price) [33m=>[39m {
     [90m 81 |[39m           setXlmPrice(price)[33m;[39m
    [31m[1m>[22m[39m[90m 82 |[39m           
setPriceFetchFailed([36mfalse[39m)[33m;[39m
     [90m    |[39m           [31m[1m^[22m[39m
     [90m 83 |[39m         })
     [90m 84 |[39m         [33m.[39m[36mcatch[39m((err) [33m=>[39m {
     [90m 85 |[39m           console[33m.[39merror([32m"Failed to fetch 
XLM price:"[39m[33m,[39m err)[33m;[39m[0m

      at printWarning 
(node_modules/react-dom/cjs/react-dom.development.js:86:30)
      at error (node_modules/react-dom/cjs/react-dom.development.js:60:7)
      at warnIfUpdatesNotWrappedWithActDEV 
(node_modules/react-dom/cjs/react-dom.development.js:27628:9)
      at scheduleUpdateOnFiber 
(node_modules/react-dom/cjs/react-dom.development.js:25547:5)
      at dispatchSetState 
(node_modules/react-dom/cjs/react-dom.development.js:16708:7)
      at setPriceFetchFailed (components/tipping/TipModal.tsx:82:11)

    console.error
      Warning: An update to TipModal inside a test was not wrapped in act(...).
      
      When testing, code that causes React state updates should be wrapped 
into act(...):
      
      act(() => {
        /* fire events that update state */
      });
      /* assert on the output */
      
      This ensures that you're testing the behavior the user would see in the 
browser. Learn more at https://reactjs.org/link/wrap-tests-with-act
          at isOpen (C:\Users\USER\code_data\streamfi-frontend\components\tippi
ng\TipModal.tsx:49:3)

    [0m [90m 86 |[39m           
setPriceFetchFailed([36mtrue[39m)[33m;[39m
     [90m 87 |[39m         })
    [31m[1m>[22m[39m[90m 88 |[39m         
[33m.[39m[36mfinally[39m(() [33m=>[39m 
setIsLoadingPrice([36mfalse[39m))[33m;[39m
     [90m    |[39m                        [31m[1m^[22m[39m
     [90m 89 |[39m     }
     [90m 90 |[39m   }[33m,[39m [isOpen])[33m;[39m
     [90m 91 |[39m[0m

      at printWarning 
(node_modules/react-dom/cjs/react-dom.development.js:86:30)

      at error (node_modules/react-dom/cjs/react-dom.development.js:60:7)
      at warnIfUpdatesNotWrappedWithActDEV 
(node_modules/react-dom/cjs/react-dom.development.js:27628:9)
      at scheduleUpdateOnFiber 
(node_modules/react-dom/cjs/react-dom.development.js:25547:5)
      at dispatchSetState 
(node_modules/react-dom/cjs/react-dom.development.js:16708:7)
      at setIsLoadingPrice (components/tipping/TipModal.tsx:88:24)

    console.error
      Warning: An update to TipModal inside a test was not wrapped in act(...).
      
      When testing, code that causes React state updates should be wrapped 
into act(...):
      
      act(() => {
        /* fire events that update state */
      });
      /* assert on the output */
      
      This ensures that you're testing the behavior the user would see in the 
browser. Learn more at https://reactjs.org/link/wrap-tests-with-act
          at isOpen (C:\Users\USER\code_data\streamfi-frontend\components\tippi
ng\TipModal.tsx:49:3)

    [0m [90m 79 |[39m       getXLMPrice()
     [90m 80 |[39m         [33m.[39mthen((price) [33m=>[39m {
    [31m[1m>[22m[39m[90m 81 |[39m           setXlmPrice(price)[33m;[39m
     [90m    |[39m           [31m[1m^[22m[39m
     [90m 82 |[39m           setPriceFetchFailed([36mfalse[39m)[33m;[39m
     [90m 83 |[39m         })
     [90m 84 |[39m         [33m.[39m[36mcatch[39m((err) [33m=>[39m 
{[0m

      at printWarning 
(node_modules/react-dom/cjs/react-dom.development.js:86:30)
      at error (node_modules/react-dom/cjs/react-dom.development.js:60:7)
      at warnIfUpdatesNotWrappedWithActDEV 
(node_modules/react-dom/cjs/react-dom.development.js:27628:9)
      at scheduleUpdateOnFiber 
(node_modules/react-dom/cjs/react-dom.development.js:25547:5)
      at dispatchSetState 
(node_modules/react-dom/cjs/react-dom.development.js:16708:7)
      at setXlmPrice (components/tipping/TipModal.tsx:81:11)

    console.error
      Warning: An update to TipModal inside a test was not wrapped in act(...).
      
      When testing, code that causes React state updates should be wrapped 
into act(...):
      
      act(() => {
        /* fire events that update state */
      });
      /* assert on the output */
      
      This ensures that you're testing the behavior the user would see in the 
browser. Learn more at https://reactjs.org/link/wrap-tests-with-act
          at isOpen (C:\Users\USER\code_data\streamfi-frontend\components\tippi
ng\TipModal.tsx:49:3)

    [0m [90m 80 |[39m         [33m.[39mthen((price) [33m=>[39m {
     [90m 81 |[39m           setXlmPrice(price)[33m;[39m
    [31m[1m>[22m[39m[90m 82 |[39m           
setPriceFetchFailed([36mfalse[39m)[33m;[39m
     [90m    |[39m           [31m[1m^[22m[39m
     [90m 83 |[39m         })
     [90m 84 |[39m         [33m.[39m[36mcatch[39m((err) [33m=>[39m {
     [90m 85 |[39m           console[33m.[39merror([32m"Failed to fetch 
XLM price:"[39m[33m,[39m err)[33m;[39m[0m

      at printWarning 
(node_modules/react-dom/cjs/react-dom.development.js:86:30)
      at error (node_modules/react-dom/cjs/react-dom.development.js:60:7)
      at warnIfUpdatesNotWrappedWithActDEV 
(node_modules/react-dom/cjs/react-dom.development.js:27628:9)
      at scheduleUpdateOnFiber 
(node_modules/react-dom/cjs/react-dom.development.js:25547:5)
      at dispatchSetState 
(node_modules/react-dom/cjs/react-dom.development.js:16708:7)
      at setPriceFetchFailed (components/tipping/TipModal.tsx:82:11)

    console.error
      Warning: An update to TipModal inside a test was not wrapped in act(...).
      
      When testing, code that causes React state updates should be wrapped 
into act(...):
      
      act(() => {
        /* fire events that update state */
      });
      /* assert on the output */
      
      This ensures that you're testing the behavior the user would see in the 
browser. Learn more at https://reactjs.org/link/wrap-tests-with-act
          at isOpen (C:\Users\USER\code_data\streamfi-frontend\components\tippi
ng\TipModal.tsx:49:3)

    [0m 
[90m 86 |[39m           setPriceFetchFailed([36mtrue[39m)[33m;[39m
     [90m 87 |[39m         })
    [31m[1m>[22m[39m[90m 88 |[39m         
[33m.[39m[36mfinally[39m(() [33m=>[39m 
setIsLoadingPrice([36mfalse[39m))[33m;[39m
     [90m    |[39m                        [31m[1m^[22m[39m
     [90m 89 |[39m     }
     [90m 90 |[39m   }[33m,[39m [isOpen])[33m;[39m
     [90m 91 |[39m[0m

      at printWarning 
(node_modules/react-dom/cjs/react-dom.development.js:86:30)
      at error (node_modules/react-dom/cjs/react-dom.development.js:60:7)
      at warnIfUpdatesNotWrappedWithActDEV 
(node_modules/react-dom/cjs/react-dom.development.js:27628:9)
      at scheduleUpdateOnFiber 
(node_modules/react-dom/cjs/react-dom.development.js:25547:5)
      at dispatchSetState 
(node_modules/react-dom/cjs/react-dom.development.js:16708:7)
      at setIsLoadingPrice (components/tipping/TipModal.tsx:88:24)

    console.error
      Warning: An update to TipModal inside a test was not wrapped in act(...).
      
      When testing, code that causes React state updates should be wrapped 
into act(...):
      
      act(() => {
        /* fire events that update state */
      });
      /* assert on the output */
      
      This ensures that you're testing the behavior the user would see in the 
browser. Learn more at https://reactjs.org/link/wrap-tests-with-act
          at isOpen (C:\Users\USER\code_data\streamfi-frontend\components\tippi
ng\TipModal.tsx:49:3)

    [0m [90m 79 |[39m       getXLMPrice()
     [90m 80 |[39m         [33m.[39mthen((price) [33m=>[39m {
    [31m[1m>[22m[39m[90m 81 |[39m           setXlmPrice(price)[33m;[39m
     [90m    |[39m           [31m[1m^[22m[39m
     [90m 82 |[39m           setPriceFetchFailed([36mfalse[39m)[33m;[39m
     [90m 83 |[39m         })
     [90m 84 |[39m         [33m.[39m[36mcatch[39m((err) [33m=>[39m 
{[0m

      at printWarning 
(node_modules/react-dom/cjs/react-dom.development.js:86:30)
      at error (node_modules/react-dom/cjs/react-dom.development.js:60:7)
      at warnIfUpdatesNotWrappedWithActDEV 
(node_modules/react-dom/cjs/react-dom.development.js:27628:9)
      at scheduleUpdateOnFiber 
(node_modules/react-dom/cjs/react-dom.development.js:25547:5)
      at dispatchSetState 
(node_modules/react-dom/cjs/react-dom.development.js:16708:7)
      at setXlmPrice (components/tipping/TipModal.tsx:81:11)

    console.error
      Warning: An update to TipModal inside a test was not wrapped in act(...).
      
      When testing, code that causes React state updates should be wrapped 
into act(...):
      
      act(() => {
        /* fire events that update state */
      });
      /* assert on the output */
      
      This ensures that you're testing the behavior the user would see in the 
browser. Learn more at https://reactjs.org/link/wrap-tests-with-act
          at isOpen (C:\Users\USER\code_data\streamfi-frontend\components\tippi
ng\TipModal.tsx:49:3)

    [0m [90m 80 |[39m         [33m.[39mthen((price) [33m=>[39m {
     [90m 81 |[39m           setXlmPrice(price)[33m;[39m
    [31m[1m>[22m[39m[90m 82 |[39m           
setPriceFetchFailed([36mfalse[39m)[33m;[39m
     [90m    |[39m           [31m[1m^[22m[39m
     [90m 83 |[39m         })
     [90m 84 |[39m         [33m.[39m[36mcatch[39m((err) [33m=>[39m {
     [90m 85 |[39m           console[33m.[39merror([32m"Failed to fetch 
XLM price:"[39m[33m,[39m err)[33m;[39m[0m

      at printWarning 
(node_modules/react-dom/cjs/react-dom.development.js:86:30)
      at error (node_modules/react-dom/cjs/react-dom.development.js:60:7)
      at warnIfUpdatesNotWrappedWithActDEV 
(node_modules/react-dom/cjs/react-dom.development.js:27628:9)
      at scheduleUpdateOnFiber 
(node_modules/react-dom/cjs/react-dom.development.js:25547:5)
      at dispatchSetState 
(node_modules/react-dom/cjs/react-dom.development.js:16708:7)
      at setPriceFetchFailed (components/tipping/TipModal.tsx:82:11)

    console.error
      Warning: An update to TipModal inside a test wa
s not wrapped in act(...).
      
      When testing, code that causes React state updates should be wrapped 
into act(...):
      
      act(() => {
        /* fire events that update state */
      });
      /* assert on the output */
      
      This ensures that you're testing the behavior the user would see in the 
browser. Learn more at https://reactjs.org/link/wrap-tests-with-act
          at isOpen (C:\Users\USER\code_data\streamfi-frontend\components\tippi
ng\TipModal.tsx:49:3)

    [0m [90m 86 |[39m           
setPriceFetchFailed([36mtrue[39m)[33m;[39m
     [90m 87 |[39m         })
    [31m[1m>[22m[39m[90m 88 |[39m         
[33m.[39m[36mfinally[39m(() [33m=>[39m 
setIsLoadingPrice([36mfalse[39m))[33m;[39m
     [90m    |[39m                        [31m[1m^[22m[39m
     [90m 89 |[39m     }
     [90m 90 |[39m   }[33m,[39m [isOpen])[33m;[39m
     [90m 91 |[39m[0m

      at printWarning 
(node_modules/react-dom/cjs/react-dom.development.js:86:30)
      at error (node_modules/react-dom/cjs/react-dom.development.js:60:7)
      at warnIfUpdatesNotWrappedWithActDEV 
(node_modules/react-dom/cjs/react-dom.development.js:27628:9)
      at scheduleUpdateOnFiber 
(node_modules/react-dom/cjs/react-dom.development.js:25547:5)
      at dispatchSetState 
(node_modules/react-dom/cjs/react-dom.development.js:16708:7)
      at setIsLoadingPrice (components/tipping/TipModal.tsx:88:24)

    console.error
      Warning: An update to TipModal inside a test was not wrapped in act(...).
      
      When testing, code that causes React state updates should be wrapped 
into act(...):
      
      act(() => {
        /* fire events that update state */
      });
      /* assert on the output */
      
      This ensures that you're testing the behavior the user would see in the 
browser. Learn more at https://reactjs.org/link/wrap-tests-with-act
          at isOpen (C:\Users\USER\code_data\streamfi-frontend\components\tippi
ng\TipModal.tsx:49:3)

    [0m [90m 79 |[39m       getXLMPrice()
     [90m 80 |[39m         [33m.[39mthen((price) [33m=>[39m {
    [31m[1m>[22m[39m[90m 81 |[39m           setXlmPrice(price)[33m;[39m
     [90m    |[39m           [31m[1m^[22m[39m
     [90m 82 |[39m           setPriceFetchFailed([36mfalse[39m)[33m;[39m
     [90m 83 |[39m         })
     [90m 84 |[39m         [33m.[39m[36mcatch[39m((err) [33m=>[39m 
{[0m

      at printWarning 
(node_modules/react-dom/cjs/react-dom.development.js:86:30)
      at error (node_modules/react-dom/cjs/react-dom.development.js:60:7)
      at warnIfUpdatesNotWrappedWithActDEV 
(node_modules/react-dom/cjs/react-dom.development.js:27628:9)
      at scheduleUpdateOnFiber 
(node_modules/react-dom/cjs/react-dom.development.js:25547:5)
      at dispatchSetState 
(node_modules/react-dom/cjs/react-dom.development.js:16708:7)
      at setXlmPrice (components/tipping/TipModal.tsx:81:11)

    console.error
      Warning: An update to TipModal inside a test was not wrapped in act(...).
      
      When testing, code that causes React state updates should be wrapped 
into act(...):
      
      act(() => {
        /* fire events that update state */
      });
      /* assert on the output */
      
      This ensures that you're testing the behavior the user would see in the 
browser. Learn more at https://reactjs.org/link/wrap-tests-with-act
          at isOpen (C:\Users\USER\code_data\streamfi-frontend\components\tippi
ng\TipModal.tsx:49:3)

    [0m [90m 80 |[39m         [33m.[39mthen((price) [33m=>[39m {
     [90m 81 |[39m           setXlmPrice(price)[33m;[39m
    [31m[1m>[22m[39m[90m 82 |[39m           
setPriceFetchFailed([36mfalse[39m)[33m;[39m
     [90m    |[39m           [31m[1m^[22m[39m
     [90m 83 |[39m         })
     [90m 84 |[39m         [33m.[39m[36mcatch[39m((err) [33m=>[39m {
     [90m 85 |[39m           console[33m.[39merror([32m"Failed to fetch 
XLM price:"[39m[33m,[39m err)[33m;[39m[0m

      at printWarning 
(node_modules/react-dom/cjs/react-dom.development.js:86:30)

      at error (node_modules/react-dom/cjs/react-dom.development.js:60:7)
      at warnIfUpdatesNotWrappedWithActDEV 
(node_modules/react-dom/cjs/react-dom.development.js:27628:9)
      at scheduleUpdateOnFiber 
(node_modules/react-dom/cjs/react-dom.development.js:25547:5)
      at dispatchSetState 
(node_modules/react-dom/cjs/react-dom.development.js:16708:7)
      at setPriceFetchFailed (components/tipping/TipModal.tsx:82:11)

    console.error
      Warning: An update to TipModal inside a test was not wrapped in act(...).
      
      When testing, code that causes React state updates should be wrapped 
into act(...):
      
      act(() => {
        /* fire events that update state */
      });
      /* assert on the output */
      
      This ensures that you're testing the behavior the user would see in the 
browser. Learn more at https://reactjs.org/link/wrap-tests-with-act
          at isOpen (C:\Users\USER\code_data\streamfi-frontend\components\tippi
ng\TipModal.tsx:49:3)

    [0m [90m 86 |[39m           
setPriceFetchFailed([36mtrue[39m)[33m;[39m
     [90m 87 |[39m         })
    [31m[1m>[22m[39m[90m 88 |[39m         
[33m.[39m[36mfinally[39m(() [33m=>[39m 
setIsLoadingPrice([36mfalse[39m))[33m;[39m
     [90m    |[39m                        [31m[1m^[22m[39m
     [90m 89 |[39m     }
     [90m 90 |[39m   }[33m,[39m [isOpen])[33m;[39m
     [90m 91 |[39m[0m

      at printWarning 
(node_modules/react-dom/cjs/react-dom.development.js:86:30)
      at error (node_modules/react-dom/cjs/react-dom.development.js:60:7)
      at warnIfUpdatesNotWrappedWithActDEV 
(node_modules/react-dom/cjs/react-dom.development.js:27628:9)
      at scheduleUpdateOnFiber 
(node_modules/react-dom/cjs/react-dom.development.js:25547:5)
      at dispatchSetState 
(node_modules/react-dom/cjs/react-dom.development.js:16708:7)
      at setIsLoadingPrice (components/tipping/TipModal.tsx:88:24)

    console.error
      Warning: An update to TipModal inside a test was not wrapped in act(...).
      
      When testing, code that causes React state updates should be wrapped 
into act(...):
      
      act(() => {
        /* fire events that update state */
      });
      /* assert on the output */
      
      This ensures that you're testing the behavior the user would see in the 
browser. Learn more at https://reactjs.org/link/wrap-tests-with-act
          at isOpen (C:\Users\USER\code_data\streamfi-frontend\components\tippi
ng\TipModal.tsx:49:3)

    [0m [90m 79 |[39m       getXLMPrice()
     [90m 80 |[39m         [33m.[39mthen((price) [33m=>[39m {
    [31m[1m>[22m[39m[90m 81 |[39m           setXlmPrice(price)[33m;[39m
     [90m    |[39m           [31m[1m^[22m[39m
     [90m 82 |[39m           setPriceFetchFailed([36mfalse[39m)[33m;[39m
     [90m 83 |[39m         })
     [90m 84 |[39m         [33m.[39m[36mcatch[39m((err) [33m=>[39m 
{[0m

      at printWarning 
(node_modules/react-dom/cjs/react-dom.development.js:86:30)
      at error (node_modules/react-dom/cjs/react-dom.development.js:60:7)
      at warnIfUpdatesNotWrappedWithActDEV 
(node_modules/react-dom/cjs/react-dom.development.js:27628:9)
      at scheduleUpdateOnFiber 
(node_modules/react-dom/cjs/react-dom.development.js:25547:5)
      at dispatchSetState 
(node_modules/react-dom/cjs/react-dom.development.js:16708:7)
      at setXlmPrice (components/tipping/TipModal.tsx:81:11)

    console.error
      Warning: An update to TipModal inside a test was not wrapped in act(...).
      
      When testing, code that causes React state updates should be wrapped 
into act(...):
      
      act(() => {
        /* fire events that update state */
      });
      /* assert on the output */
      
      This ensures that you're testing the behavior the user would see in the 
browser. Learn more at https://reactjs.org/link/wrap-tests-with-act
          at isOpen (C:\Users\USER\code_data\streamfi-frontend\components\tippi
ng\TipModal.tsx:49:3)

    [0m [90m 80 |[39m         [33m.[39mthen((price) [33m=>[39m {
     [90m 81 |[39m       
    setXlmPrice(price)[33m;[39m
    [31m[1m>[22m[39m[90m 82 |[39m           
setPriceFetchFailed([36mfalse[39m)[33m;[39m
     [90m    |[39m           [31m[1m^[22m[39m
     [90m 83 |[39m         })
     [90m 84 |[39m         [33m.[39m[36mcatch[39m((err) [33m=>[39m {
     [90m 85 |[39m           console[33m.[39merror([32m"Failed to fetch 
XLM price:"[39m[33m,[39m err)[33m;[39m[0m

      at printWarning 
(node_modules/react-dom/cjs/react-dom.development.js:86:30)
      at error (node_modules/react-dom/cjs/react-dom.development.js:60:7)
      at warnIfUpdatesNotWrappedWithActDEV 
(node_modules/react-dom/cjs/react-dom.development.js:27628:9)
      at scheduleUpdateOnFiber 
(node_modules/react-dom/cjs/react-dom.development.js:25547:5)
      at dispatchSetState 
(node_modules/react-dom/cjs/react-dom.development.js:16708:7)
      at setPriceFetchFailed (components/tipping/TipModal.tsx:82:11)

    console.error
      Warning: An update to TipModal inside a test was not wrapped in act(...).
      
      When testing, code that causes React state updates should be wrapped 
into act(...):
      
      act(() => {
        /* fire events that update state */
      });
      /* assert on the output */
      
      This ensures that you're testing the behavior the user would see in the 
browser. Learn more at https://reactjs.org/link/wrap-tests-with-act
          at isOpen (C:\Users\USER\code_data\streamfi-frontend\components\tippi
ng\TipModal.tsx:49:3)

    [0m [90m 86 |[39m           
setPriceFetchFailed([36mtrue[39m)[33m;[39m
     [90m 87 |[39m         })
    [31m[1m>[22m[39m[90m 88 |[39m         
[33m.[39m[36mfinally[39m(() [33m=>[39m 
setIsLoadingPrice([36mfalse[39m))[33m;[39m
     [90m    |[39m                        [31m[1m^[22m[39m
     [90m 89 |[39m     }
     [90m 90 |[39m   }[33m,[39m [isOpen])[33m;[39m
     [90m 91 |[39m[0m

      at printWarning 
(node_modules/react-dom/cjs/react-dom.development.js:86:30)
      at error (node_modules/react-dom/cjs/react-dom.development.js:60:7)
      at warnIfUpdatesNotWrappedWithActDEV 
(node_modules/react-dom/cjs/react-dom.development.js:27628:9)
      at scheduleUpdateOnFiber 
(node_modules/react-dom/cjs/react-dom.development.js:25547:5)
      at dispatchSetState 
(node_modules/react-dom/cjs/react-dom.development.js:16708:7)
      at setIsLoadingPrice (components/tipping/TipModal.tsx:88:24)

    console.error
      Failed to fetch XLM price: Error: API error
          at Object.<anonymous> (C:\Users\USER\code_data\streamfi-frontend\comp
onents\tipping\__tests__\TipModal.test.tsx:342:68)
          at Promise.finally.completed (C:\Users\USER\code_data\streamfi-fronte
nd\node_modules\jest-circus\build\jestAdapterInit.js:1557:28)
          at new Promise (<anonymous>)
          at callAsyncCircusFn (C:\Users\USER\code_data\streamfi-frontend\node_
modules\jest-circus\build\jestAdapterInit.js:1497:10)
          at _callCircusTest (C:\Users\USER\code_data\streamfi-frontend\node_mo
dules\jest-circus\build\jestAdapterInit.js:1007:40)
          at _runTest (C:\Users\USER\code_data\streamfi-frontend\node_modules\j
est-circus\build\jestAdapterInit.js:947:3)
          at C:\Users\USER\code_data\streamfi-frontend\node_modules\jest-circus
\build\jestAdapterInit.js:849:7
          at _runTestsForDescribeBlock (C:\Users\USER\code_data\streamfi-fronte
nd\node_modules\jest-circus\build\jestAdapterInit.js:862:11)
          at _runTestsForDescribeBlock (C:\Users\USER\code_data\streamfi-fronte
nd\node_modules\jest-circus\build\jestAdapterInit.js:857:11)
          at _runTestsForDescribeBlock (C:\Users\USER\code_data\streamfi-fronte
nd\node_modules\jest-circus\build\jestAdapterInit.js:857:11)
          at run (C:\Users\USER\code_data\streamfi-frontend\node_modules\jest-c
ircus\build\jestAdapterInit.js:761:3)
          at runAndTransformResultsToJestFormat (C:\Users\USER\code_data\stream
fi-frontend\node_modules\jest-circus\build\jestAdapterInit.js:1918:21)
          at jestAdapter 
(C:\Users\USER\code_data\streamfi-frontend\node_modules\jest-circus\build\run
ner.js:101:19)
          at runTestInternal (C:\Users\USER\code_data\streamfi-frontend\node_mo
dules\jest-runner\build\testWorker.js:275:16)
          at runTest (C:\Users\USER\code_data\streamfi-frontend\node_modules\je
st-runner\build\testWorker.js:343:7)
          at Object.worker (C:\Users\USER\code_data\streamfi-frontend\node_modu
les\jest-runner\build\testWorker.js:497:12)

    [0m [90m 83 |[39m         })
     [90m 84 |[39m         [33m.[39m[36mcatch[39m((err) [33m=>[39m {
    [31m[1m>[22m[39m[90m 85 |[39m           
console[33m.[39merror([32m"Failed to fetch XLM price:"[39m[33m,[39m 
err)[33m;[39m
     [90m    |[39m                   [31m[1m^[22m[39m
     [90m 86 |[39m           setPriceFetchFailed([36mtrue[39m)[33m;[39m
     [90m 87 |[39m         })
     [90m 88 |[39m         [33m.[39m[36mfinally[39m(() [33m=>[39m 
setIsLoadingPrice([36mfalse[39m))[33m;[39m[0m

      at error (components/tipping/TipModal.tsx:85:19)

    console.error
      Warning: An update to TipModal inside a test was not wrapped in act(...).
      
      When testing, code that causes React state updates should be wrapped 
into act(...):
      
      act(() => {
        /* fire events that update state */
      });
      /* assert on the output */
      
      This ensures that you're testing the behavior the user would see in the 
browser. Learn more at https://reactjs.org/link/wrap-tests-with-act
          at isOpen (C:\Users\USER\code_data\streamfi-frontend\components\tippi
ng\TipModal.tsx:49:3)

    [0m [90m 79 |[39m       getXLMPrice()
     [90m 80 |[39m         [33m.[39mthen((price) [33m=>[39m {
    [31m[1m>[22m[39m[90m 81 |[39m           setXlmPrice(price)[33m;[39m
     [90m    |[39m           [31m[1m^[22m[39m
     [90m 82 |[39m           setPriceFetchFailed([36mfalse[39m)[33m;[39m
     [90m 83 |[39m         })
     [90m 84 |[39m         [33m.[39m[36mcatch[39m((err) [33m=>[39m 
{[0m

      at printWarning 
(node_modules/react-dom/cjs/react-dom.development.js:86:30)
      at error (node_modules/react-dom/cjs/react-dom.development.js:60:7)
      at warnIfUpdatesNotWrappedWithActDEV 
(node_modules/react-dom/cjs/react-dom.development.js:27628:9)
      at scheduleUpdateOnFiber 
(node_modules/react-dom/cjs/react-dom.development.js:25547:5)
      at dispatchSetState 
(node_modules/react-dom/cjs/react-dom.development.js:16708:7)
      at setXlmPrice (components/tipping/TipModal.tsx:81:11)

    console.error
      Warning: An update to TipModal inside a test was not wrapped in act(...).
      
      When testing, code that causes React state updates should be wrapped 
into act(...):
      
      act(() => {
        /* fire events that update state */
      });
      /* assert on the output */
      
      This ensures that you're testing the behavior the user would see in the 
browser. Learn more at https://reactjs.org/link/wrap-tests-with-act
          at isOpen (C:\Users\USER\code_data\streamfi-frontend\components\tippi
ng\TipModal.tsx:49:3)

    [0m [90m 80 |[39m         [33m.[39mthen((price) [33m=>[39m {
     [90m 81 |[39m           setXlmPrice(price)[33m;[39m
    [31m[1m>[22m[39m[90m 82 |[39m           
setPriceFetchFailed([36mfalse[39m)[33m;[39m
     [90m    |[39m           [31m[1m^[22m[39m
     [90m 83 |[39m         })
     [90m 84 |[39m         [33m.[39m[36mcatch[39m((err) [33m=>[39m {
     [90m 85 |[39m           console[33m.[39merror([32m"Failed to fetch 
XLM price:"[39m[33m,[39m err)[33m;[39m[0m

      at printWarning 
(node_modules/react-dom/cjs/react-dom.development.js:86:30)
      at error (node_modules/react-dom/cjs/react-dom.development.js:60:7)
      at warnIfUpdatesNotWrappedWithActDEV 
(node_modules/react-dom/cjs/react-dom.development.js:27628:9)
      at scheduleUpdateOnFiber 
(node_modules/react-dom/cjs/react-dom.development.js:25547:5)
      at dispatchSetState 
(node_modules/react-dom/cjs/react-dom.development.js:16708:7)
      at setPriceFetchFailed (components/tipping/TipModal.tsx:82:11)

    console.err
or
      Warning: An update to TipModal inside a test was not wrapped in act(...).
      
      When testing, code that causes React state updates should be wrapped 
into act(...):
      
      act(() => {
        /* fire events that update state */
      });
      /* assert on the output */
      
      This ensures that you're testing the behavior the user would see in the 
browser. Learn more at https://reactjs.org/link/wrap-tests-with-act
          at isOpen (C:\Users\USER\code_data\streamfi-frontend\components\tippi
ng\TipModal.tsx:49:3)

    [0m [90m 86 |[39m           
setPriceFetchFailed([36mtrue[39m)[33m;[39m
     [90m 87 |[39m         })
    [31m[1m>[22m[39m[90m 88 |[39m         
[33m.[39m[36mfinally[39m(() [33m=>[39m 
setIsLoadingPrice([36mfalse[39m))[33m;[39m
     [90m    |[39m                        [31m[1m^[22m[39m
     [90m 89 |[39m     }
     [90m 90 |[39m   }[33m,[39m [isOpen])[33m;[39m
     [90m 91 |[39m[0m

      at printWarning 
(node_modules/react-dom/cjs/react-dom.development.js:86:30)
      at error (node_modules/react-dom/cjs/react-dom.development.js:60:7)
      at warnIfUpdatesNotWrappedWithActDEV 
(node_modules/react-dom/cjs/react-dom.development.js:27628:9)
      at scheduleUpdateOnFiber 
(node_modules/react-dom/cjs/react-dom.development.js:25547:5)
      at dispatchSetState 
(node_modules/react-dom/cjs/react-dom.development.js:16708:7)
      at setIsLoadingPrice (components/tipping/TipModal.tsx:88:24)

    console.error
      Warning: An update to TipModal inside a test was not wrapped in act(...).
      
      When testing, code that causes React state updates should be wrapped 
into act(...):
      
      act(() => {
        /* fire events that update state */
      });
      /* assert on the output */
      
      This ensures that you're testing the behavior the user would see in the 
browser. Learn more at https://reactjs.org/link/wrap-tests-with-act
          at isOpen (C:\Users\USER\code_data\streamfi-frontend\components\tippi
ng\TipModal.tsx:49:3)

    [0m [90m 79 |[39m       getXLMPrice()
     [90m 80 |[39m         [33m.[39mthen((price) [33m=>[39m {
    [31m[1m>[22m[39m[90m 81 |[39m           setXlmPrice(price)[33m;[39m
     [90m    |[39m           [31m[1m^[22m[39m
     [90m 82 |[39m           setPriceFetchFailed([36mfalse[39m)[33m;[39m
     [90m 83 |[39m         })
     [90m 84 |[39m         [33m.[39m[36mcatch[39m((err) [33m=>[39m 
{[0m

      at printWarning 
(node_modules/react-dom/cjs/react-dom.development.js:86:30)
      at error (node_modules/react-dom/cjs/react-dom.development.js:60:7)
      at warnIfUpdatesNotWrappedWithActDEV 
(node_modules/react-dom/cjs/react-dom.development.js:27628:9)
      at scheduleUpdateOnFiber 
(node_modules/react-dom/cjs/react-dom.development.js:25547:5)
      at dispatchSetState 
(node_modules/react-dom/cjs/react-dom.development.js:16708:7)
      at setXlmPrice (components/tipping/TipModal.tsx:81:11)

    console.error
      Warning: An update to TipModal inside a test was not wrapped in act(...).
      
      When testing, code that causes React state updates should be wrapped 
into act(...):
      
      act(() => {
        /* fire events that update state */
      });
      /* assert on the output */
      
      This ensures that you're testing the behavior the user would see in the 
browser. Learn more at https://reactjs.org/link/wrap-tests-with-act
          at isOpen (C:\Users\USER\code_data\streamfi-frontend\components\tippi
ng\TipModal.tsx:49:3)

    [0m [90m 80 |[39m         [33m.[39mthen((price) [33m=>[39m {
     [90m 81 |[39m           setXlmPrice(price)[33m;[39m
    [31m[1m>[22m[39m[90m 82 |[39m           
setPriceFetchFailed([36mfalse[39m)[33m;[39m
     [90m    |[39m           [31m[1m^[22m[39m
     [90m 83 |[39m         })
     [90m 84 |[39m         [33m.[39m[36mcatch[39m((err) [33m=>[39m {
     [90m 85 |[39m           console[33m.[39merror([32m"Failed to fetch 
XLM price:"[39m[33m,[39m err)[33m;[39m[0m

      at printWarning (nod
e_modules/react-dom/cjs/react-dom.development.js:86:30)
      at error (node_modules/react-dom/cjs/react-dom.development.js:60:7)
      at warnIfUpdatesNotWrappedWithActDEV 
(node_modules/react-dom/cjs/react-dom.development.js:27628:9)
      at scheduleUpdateOnFiber 
(node_modules/react-dom/cjs/react-dom.development.js:25547:5)
      at dispatchSetState 
(node_modules/react-dom/cjs/react-dom.development.js:16708:7)
      at setPriceFetchFailed (components/tipping/TipModal.tsx:82:11)

    console.error
      Warning: An update to TipModal inside a test was not wrapped in act(...).
      
      When testing, code that causes React state updates should be wrapped 
into act(...):
      
      act(() => {
        /* fire events that update state */
      });
      /* assert on the output */
      
      This ensures that you're testing the behavior the user would see in the 
browser. Learn more at https://reactjs.org/link/wrap-tests-with-act
          at isOpen (C:\Users\USER\code_data\streamfi-frontend\components\tippi
ng\TipModal.tsx:49:3)

    [0m [90m 86 |[39m           
setPriceFetchFailed([36mtrue[39m)[33m;[39m
     [90m 87 |[39m         })
    [31m[1m>[22m[39m[90m 88 |[39m         
[33m.[39m[36mfinally[39m(() [33m=>[39m 
setIsLoadingPrice([36mfalse[39m))[33m;[39m
     [90m    |[39m                        [31m[1m^[22m[39m
     [90m 89 |[39m     }
     [90m 90 |[39m   }[33m,[39m [isOpen])[33m;[39m
     [90m 91 |[39m[0m

      at printWarning 
(node_modules/react-dom/cjs/react-dom.development.js:86:30)
      at error (node_modules/react-dom/cjs/react-dom.development.js:60:7)
      at warnIfUpdatesNotWrappedWithActDEV 
(node_modules/react-dom/cjs/react-dom.development.js:27628:9)
      at scheduleUpdateOnFiber 
(node_modules/react-dom/cjs/react-dom.development.js:25547:5)
      at dispatchSetState 
(node_modules/react-dom/cjs/react-dom.development.js:16708:7)
      at setIsLoadingPrice (components/tipping/TipModal.tsx:88:24)


  ΓùÅ TipModal ΓÇ║ Custom Amount Validation ΓÇ║ should show error for negative 
amounts

    TestingLibraryElementError: Found multiple elements with the text: Send Tip

    Here are the matching elements:

    Ignored nodes: comments, script, style
    [36m<h2>[39m
      [0mSend Tip[0m
    [36m</h2>[39m

    Ignored nodes: comments, script, style
    [36m<button[39m
      [33mclass[39m=[32m"inline-flex items-center justify-center gap-2 
whitespace-nowrap rounded-md text-sm font-medium transition-colors 
focus-visible:outline-none focus-visible:ring-1 focus-visible:ring-ring 
disabled:pointer-events-none disabled:opacity-50 [&_svg]:pointer-events-none 
[&_svg]:size-4 [&_svg]:shrink-0 bg-primary shadow hover:bg-primary/90 h-9 px-4 
py-2 flex-1"[39m
      [33mdisabled[39m=[32m""[39m
    [36m>[39m
      [0mSend Tip[0m
    [36m</button>[39m

    (If this is intentional, then use the `*AllBy*` variant of the query (like 
`queryAllByText`, `getAllByText`, or `findAllByText`)).

    Ignored nodes: comments, script, style
    [36m<body>[39m
      [36m<div>[39m
        [36m<div[39m
          [33mdata-testid[39m=[32m"dialog"[39m
          [33mstyle[39m=[32m"display: block;"[39m
        [36m>[39m
          [36m<div>[39m
            [36m<div>[39m
              [36m<h2>[39m
                [0mSend Tip[0m
              [36m</h2>[39m
              [36m<p>[39m
                [0mSend a tip to @testuser[0m
              [36m</p>[39m
            [36m</div>[39m
            [36m<div[39m
              [33mclass[39m=[32m"space-y-6 py-4"[39m
            [36m>[39m
              [36m<div[39m
                [33mclass[39m=[32m"flex items-center gap-3 p-3 bg-muted 
rounded-lg"[39m
              [36m>[39m
                [36m<div[39m
                  [33mdata-testid[39m=[32m"avatar"[39m
                [36m>[39m
                  [36m<img[39m
                    [33mdata-testid[39m=[32m"avatar-image"[39m
                  [36m/>[39m
                  [36m<div>[39m
                    [0mTE[0m
                  [36m</div>[39m
                [36m</div>[39m
                [36m<div>[39m
                  [36m<p[39m
                    [33mclass[39m=[32m"font-semibold"[39m
                  [36m>[39m
                    [0m@[0m
                    [0mtestuser[0m
                  [36m</p>[39m
                  [36m<p[39m
                    [33mclass[39m=[32m"text-xs text-muted-foreground 
truncate max-w-[200px]"[39m
                  [36m>[39m
                    
[0mGXXXXXXXXXXXXXXXXXXXXXXXXXXXXXXXXXXXXXXXXXXXXXXXXXXXXXX[0m
                  [36m</p>[39m
                [36m</div>[39m
              [36m</div>[39m
              [36m<div[39m
                [33mclass[39m=[32m"space-y-2"[39m
              [36m>[39m
                [36m<label[39m
                  [33mclass[39m=[32m"text-sm font-medium leading-none 
peer-disabled:cursor-not-allowed peer-disabled:opacity-70"[39m
                [36m>[39m
                  [0mSelect Amount[0m
                [36m</label>[39m
                [36m<div[39m
                  [33mclass[39m=[32m"grid grid-cols-4 gap-2"[39m
                [36m>[39m
                  [36m<button[39m
                    [33mclass[39m=[32m"inline-flex items-center 
justify-center gap-2 whitespace-nowrap rounded-md text-sm transition-colors 
focus-visible:outline-none focus-visible:ring-1 focus-visible:ring-ring 
disabled:pointer-events-none disabled:opacity-50 [&_svg]:pointer-events-none 
[&_svg]:size-4 [&_svg]:shrink-0 border border-input bg-background shadow-sm 
hover:bg-accent hover:text-accent-foreground h-9 px-4 py-2 font-semibold"[39m
                  [36m>[39m
                    [0m1[0m
                    [0m XLM[0m
                  [36m</button>[39m
                  [36m<button[39m
                    [33mclass[39m=[32m"inline-flex items-center 
justify-center gap-2 whitespace-nowrap rounded-md text-sm transition-colors 
focus-visible:outline-none focus-visible:r
ing-1 focus-visible:ring-ring disabled:pointer-events-none disabled:opacity-50 
[&_svg]:pointer-events-none [&_svg]:size-4 [&_svg]:shrink-0 border 
border-input bg-background shadow-sm hover:bg-accent 
hover:text-accent-foreground h-9 px-4 py-2 font-semibold"[39m
                  [36m>[39m
                    [0m5[0m
                    [0m XLM[0m
                  [36m</button>[39m
                  [36m<button[39m
                    [33mclass[39m=[32m"inline-flex items-center 
justify-center gap-2 whitespace-nowrap rounded-md text-sm transition-colors 
focus-visible:outline-none focus-visible:ring-1 focus-visible:ring-ring 
disabled:pointer-events-none disabled:opacity-50 [&_svg]:pointer-events-none 
[&_svg]:size-4 [&_svg]:shrink-0 border border-input bg-background shadow-sm 
hover:bg-accent hover:text-accent-foreground h-9 px-4 py-2 font-semibold"[39m
                  [36m>[39m
                    [0m10[0m
                    [0m XLM[0m
                  [36m</button>[39m
                  [36m<button[39m
                    [33mclass[39m=[32m"inline-flex items-center 
justify-center gap-2 whitespace-nowrap rounded-md text-sm transition-colors 
focus-visible:outline-none focus-visible:ring-1 focus-visible:ring-ring 
disabled:pointer-events-none disabled:opacity-50 [&_svg]:pointer-events-none 
[&_svg]:size-4 [&_svg]:shrink-0 border border-input bg-background shadow-sm 
hover:bg-accent hover:text-accent-foreground h-9 px-4 py-2 font-semibold"[39m
                  [36m>[39m
                    [0m25[0m
                    [0m XLM[0m
                  [36m</button>[39m
                [36m</div>[39m
              [36m</div>[39m
              [36m<div[39m
                [33mclass[39m=[32m"space-y-2"[39m
              [36m>[39m
                [36m<label[39m
                  [33mclass[39m=[32m"text-sm font-medium leading-none 
peer-disabled:cursor-not-allowed peer-disabled:opacity-70"[39m
                  [33mfor[39m=[32m"custom-amount"[39m
                [36m>[39m
                  [0mOr Enter Custom Amount[0m
                [36m</label>[39m
                [36m<div[39m
                  [33mclass[39m=[32m"relative"[39m
                [36m>[39m
                  [36m<input[39m
                    [33mclass[39m=[32m"flex h-9 w-full rounded-md border 
border-input bg-transparent px-3 py-1 text-base shadow-sm transition-colors 
file:border-0 file:bg-transparent file:text-sm file:font-medium 
file:text-foreground placeholder:text-muted-foreground 
focus-visible:outline-none focus-visible:ring-1 focus-visible:ring-purple-500 
disabled:cursor-not-allowed disabled:opacity-50 md:text-sm pr-12"[39m
                    [33mid[39m=[32m"custom-amount"[39m
                    [33mplaceholder[39m=[32m"0.00"[39m
                    [33mtype[39m=[32m"text"[39m
                    [33mvalue[39m=[32m""[39m
                  [36m/>[39m
                  [36m<span[39m
                    [33mclass[39m=[32m"absolute right-3 top-1/2 
-translate-y-1/2 text-muted-foreground text-sm"[39m
                  [36m>[39m
                    [0mXLM[0m
                  [36m</span>[39m
                [36m</div>[39m
                [36m<p[39m
                  [33mclass[39m=[32m"text-xs text-muted-foreground"[39m
                [36m>[39m
                  [0mMaximum: [0m
                  [0m10,000[0m
                  [0m XLM[0m
                [36m</p>[39m
              [36m</div>[39m
            [36m</div>[39m
            [36m<div>[39m
              [36m<div[39m
                [33mclass[39m=[32m"flex gap-2 w-full"[39m
              [36m>[39m
                [36m<button[39m
                  [33mclass[39m=[32m"inline-flex items-center 
justify-center gap-2 whitespace-nowrap rounded-md text-sm font-medium 
transition-colors focus-visible:outline-none focus-visible:ring-1 
focus-visible:ring-ring disabled:pointer-events-none disabled:opacity-50 
[&_svg]:pointer-events-none [&_svg]:size-4 [&_svg]:shrink-0 border border-input
 bg-background shadow-sm hover:bg-accent hover:text-accent-foreground h-9 px-4 
py-2 flex-1"[39m
                [36m>[39m
                  [0mCancel[0m
                [36m</button>[39m
                [36m<button[39m
                  [33mclass[39m=[32m"inline-flex items-center 
justify-center gap-2 whitespace-nowrap rounded-md text-sm font-medium 
transition-colors focus-visible:outline-none focus-visible:ring-1 
focus-visible:ring-ring disabled:pointer-events-none disabled:opacity-50 
[&_svg]:pointer-events-none [&_svg]:size-4 [&_svg]:shrink-0 bg-primary shadow 
hover:bg-primary/90 h-9 px-4 py-2 flex-1"[39m
                  [33mdisabled[39m=[32m""[39m
                [36m>[39m
                  [0mSend Tip[0m
                [36m</button>[39m
              [36m</div>[39m
            [36m</div>[39m
          [36m</div>[39m
        [36m</div>[39m
      [36m</div>[39m
    [36m</body>[39m

    [0m [90m 114 |[39m
     [90m 115 |[39m       [36mconst[39m input [33m=[39m 
screen[33m.[39mgetByPlaceholderText([32m"0.00"[39m)[33m;[39m
    [31m[1m>[22m[39m[90m 116 |[39m       [36mconst[39m submitButton 
[33m=[39m screen[33m.[39mgetByText([32m"Send Tip"[39m)[33m;[39m
     [90m     |[39m                                   [31m[1m^[22m[39m
     [90m 117 |[39m
     [90m 118 |[39m       fireEvent[33m.[39mchange(input[33m,[39m { 
target[33m:[39m { value[33m:[39m [32m"-5"[39m } })[33m;[39m
     [90m 119 |[39m[0m

      at Object.getElementError 
(node_modules/@testing-library/dom/dist/config.js:37:19)
      at getElementError 
(node_modules/@testing-library/dom/dist/query-helpers.js:20:35)
      at getMultipleElementsFoundError 
(node_modules/@testing-library/dom/dist/query-helpers.js:23:10)
      at node_modules/@testing-library/dom/dist/query-helpers.js:55:13
      at node_modules/@testing-library/dom/dist/query-helpers.js:95:19
      at Object.getByText 
(components/tipping/__tests__/TipModal.test.tsx:116:35)

  ΓùÅ TipModal ΓÇ║ Custom Amount Validation ΓÇ║ should show error for amount 
too small

    TestingLibraryElementError: Found multiple elements with the text: Send Tip

    Here are the matching elements:

    Ignored nodes: comments, script, style
    [36m<h2>[39m
      [0mSend Tip[0m
    [36m</h2>[39m

    Ignored nodes: comments, script, style
    [36m<button[39m
      [33mclass[39m=[32m"inline-flex items-center justify-center gap-2 
whitespace-nowrap rounded-md text-sm font-medium transition-colors 
focus-visible:outline-none focus-visible:ring-1 focus-visible:ring-ring 
disabled:pointer-events-none disabled:opacity-50 [&_svg]:pointer-events-none 
[&_svg]:size-4 [&_svg]:shrink-0 bg-primary shadow hover:bg-primary/90 h-9 px-4 
py-2 flex-1"[39m
      [33mdisabled[39m=[32m""[39m
    [36m>[39m
      [0mSend Tip[0m
    [36m</button>[39m

    (If this is intentional, then use the `*AllBy*` variant of the query (like 
`queryAllByText`, `getAllByText`, or `findAllByText`)).

    Ignored nodes: comments, script, style
    [36m<body>[39m
      [36m<div>[39m
        [36m<div[39m
          [33mdata-testid[39m=[32m"dialog"[39m
          [33mstyle[39m=[32m"display: block;"[39m
        [36m>[39m
          [36m<div>[39m
            [36m<div>[39m
              [36m<h2>[39m
                [0mSend Tip[0m
              [36m</h2>[39m
              [36m<p>[39m
                [0mSend a tip to @testuser[0m
              [36m</p>[39m
            [36m</div>[39m
            [36m<div[39m
              [33mclass[39m=[32m"space-y-6 py-4"[39m
            [36m>[39m
              [36m<div[39m
                [33mclass[39m=[32m"flex items-center gap-3 p-3 bg-muted 
rounded-lg"[39m
              [36m>[39m
                [36m<div[39m
                  [33mdata-testid[39m=[32m"avatar"[39m
                [36m>[39m
                  [36m<img[39m
                    [33mdata-testid[39m=[32m"avatar-image"[39m
                  [36m/>[39m
                  [36m<div>[39m
                    [0mTE[0m

                  [36m</div>[39m
                [36m</div>[39m
                [36m<div>[39m
                  [36m<p[39m
                    [33mclass[39m=[32m"font-semibold"[39m
                  [36m>[39m
                    [0m@[0m
                    [0mtestuser[0m
                  [36m</p>[39m
                  [36m<p[39m
                    [33mclass[39m=[32m"text-xs text-muted-foreground 
truncate max-w-[200px]"[39m
                  [36m>[39m
                    
[0mGXXXXXXXXXXXXXXXXXXXXXXXXXXXXXXXXXXXXXXXXXXXXXXXXXXXXXX[0m
                  [36m</p>[39m
                [36m</div>[39m
              [36m</div>[39m
              [36m<div[39m
                [33mclass[39m=[32m"space-y-2"[39m
              [36m>[39m
                [36m<label[39m
                  [33mclass[39m=[32m"text-sm font-medium leading-none 
peer-disabled:cursor-not-allowed peer-disabled:opacity-70"[39m
                [36m>[39m
                  [0mSelect Amount[0m
                [36m</label>[39m
                [36m<div[39m
                  [33mclass[39m=[32m"grid grid-cols-4 gap-2"[39m
                [36m>[39m
                  [36m<button[39m
                    [33mclass[39m=[32m"inline-flex items-center 
justify-center gap-2 whitespace-nowrap rounded-md text-sm transition-colors 
focus-visible:outline-none focus-visible:ring-1 focus-visible:ring-ring 
disabled:pointer-events-none disabled:opacity-50 [&_svg]:pointer-events-none 
[&_svg]:size-4 [&_svg]:shrink-0 border border-input bg-background shadow-sm 
hover:bg-accent hover:text-accent-foreground h-9 px-4 py-2 font-semibold"[39m
                  [36m>[39m
                    [0m1[0m
                    [0m XLM[0m
                  [36m</button>[39m
                  [36m<button[39m
                    [33mclass[39m=[32m"inline-flex items-center 
justify-center gap-2 whitespace-nowrap rounded-md text-sm transition-colors 
focus-visible:outline-none focus-visible:ring-1 focus-visible:ring-ring 
disabled:pointer-events-none disabled:opacity-50 [&_svg]:pointer-events-none 
[&_svg]:size-4 [&_svg]:shrink-0 border border-input bg-background shadow-sm 
hover:bg-accent hover:text-accent-foreground h-9 px-4 py-2 font-semibold"[39m
                  [36m>[39m
                    [0m5[0m
                    [0m XLM[0m
                  [36m</button>[39m
                  [36m<button[39m
                    [33mclass[39m=[32m"inline-flex items-center 
justify-center gap-2 whitespace-nowrap rounded-md text-sm transition-colors 
focus-visible:outline-none focus-visible:ring-1 focus-visible:ring-ring 
disabled:pointer-events-none disabled:opacity-50 [&_svg]:pointer-events-none 
[&_svg]:size-4 [&_svg]:shrink-0 border border-input bg-background shadow-sm 
hover:bg-accent hover:text-accent-foreground h-9 px-4 py-2 font-semibold"[39m
                  [36m>[39m
                    [0m10[0m
                    [0m XLM[0m
                  [36m</button>[39m
                  [36m<button[39m
                    [33mclass[39m=[32m"inline-flex items-center 
justify-center gap-2 whitespace-nowrap rounded-md text-sm transition-colors 
focus-visible:outline-none focus-visible:ring-1 focus-visible:ring-ring 
disabled:pointer-events-none disabled:opacity-50 [&_svg]:pointer-events-none 
[&_svg]:size-4 [&_svg]:shrink-0 border border-input bg-background shadow-sm 
hover:bg-accent hover:text-accent-foreground h-9 px-4 py-2 font-semibold"[39m
                  [36m>[39m
                    [0m25[0m
                    [0m XLM[0m
                  [36m</button>[39m
                [36m</div>[39m
              [36m</div>[39m
              [36m<div[39m
                [33mclass[39m=[32m"space-y-2"[39m
              [36m>[39m
                [36m<label[39m
                  [33mclass[39m=[32m"text-sm font-medium leading-none 
peer-disabled:cursor-not-allowed peer-disabled:opacity-70"[39m
                  [33mfor[39m=[32m"custom-amount"[39m
                [36m>[39m
                  [0mOr Enter Cu
stom Amount[0m
                [36m</label>[39m
                [36m<div[39m
                  [33mclass[39m=[32m"relative"[39m
                [36m>[39m
                  [36m<input[39m
                    [33mclass[39m=[32m"flex h-9 w-full rounded-md border 
border-input bg-transparent px-3 py-1 text-base shadow-sm transition-colors 
file:border-0 file:bg-transparent file:text-sm file:font-medium 
file:text-foreground placeholder:text-muted-foreground 
focus-visible:outline-none focus-visible:ring-1 focus-visible:ring-purple-500 
disabled:cursor-not-allowed disabled:opacity-50 md:text-sm pr-12"[39m
                    [33mid[39m=[32m"custom-amount"[39m
                    [33mplaceholder[39m=[32m"0.00"[39m
                    [33mtype[39m=[32m"text"[39m
                    [33mvalue[39m=[32m""[39m
                  [36m/>[39m
                  [36m<span[39m
                    [33mclass[39m=[32m"absolute right-3 top-1/2 
-translate-y-1/2 text-muted-foreground text-sm"[39m
                  [36m>[39m
                    [0mXLM[0m
                  [36m</span>[39m
                [36m</div>[39m
                [36m<p[39m
                  [33mclass[39m=[32m"text-xs text-muted-foreground"[39m
                [36m>[39m
                  [0mMaximum: [0m
                  [0m10,000[0m
                  [0m XLM[0m
                [36m</p>[39m
              [36m</div>[39m
            [36m</div>[39m
            [36m<div>[39m
              [36m<div[39m
                [33mclass[39m=[32m"flex gap-2 w-full"[39m
              [36m>[39m
                [36m<button[39m
                  [33mclass[39m=[32m"inline-flex items-center 
justify-center gap-2 whitespace-nowrap rounded-md text-sm font-medium 
transition-colors focus-visible:outline-none focus-visible:ring-1 
focus-visible:ring-ring disabled:pointer-events-none disabled:opacity-50 
[&_svg]:pointer-events-none [&_svg]:size-4 [&_svg]:shrink-0 border 
border-input bg-background shadow-sm hover:bg-accent 
hover:text-accent-foreground h-9 px-4 py-2 flex-1"[39m
                [36m>[39m
                  [0mCancel[0m
                [36m</button>[39m
                [36m<button[39m
                  [33mclass[39m=[32m"inline-flex items-center 
justify-center gap-2 whitespace-nowrap rounded-md text-sm font-medium 
transition-colors focus-visible:outline-none focus-visible:ring-1 
focus-visible:ring-ring disabled:pointer-events-none disabled:opacity-50 
[&_svg]:pointer-events-none [&_svg]:size-4 [&_svg]:shrink-0 bg-primary shadow 
hover:bg-primary/90 h-9 px-4 py-2 flex-1"[39m
                  [33mdisabled[39m=[32m""[39m
                [36m>[39m
                  [0mSend Tip[0m
                [36m</button>[39m
              [36m</div>[39m
            [36m</div>[39m
          [36m</div>[39m
        [36m</div>[39m
      [36m</div>[39m
    [36m</body>[39m

    [0m [90m 126 |[39m
     [90m 127 |[39m       [36mconst[39m input [33m=[39m 
screen[33m.[39mgetByPlaceholderText([32m"0.00"[39m)[33m;[39m
    [31m[1m>[22m[39m[90m 128 |[39m       [36mconst[39m submitButton 
[33m=[39m screen[33m.[39mgetByText([32m"Send Tip"[39m)[33m;[39m
     [90m     |[39m                                   [31m[1m^[22m[39m
     [90m 129 |[39m
     [90m 130 |[39m       fireEvent[33m.[39mchange(input[33m,[39m { 
target[33m:[39m { value[33m:[39m [32m"0.00000001"[39m } })[33m;[39m
     [90m 131 |[39m       
fireEvent[33m.[39mclick(submitButton)[33m;[39m[0m

      at Object.getElementError 
(node_modules/@testing-library/dom/dist/config.js:37:19)
      at getElementError 
(node_modules/@testing-library/dom/dist/query-helpers.js:20:35)
      at getMultipleElementsFoundError 
(node_modules/@testing-library/dom/dist/query-helpers.js:23:10)
      at node_modules/@testing-library/dom/dist/query-helpers.js:55:13
      at node_modules/@testing-library/dom/dist/query-helpers.js:95:19
      at Object.getByText 
(components/tipping/__tests__/TipModal.test.tsx:128:35)

  ΓùÅ Tip
Modal ΓÇ║ Custom Amount Validation ΓÇ║ should show error for amount exceeding 
maximum (10,000 XLM)

    TestingLibraryElementError: Found multiple elements with the text: Send Tip

    Here are the matching elements:

    Ignored nodes: comments, script, style
    [36m<h2>[39m
      [0mSend Tip[0m
    [36m</h2>[39m

    Ignored nodes: comments, script, style
    [36m<button[39m
      [33mclass[39m=[32m"inline-flex items-center justify-center gap-2 
whitespace-nowrap rounded-md text-sm font-medium transition-colors 
focus-visible:outline-none focus-visible:ring-1 focus-visible:ring-ring 
disabled:pointer-events-none disabled:opacity-50 [&_svg]:pointer-events-none 
[&_svg]:size-4 [&_svg]:shrink-0 bg-primary shadow hover:bg-primary/90 h-9 px-4 
py-2 flex-1"[39m
      [33mdisabled[39m=[32m""[39m
    [36m>[39m
      [0mSend Tip[0m
    [36m</button>[39m

    (If this is intentional, then use the `*AllBy*` variant of the query (like 
`queryAllByText`, `getAllByText`, or `findAllByText`)).

    Ignored nodes: comments, script, style
    [36m<body>[39m
      [36m<div>[39m
        [36m<div[39m
          [33mdata-testid[39m=[32m"dialog"[39m
          [33mstyle[39m=[32m"display: block;"[39m
        [36m>[39m
          [36m<div>[39m
            [36m<div>[39m
              [36m<h2>[39m
                [0mSend Tip[0m
              [36m</h2>[39m
              [36m<p>[39m
                [0mSend a tip to @testuser[0m
              [36m</p>[39m
            [36m</div>[39m
            [36m<div[39m
              [33mclass[39m=[32m"space-y-6 py-4"[39m
            [36m>[39m
              [36m<div[39m
                [33mclass[39m=[32m"flex items-center gap-3 p-3 bg-muted 
rounded-lg"[39m
              [36m>[39m
                [36m<div[39m
                  [33mdata-testid[39m=[32m"avatar"[39m
                [36m>[39m
                  [36m<img[39m
                    [33mdata-testid[39m=[32m"avatar-image"[39m
                  [36m/>[39m
                  [36m<div>[39m
                    [0mTE[0m
                  [36m</div>[39m
                [36m</div>[39m
                [36m<div>[39m
                  [36m<p[39m
                    [33mclass[39m=[32m"font-semibold"[39m
                  [36m>[39m
                    [0m@[0m
                    [0mtestuser[0m
                  [36m</p>[39m
                  [36m<p[39m
                    [33mclass[39m=[32m"text-xs text-muted-foreground 
truncate max-w-[200px]"[39m
                  [36m>[39m
                    
[0mGXXXXXXXXXXXXXXXXXXXXXXXXXXXXXXXXXXXXXXXXXXXXXXXXXXXXXX[0m
                  [36m</p>[39m
                [36m</div>[39m
              [36m</div>[39m
              [36m<div[39m
                [33mclass[39m=[32m"space-y-2"[39m
              [36m>[39m
                [36m<label[39m
                  [33mclass[39m=[32m"text-sm font-medium leading-none 
peer-disabled:cursor-not-allowed peer-disabled:opacity-70"[39m
                [36m>[39m
                  [0mSelect Amount[0m
                [36m</label>[39m
                [36m<div[39m
                  [33mclass[39m=[32m"grid grid-cols-4 gap-2"[39m
                [36m>[39m
                  [36m<button[39m
                    [33mclass[39m=[32m"inline-flex items-center 
justify-center gap-2 whitespace-nowrap rounded-md text-sm transition-colors 
focus-visible:outline-none focus-visible:ring-1 focus-visible:ring-ring 
disabled:pointer-events-none disabled:opacity-50 [&_svg]:pointer-events-none 
[&_svg]:size-4 [&_svg]:shrink-0 border border-input bg-background shadow-sm 
hover:bg-accent hover:text-accent-foreground h-9 px-4 py-2 font-semibold"[39m
                  [36m>[39m
                    [0m1[0m
                    [0m XLM[0m
                  [36m</button>[39m
                  [36m<button[39m
                    [33mclass[39m=[32m"inline-flex items-center 
justify-center gap-2 whitespace-nowrap rounded-md text-sm transition-colors 
focus-visible:outline-none foc
us-visible:ring-1 focus-visible:ring-ring disabled:pointer-events-none 
disabled:opacity-50 [&_svg]:pointer-events-none [&_svg]:size-4 
[&_svg]:shrink-0 border border-input bg-background shadow-sm hover:bg-accent 
hover:text-accent-foreground h-9 px-4 py-2 font-semibold"[39m
                  [36m>[39m
                    [0m5[0m
                    [0m XLM[0m
                  [36m</button>[39m
                  [36m<button[39m
                    [33mclass[39m=[32m"inline-flex items-center 
justify-center gap-2 whitespace-nowrap rounded-md text-sm transition-colors 
focus-visible:outline-none focus-visible:ring-1 focus-visible:ring-ring 
disabled:pointer-events-none disabled:opacity-50 [&_svg]:pointer-events-none 
[&_svg]:size-4 [&_svg]:shrink-0 border border-input bg-background shadow-sm 
hover:bg-accent hover:text-accent-foreground h-9 px-4 py-2 font-semibold"[39m
                  [36m>[39m
                    [0m10[0m
                    [0m XLM[0m
                  [36m</button>[39m
                  [36m<button[39m
                    [33mclass[39m=[32m"inline-flex items-center 
justify-center gap-2 whitespace-nowrap rounded-md text-sm transition-colors 
focus-visible:outline-none focus-visible:ring-1 focus-visible:ring-ring 
disabled:pointer-events-none disabled:opacity-50 [&_svg]:pointer-events-none 
[&_svg]:size-4 [&_svg]:shrink-0 border border-input bg-background shadow-sm 
hover:bg-accent hover:text-accent-foreground h-9 px-4 py-2 font-semibold"[39m
                  [36m>[39m
                    [0m25[0m
                    [0m XLM[0m
                  [36m</button>[39m
                [36m</div>[39m
              [36m</div>[39m
              [36m<div[39m
                [33mclass[39m=[32m"space-y-2"[39m
              [36m>[39m
                [36m<label[39m
                  [33mclass[39m=[32m"text-sm font-medium leading-none 
peer-disabled:cursor-not-allowed peer-disabled:opacity-70"[39m
                  [33mfor[39m=[32m"custom-amount"[39m
                [36m>[39m
                  [0mOr Enter Custom Amount[0m
                [36m</label>[39m
                [36m<div[39m
                  [33mclass[39m=[32m"relative"[39m
                [36m>[39m
                  [36m<input[39m
                    [33mclass[39m=[32m"flex h-9 w-full rounded-md border 
border-input bg-transparent px-3 py-1 text-base shadow-sm transition-colors 
file:border-0 file:bg-transparent file:text-sm file:font-medium 
file:text-foreground placeholder:text-muted-foreground 
focus-visible:outline-none focus-visible:ring-1 focus-visible:ring-purple-500 
disabled:cursor-not-allowed disabled:opacity-50 md:text-sm pr-12"[39m
                    [33mid[39m=[32m"custom-amount"[39m
                    [33mplaceholder[39m=[32m"0.00"[39m
                    [33mtype[39m=[32m"text"[39m
                    [33mvalue[39m=[32m""[39m
                  [36m/>[39m
                  [36m<span[39m
                    [33mclass[39m=[32m"absolute right-3 top-1/2 
-translate-y-1/2 text-muted-foreground text-sm"[39m
                  [36m>[39m
                    [0mXLM[0m
                  [36m</span>[39m
                [36m</div>[39m
                [36m<p[39m
                  [33mclass[39m=[32m"text-xs text-muted-foreground"[39m
                [36m>[39m
                  [0mMaximum: [0m
                  [0m10,000[0m
                  [0m XLM[0m
                [36m</p>[39m
              [36m</div>[39m
            [36m</div>[39m
            [36m<div>[39m
              [36m<div[39m
                [33mclass[39m=[32m"flex gap-2 w-full"[39m
              [36m>[39m
                [36m<button[39m
                  [33mclass[39m=[32m"inline-flex items-center 
justify-center gap-2 whitespace-nowrap rounded-md text-sm font-medium 
transition-colors focus-visible:outline-none focus-visible:ring-1 
focus-visible:ring-ring disabled:pointer-events-none disabled:opacity-50 
[&_svg]:pointer-events-none [&_svg]:size-4 [&_svg]:shrink-0 border 
border-input bg-background shadow-sm hover:bg-accent 
hover:text-accent-foreground h-9 px-4 py-2 flex-1"[39m
                [36m>[39m
                  [0mCancel[0m
                [36m</button>[39m
                [36m<button[39m
                  [33mclass[39m=[32m"inline-flex items-center 
justify-center gap-2 whitespace-nowrap rounded-md text-sm font-medium 
transition-colors focus-visible:outline-none focus-visible:ring-1 
focus-visible:ring-ring disabled:pointer-events-none disabled:opacity-50 
[&_svg]:pointer-events-none [&_svg]:size-4 [&_svg]:shrink-0 bg-primary shadow 
hover:bg-primary/90 h-9 px-4 py-2 flex-1"[39m
                  [33mdisabled[39m=[32m""[39m
                [36m>[39m
                  [0mSend Tip[0m
                [36m</button>[39m
              [36m</div>[39m
            [36m</div>[39m
          [36m</div>[39m
        [36m</div>[39m
      [36m</div>[39m
    [36m</body>[39m

    [0m [90m 140 |[39m
     [90m 141 |[39m       [36mconst[39m input [33m=[39m 
screen[33m.[39mgetByPlaceholderText([32m"0.00"[39m)[33m;[39m
    [31m[1m>[22m[39m[90m 142 |[39m       [36mconst[39m submitButton 
[33m=[39m screen[33m.[39mgetByText([32m"Send Tip"[39m)[33m;[39m
     [90m     |[39m                                   [31m[1m^[22m[39m
     [90m 143 |[39m
     [90m 144 |[39m       fireEvent[33m.[39mchange(input[33m,[39m { 
target[33m:[39m { value[33m:[39m [32m"10001"[39m } })[33m;[39m
     [90m 145 |[39m       
fireEvent[33m.[39mclick(submitButton)[33m;[39m[0m

      at Object.getElementError 
(node_modules/@testing-library/dom/dist/config.js:37:19)
      at getElementError 
(node_modules/@testing-library/dom/dist/query-helpers.js:20:35)
      at getMultipleElementsFoundError 
(node_modules/@testing-library/dom/dist/query-helpers.js:23:10)
      at node_modules/@testing-library/dom/dist/query-helpers.js:55:13
      at node_modules/@testing-library/dom/dist/query-helpers.js:95:19
      at Object.getByText 
(components/tipping/__tests__/TipModal.test.tsx:142:35)

  ΓùÅ TipModal ΓÇ║ Custom Amount Validation ΓÇ║ should show error for zero 
amount

    TestingLibraryElementError: Found multiple elements with the text: Send Tip

    Here are the matching elements:

    Ignored nodes: comments, script, style
    [36m<h2>[39m
      [0mSend Tip[0m
    [36m</h2>[39m

    Ignored nodes: comments, script, style
    [36m<button[39m
      [33mclass[39m=[32m"inline-flex items-center justify-center gap-2 
whitespace-nowrap rounded-md text-sm font-medium transition-colors 
focus-visible:outline-none focus-visible:ring-1 focus-visible:ring-ring 
disabled:pointer-events-none disabled:opacity-50 [&_svg]:pointer-events-none 
[&_svg]:size-4 [&_svg]:shrink-0 bg-primary shadow hover:bg-primary/90 h-9 px-4 
py-2 flex-1"[39m
      [33mdisabled[39m=[32m""[39m
    [36m>[39m
      [0mSend Tip[0m
    [36m</button>[39m

    (If this is intentional, then use the `*AllBy*` variant of the query (like 
`queryAllByText`, `getAllByText`, or `findAllByText`)).

    Ignored nodes: comments, script, style
    [36m<body>[39m
      [36m<div>[39m
        [36m<div[39m
          [33mdata-testid[39m=[32m"dialog"[39m
          [33mstyle[39m=[32m"display: block;"[39m
        [36m>[39m
          [36m<div>[39m
            [36m<div>[39m
              [36m<h2>[39m
                [0mSend Tip[0m
              [36m</h2>[39m
              [36m<p>[39m
                [0mSend a tip to @testuser[0m
              [36m</p>[39m
            [36m</div>[39m
            [36m<div[39m
              [33mclass[39m=[32m"space-y-6 py-4"[39m
            [36m>[39m
              [36m<div[39m
                [33mclass[39m=[32m"flex items-center gap-3 p-3 bg-muted 
rounded-lg"[39m
              [36m>[39m
                [36m<div[39m
                  [33mdata-testid[39m=[32m"avatar"[39m
                [36m>[39m
                  [36m<img[39m
                    [33mdata-testid[39m=[32m"avatar-image"[39m
                  [36m/>[39
m
                  [36m<div>[39m
                    [0mTE[0m
                  [36m</div>[39m
                [36m</div>[39m
                [36m<div>[39m
                  [36m<p[39m
                    [33mclass[39m=[32m"font-semibold"[39m
                  [36m>[39m
                    [0m@[0m
                    [0mtestuser[0m
                  [36m</p>[39m
                  [36m<p[39m
                    [33mclass[39m=[32m"text-xs text-muted-foreground 
truncate max-w-[200px]"[39m
                  [36m>[39m
                    
[0mGXXXXXXXXXXXXXXXXXXXXXXXXXXXXXXXXXXXXXXXXXXXXXXXXXXXXXX[0m
                  [36m</p>[39m
                [36m</div>[39m
              [36m</div>[39m
              [36m<div[39m
                [33mclass[39m=[32m"space-y-2"[39m
              [36m>[39m
                [36m<label[39m
                  [33mclass[39m=[32m"text-sm font-medium leading-none 
peer-disabled:cursor-not-allowed peer-disabled:opacity-70"[39m
                [36m>[39m
                  [0mSelect Amount[0m
                [36m</label>[39m
                [36m<div[39m
                  [33mclass[39m=[32m"grid grid-cols-4 gap-2"[39m
                [36m>[39m
                  [36m<button[39m
                    [33mclass[39m=[32m"inline-flex items-center 
justify-center gap-2 whitespace-nowrap rounded-md text-sm transition-colors 
focus-visible:outline-none focus-visible:ring-1 focus-visible:ring-ring 
disabled:pointer-events-none disabled:opacity-50 [&_svg]:pointer-events-none 
[&_svg]:size-4 [&_svg]:shrink-0 border border-input bg-background shadow-sm 
hover:bg-accent hover:text-accent-foreground h-9 px-4 py-2 font-semibold"[39m
                  [36m>[39m
                    [0m1[0m
                    [0m XLM[0m
                  [36m</button>[39m
                  [36m<button[39m
                    [33mclass[39m=[32m"inline-flex items-center 
justify-center gap-2 whitespace-nowrap rounded-md text-sm transition-colors 
focus-visible:outline-none focus-visible:ring-1 focus-visible:ring-ring 
disabled:pointer-events-none disabled:opacity-50 [&_svg]:pointer-events-none 
[&_svg]:size-4 [&_svg]:shrink-0 border border-input bg-background shadow-sm 
hover:bg-accent hover:text-accent-foreground h-9 px-4 py-2 font-semibold"[39m
                  [36m>[39m
                    [0m5[0m
                    [0m XLM[0m
                  [36m</button>[39m
                  [36m<button[39m
                    [33mclass[39m=[32m"inline-flex items-center 
justify-center gap-2 whitespace-nowrap rounded-md text-sm transition-colors 
focus-visible:outline-none focus-visible:ring-1 focus-visible:ring-ring 
disabled:pointer-events-none disabled:opacity-50 [&_svg]:pointer-events-none 
[&_svg]:size-4 [&_svg]:shrink-0 border border-input bg-background shadow-sm 
hover:bg-accent hover:text-accent-foreground h-9 px-4 py-2 font-semibold"[39m
                  [36m>[39m
                    [0m10[0m
                    [0m XLM[0m
                  [36m</button>[39m
                  [36m<button[39m
                    [33mclass[39m=[32m"inline-flex items-center 
justify-center gap-2 whitespace-nowrap rounded-md text-sm transition-colors 
focus-visible:outline-none focus-visible:ring-1 focus-visible:ring-ring 
disabled:pointer-events-none disabled:opacity-50 [&_svg]:pointer-events-none 
[&_svg]:size-4 [&_svg]:shrink-0 border border-input bg-background shadow-sm 
hover:bg-accent hover:text-accent-foreground h-9 px-4 py-2 font-semibold"[39m
                  [36m>[39m
                    [0m25[0m
                    [0m XLM[0m
                  [36m</button>[39m
                [36m</div>[39m
              [36m</div>[39m
              [36m<div[39m
                [33mclass[39m=[32m"space-y-2"[39m
              [36m>[39m
                [36m<label[39m
                  [33mclass[39m=[32m"text-sm font-medium leading-none 
peer-disabled:cursor-not-allowed peer-disabled:opacity-70"[39m
                  [33mfor[39m=[32m"custom-amount"
[39m
                [36m>[39m
                  [0mOr Enter Custom Amount[0m
                [36m</label>[39m
                [36m<div[39m
                  [33mclass[39m=[32m"relative"[39m
                [36m>[39m
                  [36m<input[39m
                    [33mclass[39m=[32m"flex h-9 w-full rounded-md border 
border-input bg-transparent px-3 py-1 text-base shadow-sm transition-colors 
file:border-0 file:bg-transparent file:text-sm file:font-medium 
file:text-foreground placeholder:text-muted-foreground 
focus-visible:outline-none focus-visible:ring-1 focus-visible:ring-purple-500 
disabled:cursor-not-allowed disabled:opacity-50 md:text-sm pr-12"[39m
                    [33mid[39m=[32m"custom-amount"[39m
                    [33mplaceholder[39m=[32m"0.00"[39m
                    [33mtype[39m=[32m"text"[39m
                    [33mvalue[39m=[32m""[39m
                  [36m/>[39m
                  [36m<span[39m
                    [33mclass[39m=[32m"absolute right-3 top-1/2 
-translate-y-1/2 text-muted-foreground text-sm"[39m
                  [36m>[39m
                    [0mXLM[0m
                  [36m</span>[39m
                [36m</div>[39m
                [36m<p[39m
                  [33mclass[39m=[32m"text-xs text-muted-foreground"[39m
                [36m>[39m
                  [0mMaximum: [0m
                  [0m10,000[0m
                  [0m XLM[0m
                [36m</p>[39m
              [36m</div>[39m
            [36m</div>[39m
            [36m<div>[39m
              [36m<div[39m
                [33mclass[39m=[32m"flex gap-2 w-full"[39m
              [36m>[39m
                [36m<button[39m
                  [33mclass[39m=[32m"inline-flex items-center 
justify-center gap-2 whitespace-nowrap rounded-md text-sm font-medium 
transition-colors focus-visible:outline-none focus-visible:ring-1 
focus-visible:ring-ring disabled:pointer-events-none disabled:opacity-50 
[&_svg]:pointer-events-none [&_svg]:size-4 [&_svg]:shrink-0 border 
border-input bg-background shadow-sm hover:bg-accent 
hover:text-accent-foreground h-9 px-4 py-2 flex-1"[39m
                [36m>[39m
                  [0mCancel[0m
                [36m</button>[39m
                [36m<button[39m
                  [33mclass[39m=[32m"inline-flex items-center 
justify-center gap-2 whitespace-nowrap rounded-md text-sm font-medium 
transition-colors focus-visible:outline-none focus-visible:ring-1 
focus-visible:ring-ring disabled:pointer-events-none disabled:opacity-50 
[&_svg]:pointer-events-none [&_svg]:size-4 [&_svg]:shrink-0 bg-primary shadow 
hover:bg-primary/90 h-9 px-4 py-2 flex-1"[39m
                  [33mdisabled[39m=[32m""[39m
                [36m>[39m
                  [0mSend Tip[0m
                [36m</button>[39m
              [36m</div>[39m
            [36m</div>[39m
          [36m</div>[39m
        [36m</div>[39m
      [36m</div>[39m
    [36m</body>[39m

    [0m [90m 154 |[39m
     [90m 155 |[39m       [36mconst[39m input [33m=[39m 
screen[33m.[39mgetByPlaceholderText([32m"0.00"[39m)[33m;[39m
    [31m[1m>[22m[39m[90m 156 |[39m       [36mconst[39m submitButton 
[33m=[39m screen[33m.[39mgetByText([32m"Send Tip"[39m)[33m;[39m
     [90m     |[39m                                   [31m[1m^[22m[39m
     [90m 157 |[39m
     [90m 158 |[39m       fireEvent[33m.[39mchange(input[33m,[39m { 
target[33m:[39m { value[33m:[39m [32m"0"[39m } })[33m;[39m
     [90m 159 |[39m       
fireEvent[33m.[39mclick(submitButton)[33m;[39m[0m

      at Object.getElementError 
(node_modules/@testing-library/dom/dist/config.js:37:19)
      at getElementError 
(node_modules/@testing-library/dom/dist/query-helpers.js:20:35)
      at getMultipleElementsFoundError 
(node_modules/@testing-library/dom/dist/query-helpers.js:23:10)
      at node_modules/@testing-library/dom/dist/query-helpers.js:55:13
      at node_modules/@testing-library/dom/dist/query-helpers.js:95:19
      at Object.getByText (compone
nts/tipping/__tests__/TipModal.test.tsx:156:35)

  ΓùÅ TipModal ΓÇ║ Transaction State Transitions ΓÇ║ should transition through 
states on successful transaction

    TestingLibraryElementError: Found multiple elements with the text: Send Tip

    Here are the matching elements:

    Ignored nodes: comments, script, style
    [36m<h2>[39m
      [0mSend Tip[0m
    [36m</h2>[39m

    Ignored nodes: comments, script, style
    [36m<button[39m
      [33mclass[39m=[32m"inline-flex items-center justify-center gap-2 
whitespace-nowrap rounded-md text-sm font-medium transition-colors 
focus-visible:outline-none focus-visible:ring-1 focus-visible:ring-ring 
disabled:pointer-events-none disabled:opacity-50 [&_svg]:pointer-events-none 
[&_svg]:size-4 [&_svg]:shrink-0 bg-primary shadow hover:bg-primary/90 h-9 px-4 
py-2 flex-1"[39m
      [33mdisabled[39m=[32m""[39m
    [36m>[39m
      [0mSend Tip[0m
    [36m</button>[39m

    (If this is intentional, then use the `*AllBy*` variant of the query (like 
`queryAllByText`, `getAllByText`, or `findAllByText`)).

    Ignored nodes: comments, script, style
    [36m<body>[39m
      [36m<div>[39m
        [36m<div[39m
          [33mdata-testid[39m=[32m"dialog"[39m
          [33mstyle[39m=[32m"display: block;"[39m
        [36m>[39m
          [36m<div>[39m
            [36m<div>[39m
              [36m<h2>[39m
                [0mSend Tip[0m
              [36m</h2>[39m
              [36m<p>[39m
                [0mSend a tip to @testuser[0m
              [36m</p>[39m
            [36m</div>[39m
            [36m<div[39m
              [33mclass[39m=[32m"space-y-6 py-4"[39m
            [36m>[39m
              [36m<div[39m
                [33mclass[39m=[32m"flex items-center gap-3 p-3 bg-muted 
rounded-lg"[39m
              [36m>[39m
                [36m<div[39m
                  [33mdata-testid[39m=[32m"avatar"[39m
                [36m>[39m
                  [36m<img[39m
                    [33mdata-testid[39m=[32m"avatar-image"[39m
                  [36m/>[39m
                  [36m<div>[39m
                    [0mTE[0m
                  [36m</div>[39m
                [36m</div>[39m
                [36m<div>[39m
                  [36m<p[39m
                    [33mclass[39m=[32m"font-semibold"[39m
                  [36m>[39m
                    [0m@[0m
                    [0mtestuser[0m
                  [36m</p>[39m
                  [36m<p[39m
                    [33mclass[39m=[32m"text-xs text-muted-foreground 
truncate max-w-[200px]"[39m
                  [36m>[39m
                    
[0mGXXXXXXXXXXXXXXXXXXXXXXXXXXXXXXXXXXXXXXXXXXXXXXXXXXXXXX[0m
                  [36m</p>[39m
                [36m</div>[39m
              [36m</div>[39m
              [36m<div[39m
                [33mclass[39m=[32m"space-y-2"[39m
              [36m>[39m
                [36m<label[39m
                  [33mclass[39m=[32m"text-sm font-medium leading-none 
peer-disabled:cursor-not-allowed peer-disabled:opacity-70"[39m
                [36m>[39m
                  [0mSelect Amount[0m
                [36m</label>[39m
                [36m<div[39m
                  [33mclass[39m=[32m"grid grid-cols-4 gap-2"[39m
                [36m>[39m
                  [36m<button[39m
                    [33mclass[39m=[32m"inline-flex items-center 
justify-center gap-2 whitespace-nowrap rounded-md text-sm transition-colors 
focus-visible:outline-none focus-visible:ring-1 focus-visible:ring-ring 
disabled:pointer-events-none disabled:opacity-50 [&_svg]:pointer-events-none 
[&_svg]:size-4 [&_svg]:shrink-0 border border-input bg-background shadow-sm 
hover:bg-accent hover:text-accent-foreground h-9 px-4 py-2 font-semibold"[39m
                  [36m>[39m
                    [0m1[0m
                    [0m XLM[0m
                  [36m</button>[39m
                  [36m<button[39m
                    [33mclass[39m=[32m"inline-flex items-center 
justify-center gap-2 whitespace-nowrap round
ed-md text-sm transition-colors focus-visible:outline-none 
focus-visible:ring-1 focus-visible:ring-ring disabled:pointer-events-none 
disabled:opacity-50 [&_svg]:pointer-events-none [&_svg]:size-4 
[&_svg]:shrink-0 border border-input bg-background shadow-sm hover:bg-accent 
hover:text-accent-foreground h-9 px-4 py-2 font-semibold"[39m
                  [36m>[39m
                    [0m5[0m
                    [0m XLM[0m
                  [36m</button>[39m
                  [36m<button[39m
                    [33mclass[39m=[32m"inline-flex items-center 
justify-center gap-2 whitespace-nowrap rounded-md text-sm transition-colors 
focus-visible:outline-none focus-visible:ring-1 focus-visible:ring-ring 
disabled:pointer-events-none disabled:opacity-50 [&_svg]:pointer-events-none 
[&_svg]:size-4 [&_svg]:shrink-0 border border-input bg-background shadow-sm 
hover:bg-accent hover:text-accent-foreground h-9 px-4 py-2 font-semibold"[39m
                  [36m>[39m
                    [0m10[0m
                    [0m XLM[0m
                  [36m</button>[39m
                  [36m<button[39m
                    [33mclass[39m=[32m"inline-flex items-center 
justify-center gap-2 whitespace-nowrap rounded-md text-sm transition-colors 
focus-visible:outline-none focus-visible:ring-1 focus-visible:ring-ring 
disabled:pointer-events-none disabled:opacity-50 [&_svg]:pointer-events-none 
[&_svg]:size-4 [&_svg]:shrink-0 border border-input bg-background shadow-sm 
hover:bg-accent hover:text-accent-foreground h-9 px-4 py-2 font-semibold"[39m
                  [36m>[39m
                    [0m25[0m
                    [0m XLM[0m
                  [36m</button>[39m
                [36m</div>[39m
              [36m</div>[39m
              [36m<div[39m
                [33mclass[39m=[32m"space-y-2"[39m
              [36m>[39m
                [36m<label[39m
                  [33mclass[39m=[32m"text-sm font-medium leading-none 
peer-disabled:cursor-not-allowed peer-disabled:opacity-70"[39m
                  [33mfor[39m=[32m"custom-amount"[39m
                [36m>[39m
                  [0mOr Enter Custom Amount[0m
                [36m</label>[39m
                [36m<div[39m
                  [33mclass[39m=[32m"relative"[39m
                [36m>[39m
                  [36m<input[39m
                    [33mclass[39m=[32m"flex h-9 w-full rounded-md border 
border-input bg-transparent px-3 py-1 text-base shadow-sm transition-colors 
file:border-0 file:bg-transparent file:text-sm file:font-medium 
file:text-foreground placeholder:text-muted-foreground 
focus-visible:outline-none focus-visible:ring-1 focus-visible:ring-purple-500 
disabled:cursor-not-allowed disabled:opacity-50 md:text-sm pr-12"[39m
                    [33mid[39m=[32m"custom-amount"[39m
                    [33mplaceholder[39m=[32m"0.00"[39m
                    [33mtype[39m=[32m"text"[39m
                    [33mvalue[39m=[32m""[39m
                  [36m/>[39m
                  [36m<span[39m
                    [33mclass[39m=[32m"absolute right-3 top-1/2 
-translate-y-1/2 text-muted-foreground text-sm"[39m
                  [36m>[39m
                    [0mXLM[0m
                  [36m</span>[39m
                [36m</div>[39m
                [36m<p[39m
                  [33mclass[39m=[32m"text-xs text-muted-foreground"[39m
                [36m>[39m
                  [0mMaximum: [0m
                  [0m10,000[0m
                  [0m XLM[0m
                [36m</p>[39m
              [36m</div>[39m
            [36m</div>[39m
            [36m<div>[39m
              [36m<div[39m
                [33mclass[39m=[32m"flex gap-2 w-full"[39m
              [36m>[39m
                [36m<button[39m
                  [33mclass[39m=[32m"inline-flex items-center 
justify-center gap-2 whitespace-nowrap rounded-md text-sm font-medium 
transition-colors focus-visible:outline-none focus-visible:ring-1 
focus-visible:ring-ring disabled:pointer-events-none disabled:opacity-50 [&_sv
g]:pointer-events-none [&_svg]:size-4 [&_svg]:shrink-0 border border-input 
bg-background shadow-sm hover:bg-accent hover:text-accent-foreground h-9 px-4 
py-2 flex-1"[39m
                [36m>[39m
                  [0mCancel[0m
                [36m</button>[39m
                [36m<button[39m
                  [33mclass[39m=[32m"inline-flex items-center 
justify-center gap-2 whitespace-nowrap rounded-md text-sm font-medium 
transition-colors focus-visible:outline-none focus-visible:ring-1 
focus-visible:ring-ring disabled:pointer-events-none disabled:opacity-50 
[&_svg]:pointer-events-none [&_svg]:size-4 [&_svg]:shrink-0 bg-primary shadow 
hover:bg-primary/90 h-9 px-4 py-2 flex-1"[39m
                  [33mdisabled[39m=[32m""[39m
                [36m>[39m
                  [0mSend Tip[0m
                [36m</button>[39m
              [36m</div>[39m
            [36m</div>[39m
          [36m</div>[39m
        [36m</div>[39m
      [36m</div>[39m
    [36m</body>[39m

    [0m [90m 177 |[39m
     [90m 178 |[39m       [36mconst[39m input [33m=[39m 
screen[33m.[39mgetByPlaceholderText([32m"0.00"[39m)[33m;[39m
    [31m[1m>[22m[39m[90m 179 |[39m       [36mconst[39m submitButton 
[33m=[39m screen[33m.[39mgetByText([32m"Send Tip"[39m)[33m;[39m
     [90m     |[39m                                   [31m[1m^[22m[39m
     [90m 180 |[39m
     [90m 181 |[39m       fireEvent[33m.[39mchange(input[33m,[39m { 
target[33m:[39m { value[33m:[39m [32m"5"[39m } })[33m;[39m
     [90m 182 |[39m       
fireEvent[33m.[39mclick(submitButton)[33m;[39m[0m

      at Object.getElementError 
(node_modules/@testing-library/dom/dist/config.js:37:19)
      at getElementError 
(node_modules/@testing-library/dom/dist/query-helpers.js:20:35)
      at getMultipleElementsFoundError 
(node_modules/@testing-library/dom/dist/query-helpers.js:23:10)
      at node_modules/@testing-library/dom/dist/query-helpers.js:55:13
      at node_modules/@testing-library/dom/dist/query-helpers.js:95:19
      at Object.getByText 
(components/tipping/__tests__/TipModal.test.tsx:179:35)

  ΓùÅ TipModal ΓÇ║ Transaction State Transitions ΓÇ║ should handle transaction 
failure

    TestingLibraryElementError: Found multiple elements with the text: Send Tip

    Here are the matching elements:

    Ignored nodes: comments, script, style
    [36m<h2>[39m
      [0mSend Tip[0m
    [36m</h2>[39m

    Ignored nodes: comments, script, style
    [36m<button[39m
      [33mclass[39m=[32m"inline-flex items-center justify-center gap-2 
whitespace-nowrap rounded-md text-sm font-medium transition-colors 
focus-visible:outline-none focus-visible:ring-1 focus-visible:ring-ring 
disabled:pointer-events-none disabled:opacity-50 [&_svg]:pointer-events-none 
[&_svg]:size-4 [&_svg]:shrink-0 bg-primary shadow hover:bg-primary/90 h-9 px-4 
py-2 flex-1"[39m
      [33mdisabled[39m=[32m""[39m
    [36m>[39m
      [0mSend Tip[0m
    [36m</button>[39m

    (If this is intentional, then use the `*AllBy*` variant of the query (like 
`queryAllByText`, `getAllByText`, or `findAllByText`)).

    Ignored nodes: comments, script, style
    [36m<body>[39m
      [36m<div>[39m
        [36m<div[39m
          [33mdata-testid[39m=[32m"dialog"[39m
          [33mstyle[39m=[32m"display: block;"[39m
        [36m>[39m
          [36m<div>[39m
            [36m<div>[39m
              [36m<h2>[39m
                [0mSend Tip[0m
              [36m</h2>[39m
              [36m<p>[39m
                [0mSend a tip to @testuser[0m
              [36m</p>[39m
            [36m</div>[39m
            [36m<div[39m
              [33mclass[39m=[32m"space-y-6 py-4"[39m
            [36m>[39m
              [36m<div[39m
                [33mclass[39m=[32m"flex items-center gap-3 p-3 bg-muted 
rounded-lg"[39m
              [36m>[39m
                [36m<div[39m
                  [33mdata-testid[39m=[32m"avatar"[39m
                [36m>[39m
                  [36m<img[39m
                    [33mdata-tes
tid[39m=[32m"avatar-image"[39m
                  [36m/>[39m
                  [36m<div>[39m
                    [0mTE[0m
                  [36m</div>[39m
                [36m</div>[39m
                [36m<div>[39m
                  [36m<p[39m
                    [33mclass[39m=[32m"font-semibold"[39m
                  [36m>[39m
                    [0m@[0m
                    [0mtestuser[0m
                  [36m</p>[39m
                  [36m<p[39m
                    [33mclass[39m=[32m"text-xs text-muted-foreground 
truncate max-w-[200px]"[39m
                  [36m>[39m
                    
[0mGXXXXXXXXXXXXXXXXXXXXXXXXXXXXXXXXXXXXXXXXXXXXXXXXXXXXXX[0m
                  [36m</p>[39m
                [36m</div>[39m
              [36m</div>[39m
              [36m<div[39m
                [33mclass[39m=[32m"space-y-2"[39m
              [36m>[39m
                [36m<label[39m
                  [33mclass[39m=[32m"text-sm font-medium leading-none 
peer-disabled:cursor-not-allowed peer-disabled:opacity-70"[39m
                [36m>[39m
                  [0mSelect Amount[0m
                [36m</label>[39m
                [36m<div[39m
                  [33mclass[39m=[32m"grid grid-cols-4 gap-2"[39m
                [36m>[39m
                  [36m<button[39m
                    [33mclass[39m=[32m"inline-flex items-center 
justify-center gap-2 whitespace-nowrap rounded-md text-sm transition-colors 
focus-visible:outline-none focus-visible:ring-1 focus-visible:ring-ring 
disabled:pointer-events-none disabled:opacity-50 [&_svg]:pointer-events-none 
[&_svg]:size-4 [&_svg]:shrink-0 border border-input bg-background shadow-sm 
hover:bg-accent hover:text-accent-foreground h-9 px-4 py-2 font-semibold"[39m
                  [36m>[39m
                    [0m1[0m
                    [0m XLM[0m
                  [36m</button>[39m
                  [36m<button[39m
                    [33mclass[39m=[32m"inline-flex items-center 
justify-center gap-2 whitespace-nowrap rounded-md text-sm transition-colors 
focus-visible:outline-none focus-visible:ring-1 focus-visible:ring-ring 
disabled:pointer-events-none disabled:opacity-50 [&_svg]:pointer-events-none 
[&_svg]:size-4 [&_svg]:shrink-0 border border-input bg-background shadow-sm 
hover:bg-accent hover:text-accent-foreground h-9 px-4 py-2 font-semibold"[39m
                  [36m>[39m
                    [0m5[0m
                    [0m XLM[0m
                  [36m</button>[39m
                  [36m<button[39m
                    [33mclass[39m=[32m"inline-flex items-center 
justify-center gap-2 whitespace-nowrap rounded-md text-sm transition-colors 
focus-visible:outline-none focus-visible:ring-1 focus-visible:ring-ring 
disabled:pointer-events-none disabled:opacity-50 [&_svg]:pointer-events-none 
[&_svg]:size-4 [&_svg]:shrink-0 border border-input bg-background shadow-sm 
hover:bg-accent hover:text-accent-foreground h-9 px-4 py-2 font-semibold"[39m
                  [36m>[39m
                    [0m10[0m
                    [0m XLM[0m
                  [36m</button>[39m
                  [36m<button[39m
                    [33mclass[39m=[32m"inline-flex items-center 
justify-center gap-2 whitespace-nowrap rounded-md text-sm transition-colors 
focus-visible:outline-none focus-visible:ring-1 focus-visible:ring-ring 
disabled:pointer-events-none disabled:opacity-50 [&_svg]:pointer-events-none 
[&_svg]:size-4 [&_svg]:shrink-0 border border-input bg-background shadow-sm 
hover:bg-accent hover:text-accent-foreground h-9 px-4 py-2 font-semibold"[39m
                  [36m>[39m
                    [0m25[0m
                    [0m XLM[0m
                  [36m</button>[39m
                [36m</div>[39m
              [36m</div>[39m
              [36m<div[39m
                [33mclass[39m=[32m"space-y-2"[39m
              [36m>[39m
                [36m<label[39m
                  [33mclass[39m=[32m"text-sm font-medium leading-none 
peer-disabled:cursor-not-allowed peer-disabled:opacit
y-70"[39m
                  [33mfor[39m=[32m"custom-amount"[39m
                [36m>[39m
                  [0mOr Enter Custom Amount[0m
                [36m</label>[39m
                [36m<div[39m
                  [33mclass[39m=[32m"relative"[39m
                [36m>[39m
                  [36m<input[39m
                    [33mclass[39m=[32m"flex h-9 w-full rounded-md border 
border-input bg-transparent px-3 py-1 text-base shadow-sm transition-colors 
file:border-0 file:bg-transparent file:text-sm file:font-medium 
file:text-foreground placeholder:text-muted-foreground 
focus-visible:outline-none focus-visible:ring-1 focus-visible:ring-purple-500 
disabled:cursor-not-allowed disabled:opacity-50 md:text-sm pr-12"[39m
                    [33mid[39m=[32m"custom-amount"[39m
                    [33mplaceholder[39m=[32m"0.00"[39m
                    [33mtype[39m=[32m"text"[39m
                    [33mvalue[39m=[32m""[39m
                  [36m/>[39m
                  [36m<span[39m
                    [33mclass[39m=[32m"absolute right-3 top-1/2 
-translate-y-1/2 text-muted-foreground text-sm"[39m
                  [36m>[39m
                    [0mXLM[0m
                  [36m</span>[39m
                [36m</div>[39m
                [36m<p[39m
                  [33mclass[39m=[32m"text-xs text-muted-foreground"[39m
                [36m>[39m
                  [0mMaximum: [0m
                  [0m10,000[0m
                  [0m XLM[0m
                [36m</p>[39m
              [36m</div>[39m
            [36m</div>[39m
            [36m<div>[39m
              [36m<div[39m
                [33mclass[39m=[32m"flex gap-2 w-full"[39m
              [36m>[39m
                [36m<button[39m
                  [33mclass[39m=[32m"inline-flex items-center 
justify-center gap-2 whitespace-nowrap rounded-md text-sm font-medium 
transition-colors focus-visible:outline-none focus-visible:ring-1 
focus-visible:ring-ring disabled:pointer-events-none disabled:opacity-50 
[&_svg]:pointer-events-none [&_svg]:size-4 [&_svg]:shrink-0 border 
border-input bg-background shadow-sm hover:bg-accent 
hover:text-accent-foreground h-9 px-4 py-2 flex-1"[39m
                [36m>[39m
                  [0mCancel[0m
                [36m</button>[39m
                [36m<button[39m
                  [33mclass[39m=[32m"inline-flex items-center 
justify-center gap-2 whitespace-nowrap rounded-md text-sm font-medium 
transition-colors focus-visible:outline-none focus-visible:ring-1 
focus-visible:ring-ring disabled:pointer-events-none disabled:opacity-50 
[&_svg]:pointer-events-none [&_svg]:size-4 [&_svg]:shrink-0 bg-primary shadow 
hover:bg-primary/90 h-9 px-4 py-2 flex-1"[39m
                  [33mdisabled[39m=[32m""[39m
                [36m>[39m
                  [0mSend Tip[0m
                [36m</button>[39m
              [36m</div>[39m
            [36m</div>[39m
          [36m</div>[39m
        [36m</div>[39m
      [36m</div>[39m
    [36m</body>[39m

    [0m [90m 203 |[39m
     [90m 204 |[39m       [36mconst[39m input [33m=[39m 
screen[33m.[39mgetByPlaceholderText([32m"0.00"[39m)[33m;[39m
    [31m[1m>[22m[39m[90m 205 |[39m       [36mconst[39m submitButton 
[33m=[39m screen[33m.[39mgetByText([32m"Send Tip"[39m)[33m;[39m
     [90m     |[39m                                   [31m[1m^[22m[39m
     [90m 206 |[39m
     [90m 207 |[39m       fireEvent[33m.[39mchange(input[33m,[39m { 
target[33m:[39m { value[33m:[39m [32m"5"[39m } })[33m;[39m
     [90m 208 |[39m       
fireEvent[33m.[39mclick(submitButton)[33m;[39m[0m

      at Object.getElementError 
(node_modules/@testing-library/dom/dist/config.js:37:19)
      at getElementError 
(node_modules/@testing-library/dom/dist/query-helpers.js:20:35)
      at getMultipleElementsFoundError 
(node_modules/@testing-library/dom/dist/query-helpers.js:23:10)
      at node_modules/@testing-library/dom/dist/query-helpers.js:55:13
      at node_modules/@testing-library/dom
/dist/query-helpers.js:95:19
      at Object.getByText 
(components/tipping/__tests__/TipModal.test.tsx:205:35)

  ΓùÅ TipModal ΓÇ║ Transaction State Transitions ΓÇ║ should handle user 
rejection

    TestingLibraryElementError: Found multiple elements with the text: Send Tip

    Here are the matching elements:

    Ignored nodes: comments, script, style
    [36m<h2>[39m
      [0mSend Tip[0m
    [36m</h2>[39m

    Ignored nodes: comments, script, style
    [36m<button[39m
      [33mclass[39m=[32m"inline-flex items-center justify-center gap-2 
whitespace-nowrap rounded-md text-sm font-medium transition-colors 
focus-visible:outline-none focus-visible:ring-1 focus-visible:ring-ring 
disabled:pointer-events-none disabled:opacity-50 [&_svg]:pointer-events-none 
[&_svg]:size-4 [&_svg]:shrink-0 bg-primary shadow hover:bg-primary/90 h-9 px-4 
py-2 flex-1"[39m
      [33mdisabled[39m=[32m""[39m
    [36m>[39m
      [0mSend Tip[0m
    [36m</button>[39m

    (If this is intentional, then use the `*AllBy*` variant of the query (like 
`queryAllByText`, `getAllByText`, or `findAllByText`)).

    Ignored nodes: comments, script, style
    [36m<body>[39m
      [36m<div>[39m
        [36m<div[39m
          [33mdata-testid[39m=[32m"dialog"[39m
          [33mstyle[39m=[32m"display: block;"[39m
        [36m>[39m
          [36m<div>[39m
            [36m<div>[39m
              [36m<h2>[39m
                [0mSend Tip[0m
              [36m</h2>[39m
              [36m<p>[39m
                [0mSend a tip to @testuser[0m
              [36m</p>[39m
            [36m</div>[39m
            [36m<div[39m
              [33mclass[39m=[32m"space-y-6 py-4"[39m
            [36m>[39m
              [36m<div[39m
                [33mclass[39m=[32m"flex items-center gap-3 p-3 bg-muted 
rounded-lg"[39m
              [36m>[39m
                [36m<div[39m
                  [33mdata-testid[39m=[32m"avatar"[39m
                [36m>[39m
                  [36m<img[39m
                    [33mdata-testid[39m=[32m"avatar-image"[39m
                  [36m/>[39m
                  [36m<div>[39m
                    [0mTE[0m
                  [36m</div>[39m
                [36m</div>[39m
                [36m<div>[39m
                  [36m<p[39m
                    [33mclass[39m=[32m"font-semibold"[39m
                  [36m>[39m
                    [0m@[0m
                    [0mtestuser[0m
                  [36m</p>[39m
                  [36m<p[39m
                    [33mclass[39m=[32m"text-xs text-muted-foreground 
truncate max-w-[200px]"[39m
                  [36m>[39m
                    
[0mGXXXXXXXXXXXXXXXXXXXXXXXXXXXXXXXXXXXXXXXXXXXXXXXXXXXXXX[0m
                  [36m</p>[39m
                [36m</div>[39m
              [36m</div>[39m
              [36m<div[39m
                [33mclass[39m=[32m"space-y-2"[39m
              [36m>[39m
                [36m<label[39m
                  [33mclass[39m=[32m"text-sm font-medium leading-none 
peer-disabled:cursor-not-allowed peer-disabled:opacity-70"[39m
                [36m>[39m
                  [0mSelect Amount[0m
                [36m</label>[39m
                [36m<div[39m
                  [33mclass[39m=[32m"grid grid-cols-4 gap-2"[39m
                [36m>[39m
                  [36m<button[39m
                    [33mclass[39m=[32m"inline-flex items-center 
justify-center gap-2 whitespace-nowrap rounded-md text-sm transition-colors 
focus-visible:outline-none focus-visible:ring-1 focus-visible:ring-ring 
disabled:pointer-events-none disabled:opacity-50 [&_svg]:pointer-events-none 
[&_svg]:size-4 [&_svg]:shrink-0 border border-input bg-background shadow-sm 
hover:bg-accent hover:text-accent-foreground h-9 px-4 py-2 font-semibold"[39m
                  [36m>[39m
                    [0m1[0m
                    [0m XLM[0m
                  [36m</button>[39m
                  [36m<button[39m
                    [33mclass[39m=[32m"inline-flex items-center justify-cen
ter gap-2 whitespace-nowrap rounded-md text-sm transition-colors 
focus-visible:outline-none focus-visible:ring-1 focus-visible:ring-ring 
disabled:pointer-events-none disabled:opacity-50 [&_svg]:pointer-events-none 
[&_svg]:size-4 [&_svg]:shrink-0 border border-input bg-background shadow-sm 
hover:bg-accent hover:text-accent-foreground h-9 px-4 py-2 font-semibold"[39m
                  [36m>[39m
                    [0m5[0m
                    [0m XLM[0m
                  [36m</button>[39m
                  [36m<button[39m
                    [33mclass[39m=[32m"inline-flex items-center 
justify-center gap-2 whitespace-nowrap rounded-md text-sm transition-colors 
focus-visible:outline-none focus-visible:ring-1 focus-visible:ring-ring 
disabled:pointer-events-none disabled:opacity-50 [&_svg]:pointer-events-none 
[&_svg]:size-4 [&_svg]:shrink-0 border border-input bg-background shadow-sm 
hover:bg-accent hover:text-accent-foreground h-9 px-4 py-2 font-semibold"[39m
                  [36m>[39m
                    [0m10[0m
                    [0m XLM[0m
                  [36m</button>[39m
                  [36m<button[39m
                    [33mclass[39m=[32m"inline-flex items-center 
justify-center gap-2 whitespace-nowrap rounded-md text-sm transition-colors 
focus-visible:outline-none focus-visible:ring-1 focus-visible:ring-ring 
disabled:pointer-events-none disabled:opacity-50 [&_svg]:pointer-events-none 
[&_svg]:size-4 [&_svg]:shrink-0 border border-input bg-background shadow-sm 
hover:bg-accent hover:text-accent-foreground h-9 px-4 py-2 font-semibold"[39m
                  [36m>[39m
                    [0m25[0m
                    [0m XLM[0m
                  [36m</button>[39m
                [36m</div>[39m
              [36m</div>[39m
              [36m<div[39m
                [33mclass[39m=[32m"space-y-2"[39m
              [36m>[39m
                [36m<label[39m
                  [33mclass[39m=[32m"text-sm font-medium leading-none 
peer-disabled:cursor-not-allowed peer-disabled:opacity-70"[39m
                  [33mfor[39m=[32m"custom-amount"[39m
                [36m>[39m
                  [0mOr Enter Custom Amount[0m
                [36m</label>[39m
                [36m<div[39m
                  [33mclass[39m=[32m"relative"[39m
                [36m>[39m
                  [36m<input[39m
                    [33mclass[39m=[32m"flex h-9 w-full rounded-md border 
border-input bg-transparent px-3 py-1 text-base shadow-sm transition-colors 
file:border-0 file:bg-transparent file:text-sm file:font-medium 
file:text-foreground placeholder:text-muted-foreground 
focus-visible:outline-none focus-visible:ring-1 focus-visible:ring-purple-500 
disabled:cursor-not-allowed disabled:opacity-50 md:text-sm pr-12"[39m
                    [33mid[39m=[32m"custom-amount"[39m
                    [33mplaceholder[39m=[32m"0.00"[39m
                    [33mtype[39m=[32m"text"[39m
                    [33mvalue[39m=[32m""[39m
                  [36m/>[39m
                  [36m<span[39m
                    [33mclass[39m=[32m"absolute right-3 top-1/2 
-translate-y-1/2 text-muted-foreground text-sm"[39m
                  [36m>[39m
                    [0mXLM[0m
                  [36m</span>[39m
                [36m</div>[39m
                [36m<p[39m
                  [33mclass[39m=[32m"text-xs text-muted-foreground"[39m
                [36m>[39m
                  [0mMaximum: [0m
                  [0m10,000[0m
                  [0m XLM[0m
                [36m</p>[39m
              [36m</div>[39m
            [36m</div>[39m
            [36m<div>[39m
              [36m<div[39m
                [33mclass[39m=[32m"flex gap-2 w-full"[39m
              [36m>[39m
                [36m<button[39m
                  [33mclass[39m=[32m"inline-flex items-center 
justify-center gap-2 whitespace-nowrap rounded-md text-sm font-medium 
transition-colors focus-visible:outline-none focus-visible:ring-1 
focus-visible:ring-ring disabled:pointer-even
ts-none disabled:opacity-50 [&_svg]:pointer-events-none [&_svg]:size-4 
[&_svg]:shrink-0 border border-input bg-background shadow-sm hover:bg-accent 
hover:text-accent-foreground h-9 px-4 py-2 flex-1"[39m
                [36m>[39m
                  [0mCancel[0m
                [36m</button>[39m
                [36m<button[39m
                  [33mclass[39m=[32m"inline-flex items-center 
justify-center gap-2 whitespace-nowrap rounded-md text-sm font-medium 
transition-colors focus-visible:outline-none focus-visible:ring-1 
focus-visible:ring-ring disabled:pointer-events-none disabled:opacity-50 
[&_svg]:pointer-events-none [&_svg]:size-4 [&_svg]:shrink-0 bg-primary shadow 
hover:bg-primary/90 h-9 px-4 py-2 flex-1"[39m
                  [33mdisabled[39m=[32m""[39m
                [36m>[39m
                  [0mSend Tip[0m
                [36m</button>[39m
              [36m</div>[39m
            [36m</div>[39m
          [36m</div>[39m
        [36m</div>[39m
      [36m</div>[39m
    [36m</body>[39m

    [0m [90m 223 |[39m
     [90m 224 |[39m       [36mconst[39m input [33m=[39m 
screen[33m.[39mgetByPlaceholderText([32m"0.00"[39m)[33m;[39m
    [31m[1m>[22m[39m[90m 225 |[39m       [36mconst[39m submitButton 
[33m=[39m screen[33m.[39mgetByText([32m"Send Tip"[39m)[33m;[39m
     [90m     |[39m                                   [31m[1m^[22m[39m
     [90m 226 |[39m
     [90m 227 |[39m       fireEvent[33m.[39mchange(input[33m,[39m { 
target[33m:[39m { value[33m:[39m [32m"5"[39m } })[33m;[39m
     [90m 228 |[39m       
fireEvent[33m.[39mclick(submitButton)[33m;[39m[0m

      at Object.getElementError 
(node_modules/@testing-library/dom/dist/config.js:37:19)
      at getElementError 
(node_modules/@testing-library/dom/dist/query-helpers.js:20:35)
      at getMultipleElementsFoundError 
(node_modules/@testing-library/dom/dist/query-helpers.js:23:10)
      at node_modules/@testing-library/dom/dist/query-helpers.js:55:13
      at node_modules/@testing-library/dom/dist/query-helpers.js:95:19
      at Object.getByText 
(components/tipping/__tests__/TipModal.test.tsx:225:35)

  ΓùÅ TipModal ΓÇ║ Error Handling ΓÇ║ should handle insufficient balance error

    TestingLibraryElementError: Found multiple elements with the text: Send Tip

    Here are the matching elements:

    Ignored nodes: comments, script, style
    [36m<h2>[39m
      [0mSend Tip[0m
    [36m</h2>[39m

    Ignored nodes: comments, script, style
    [36m<button[39m
      [33mclass[39m=[32m"inline-flex items-center justify-center gap-2 
whitespace-nowrap rounded-md text-sm font-medium transition-colors 
focus-visible:outline-none focus-visible:ring-1 focus-visible:ring-ring 
disabled:pointer-events-none disabled:opacity-50 [&_svg]:pointer-events-none 
[&_svg]:size-4 [&_svg]:shrink-0 bg-primary shadow hover:bg-primary/90 h-9 px-4 
py-2 flex-1"[39m
      [33mdisabled[39m=[32m""[39m
    [36m>[39m
      [0mSend Tip[0m
    [36m</button>[39m

    (If this is intentional, then use the `*AllBy*` variant of the query (like 
`queryAllByText`, `getAllByText`, or `findAllByText`)).

    Ignored nodes: comments, script, style
    [36m<body>[39m
      [36m<div>[39m
        [36m<div[39m
          [33mdata-testid[39m=[32m"dialog"[39m
          [33mstyle[39m=[32m"display: block;"[39m
        [36m>[39m
          [36m<div>[39m
            [36m<div>[39m
              [36m<h2>[39m
                [0mSend Tip[0m
              [36m</h2>[39m
              [36m<p>[39m
                [0mSend a tip to @testuser[0m
              [36m</p>[39m
            [36m</div>[39m
            [36m<div[39m
              [33mclass[39m=[32m"space-y-6 py-4"[39m
            [36m>[39m
              [36m<div[39m
                [33mclass[39m=[32m"flex items-center gap-3 p-3 bg-muted 
rounded-lg"[39m
              [36m>[39m
                [36m<div[39m
                  [33mdata-testid[39m=[32m"avatar"[39m
                [36m>[39m
                  [36m<img[39m
        
            [33mdata-testid[39m=[32m"avatar-image"[39m
                  [36m/>[39m
                  [36m<div>[39m
                    [0mTE[0m
                  [36m</div>[39m
                [36m</div>[39m
                [36m<div>[39m
                  [36m<p[39m
                    [33mclass[39m=[32m"font-semibold"[39m
                  [36m>[39m
                    [0m@[0m
                    [0mtestuser[0m
                  [36m</p>[39m
                  [36m<p[39m
                    [33mclass[39m=[32m"text-xs text-muted-foreground 
truncate max-w-[200px]"[39m
                  [36m>[39m
                    
[0mGXXXXXXXXXXXXXXXXXXXXXXXXXXXXXXXXXXXXXXXXXXXXXXXXXXXXXX[0m
                  [36m</p>[39m
                [36m</div>[39m
              [36m</div>[39m
              [36m<div[39m
                [33mclass[39m=[32m"space-y-2"[39m
              [36m>[39m
                [36m<label[39m
                  [33mclass[39m=[32m"text-sm font-medium leading-none 
peer-disabled:cursor-not-allowed peer-disabled:opacity-70"[39m
                [36m>[39m
                  [0mSelect Amount[0m
                [36m</label>[39m
                [36m<div[39m
                  [33mclass[39m=[32m"grid grid-cols-4 gap-2"[39m
                [36m>[39m
                  [36m<button[39m
                    [33mclass[39m=[32m"inline-flex items-center 
justify-center gap-2 whitespace-nowrap rounded-md text-sm transition-colors 
focus-visible:outline-none focus-visible:ring-1 focus-visible:ring-ring 
disabled:pointer-events-none disabled:opacity-50 [&_svg]:pointer-events-none 
[&_svg]:size-4 [&_svg]:shrink-0 border border-input bg-background shadow-sm 
hover:bg-accent hover:text-accent-foreground h-9 px-4 py-2 font-semibold"[39m
                  [36m>[39m
                    [0m1[0m
                    [0m XLM[0m
                  [36m</button>[39m
                  [36m<button[39m
                    [33mclass[39m=[32m"inline-flex items-center 
justify-center gap-2 whitespace-nowrap rounded-md text-sm transition-colors 
focus-visible:outline-none focus-visible:ring-1 focus-visible:ring-ring 
disabled:pointer-events-none disabled:opacity-50 [&_svg]:pointer-events-none 
[&_svg]:size-4 [&_svg]:shrink-0 border border-input bg-background shadow-sm 
hover:bg-accent hover:text-accent-foreground h-9 px-4 py-2 font-semibold"[39m
                  [36m>[39m
                    [0m5[0m
                    [0m XLM[0m
                  [36m</button>[39m
                  [36m<button[39m
                    [33mclass[39m=[32m"inline-flex items-center 
justify-center gap-2 whitespace-nowrap rounded-md text-sm transition-colors 
focus-visible:outline-none focus-visible:ring-1 focus-visible:ring-ring 
disabled:pointer-events-none disabled:opacity-50 [&_svg]:pointer-events-none 
[&_svg]:size-4 [&_svg]:shrink-0 border border-input bg-background shadow-sm 
hover:bg-accent hover:text-accent-foreground h-9 px-4 py-2 font-semibold"[39m
                  [36m>[39m
                    [0m10[0m
                    [0m XLM[0m
                  [36m</button>[39m
                  [36m<button[39m
                    [33mclass[39m=[32m"inline-flex items-center 
justify-center gap-2 whitespace-nowrap rounded-md text-sm transition-colors 
focus-visible:outline-none focus-visible:ring-1 focus-visible:ring-ring 
disabled:pointer-events-none disabled:opacity-50 [&_svg]:pointer-events-none 
[&_svg]:size-4 [&_svg]:shrink-0 border border-input bg-background shadow-sm 
hover:bg-accent hover:text-accent-foreground h-9 px-4 py-2 font-semibold"[39m
                  [36m>[39m
                    [0m25[0m
                    [0m XLM[0m
                  [36m</button>[39m
                [36m</div>[39m
              [36m</div>[39m
              [36m<div[39m
                [33mclass[39m=[32m"space-y-2"[39m
              [36m>[39m
                [36m<label[39m
                  [33mclass[39m=[32m"text-sm font-medium leading-none 
peer-disabled:cursor-not-all
owed peer-disabled:opacity-70"[39m
                  [33mfor[39m=[32m"custom-amount"[39m
                [36m>[39m
                  [0mOr Enter Custom Amount[0m
                [36m</label>[39m
                [36m<div[39m
                  [33mclass[39m=[32m"relative"[39m
                [36m>[39m
                  [36m<input[39m
                    [33mclass[39m=[32m"flex h-9 w-full rounded-md border 
border-input bg-transparent px-3 py-1 text-base shadow-sm transition-colors 
file:border-0 file:bg-transparent file:text-sm file:font-medium 
file:text-foreground placeholder:text-muted-foreground 
focus-visible:outline-none focus-visible:ring-1 focus-visible:ring-purple-500 
disabled:cursor-not-allowed disabled:opacity-50 md:text-sm pr-12"[39m
                    [33mid[39m=[32m"custom-amount"[39m
                    [33mplaceholder[39m=[32m"0.00"[39m
                    [33mtype[39m=[32m"text"[39m
                    [33mvalue[39m=[32m""[39m
                  [36m/>[39m
                  [36m<span[39m
                    [33mclass[39m=[32m"absolute right-3 top-1/2 
-translate-y-1/2 text-muted-foreground text-sm"[39m
                  [36m>[39m
                    [0mXLM[0m
                  [36m</span>[39m
                [36m</div>[39m
                [36m<p[39m
                  [33mclass[39m=[32m"text-xs text-muted-foreground"[39m
                [36m>[39m
                  [0mMaximum: [0m
                  [0m10,000[0m
                  [0m XLM[0m
                [36m</p>[39m
              [36m</div>[39m
            [36m</div>[39m
            [36m<div>[39m
              [36m<div[39m
                [33mclass[39m=[32m"flex gap-2 w-full"[39m
              [36m>[39m
                [36m<button[39m
                  [33mclass[39m=[32m"inline-flex items-center 
justify-center gap-2 whitespace-nowrap rounded-md text-sm font-medium 
transition-colors focus-visible:outline-none focus-visible:ring-1 
focus-visible:ring-ring disabled:pointer-events-none disabled:opacity-50 
[&_svg]:pointer-events-none [&_svg]:size-4 [&_svg]:shrink-0 border 
border-input bg-background shadow-sm hover:bg-accent 
hover:text-accent-foreground h-9 px-4 py-2 flex-1"[39m
                [36m>[39m
                  [0mCancel[0m
                [36m</button>[39m
                [36m<button[39m
                  [33mclass[39m=[32m"inline-flex items-center 
justify-center gap-2 whitespace-nowrap rounded-md text-sm font-medium 
transition-colors focus-visible:outline-none focus-visible:ring-1 
focus-visible:ring-ring disabled:pointer-events-none disabled:opacity-50 
[&_svg]:pointer-events-none [&_svg]:size-4 [&_svg]:shrink-0 bg-primary shadow 
hover:bg-primary/90 h-9 px-4 py-2 flex-1"[39m
                  [33mdisabled[39m=[32m""[39m
                [36m>[39m
                  [0mSend Tip[0m
                [36m</button>[39m
              [36m</div>[39m
            [36m</div>[39m
          [36m</div>[39m
        [36m</div>[39m
      [36m</div>[39m
    [36m</body>[39m

    [0m [90m 242 |[39m
     [90m 243 |[39m       [36mconst[39m input [33m=[39m 
screen[33m.[39mgetByPlaceholderText([32m"0.00"[39m)[33m;[39m
    [31m[1m>[22m[39m[90m 244 |[39m       [36mconst[39m submitButton 
[33m=[39m screen[33m.[39mgetByText([32m"Send Tip"[39m)[33m;[39m
     [90m     |[39m                                   [31m[1m^[22m[39m
     [90m 245 |[39m
     [90m 246 |[39m       fireEvent[33m.[39mchange(input[33m,[39m { 
target[33m:[39m { value[33m:[39m [32m"5"[39m } })[33m;[39m
     [90m 247 |[39m       
fireEvent[33m.[39mclick(submitButton)[33m;[39m[0m

      at Object.getElementError 
(node_modules/@testing-library/dom/dist/config.js:37:19)
      at getElementError 
(node_modules/@testing-library/dom/dist/query-helpers.js:20:35)
      at getMultipleElementsFoundError 
(node_modules/@testing-library/dom/dist/query-helpers.js:23:10)
      at node_modules/@testing-library/dom/dist/query-helpers.js:55:13
      at node_mod
ules/@testing-library/dom/dist/query-helpers.js:95:19
      at Object.getByText 
(components/tipping/__tests__/TipModal.test.tsx:244:35)

  ΓùÅ TipModal ΓÇ║ Error Handling ΓÇ║ should show retry button on error

    TestingLibraryElementError: Found multiple elements with the text: Send Tip

    Here are the matching elements:

    Ignored nodes: comments, script, style
    [36m<h2>[39m
      [0mSend Tip[0m
    [36m</h2>[39m

    Ignored nodes: comments, script, style
    [36m<button[39m
      [33mclass[39m=[32m"inline-flex items-center justify-center gap-2 
whitespace-nowrap rounded-md text-sm font-medium transition-colors 
focus-visible:outline-none focus-visible:ring-1 focus-visible:ring-ring 
disabled:pointer-events-none disabled:opacity-50 [&_svg]:pointer-events-none 
[&_svg]:size-4 [&_svg]:shrink-0 bg-primary shadow hover:bg-primary/90 h-9 px-4 
py-2 flex-1"[39m
      [33mdisabled[39m=[32m""[39m
    [36m>[39m
      [0mSend Tip[0m
    [36m</button>[39m

    (If this is intentional, then use the `*AllBy*` variant of the query (like 
`queryAllByText`, `getAllByText`, or `findAllByText`)).

    Ignored nodes: comments, script, style
    [36m<body>[39m
      [36m<div>[39m
        [36m<div[39m
          [33mdata-testid[39m=[32m"dialog"[39m
          [33mstyle[39m=[32m"display: block;"[39m
        [36m>[39m
          [36m<div>[39m
            [36m<div>[39m
              [36m<h2>[39m
                [0mSend Tip[0m
              [36m</h2>[39m
              [36m<p>[39m
                [0mSend a tip to @testuser[0m
              [36m</p>[39m
            [36m</div>[39m
            [36m<div[39m
              [33mclass[39m=[32m"space-y-6 py-4"[39m
            [36m>[39m
              [36m<div[39m
                [33mclass[39m=[32m"flex items-center gap-3 p-3 bg-muted 
rounded-lg"[39m
              [36m>[39m
                [36m<div[39m
                  [33mdata-testid[39m=[32m"avatar"[39m
                [36m>[39m
                  [36m<img[39m
                    [33mdata-testid[39m=[32m"avatar-image"[39m
                  [36m/>[39m
                  [36m<div>[39m
                    [0mTE[0m
                  [36m</div>[39m
                [36m</div>[39m
                [36m<div>[39m
                  [36m<p[39m
                    [33mclass[39m=[32m"font-semibold"[39m
                  [36m>[39m
                    [0m@[0m
                    [0mtestuser[0m
                  [36m</p>[39m
                  [36m<p[39m
                    [33mclass[39m=[32m"text-xs text-muted-foreground 
truncate max-w-[200px]"[39m
                  [36m>[39m
                    
[0mGXXXXXXXXXXXXXXXXXXXXXXXXXXXXXXXXXXXXXXXXXXXXXXXXXXXXXX[0m
                  [36m</p>[39m
                [36m</div>[39m
              [36m</div>[39m
              [36m<div[39m
                [33mclass[39m=[32m"space-y-2"[39m
              [36m>[39m
                [36m<label[39m
                  [33mclass[39m=[32m"text-sm font-medium leading-none 
peer-disabled:cursor-not-allowed peer-disabled:opacity-70"[39m
                [36m>[39m
                  [0mSelect Amount[0m
                [36m</label>[39m
                [36m<div[39m
                  [33mclass[39m=[32m"grid grid-cols-4 gap-2"[39m
                [36m>[39m
                  [36m<button[39m
                    [33mclass[39m=[32m"inline-flex items-center 
justify-center gap-2 whitespace-nowrap rounded-md text-sm transition-colors 
focus-visible:outline-none focus-visible:ring-1 focus-visible:ring-ring 
disabled:pointer-events-none disabled:opacity-50 [&_svg]:pointer-events-none 
[&_svg]:size-4 [&_svg]:shrink-0 border border-input bg-background shadow-sm 
hover:bg-accent hover:text-accent-foreground h-9 px-4 py-2 font-semibold"[39m
                  [36m>[39m
                    [0m1[0m
                    [0m XLM[0m
                  [36m</button>[39m
                  [36m<button[39m
                    [33mclass[39m=[32m"inline-flex items-cen
ter justify-center gap-2 whitespace-nowrap rounded-md text-sm 
transition-colors focus-visible:outline-none focus-visible:ring-1 
focus-visible:ring-ring disabled:pointer-events-none disabled:opacity-50 
[&_svg]:pointer-events-none [&_svg]:size-4 [&_svg]:shrink-0 border 
border-input bg-background shadow-sm hover:bg-accent 
hover:text-accent-foreground h-9 px-4 py-2 font-semibold"[39m
                  [36m>[39m
                    [0m5[0m
                    [0m XLM[0m
                  [36m</button>[39m
                  [36m<button[39m
                    [33mclass[39m=[32m"inline-flex items-center 
justify-center gap-2 whitespace-nowrap rounded-md text-sm transition-colors 
focus-visible:outline-none focus-visible:ring-1 focus-visible:ring-ring 
disabled:pointer-events-none disabled:opacity-50 [&_svg]:pointer-events-none 
[&_svg]:size-4 [&_svg]:shrink-0 border border-input bg-background shadow-sm 
hover:bg-accent hover:text-accent-foreground h-9 px-4 py-2 font-semibold"[39m
                  [36m>[39m
                    [0m10[0m
                    [0m XLM[0m
                  [36m</button>[39m
                  [36m<button[39m
                    [33mclass[39m=[32m"inline-flex items-center 
justify-center gap-2 whitespace-nowrap rounded-md text-sm transition-colors 
focus-visible:outline-none focus-visible:ring-1 focus-visible:ring-ring 
disabled:pointer-events-none disabled:opacity-50 [&_svg]:pointer-events-none 
[&_svg]:size-4 [&_svg]:shrink-0 border border-input bg-background shadow-sm 
hover:bg-accent hover:text-accent-foreground h-9 px-4 py-2 font-semibold"[39m
                  [36m>[39m
                    [0m25[0m
                    [0m XLM[0m
                  [36m</button>[39m
                [36m</div>[39m
              [36m</div>[39m
              [36m<div[39m
                [33mclass[39m=[32m"space-y-2"[39m
              [36m>[39m
                [36m<label[39m
                  [33mclass[39m=[32m"text-sm font-medium leading-none 
peer-disabled:cursor-not-allowed peer-disabled:opacity-70"[39m
                  [33mfor[39m=[32m"custom-amount"[39m
                [36m>[39m
                  [0mOr Enter Custom Amount[0m
                [36m</label>[39m
                [36m<div[39m
                  [33mclass[39m=[32m"relative"[39m
                [36m>[39m
                  [36m<input[39m
                    [33mclass[39m=[32m"flex h-9 w-full rounded-md border 
border-input bg-transparent px-3 py-1 text-base shadow-sm transition-colors 
file:border-0 file:bg-transparent file:text-sm file:font-medium 
file:text-foreground placeholder:text-muted-foreground 
focus-visible:outline-none focus-visible:ring-1 focus-visible:ring-purple-500 
disabled:cursor-not-allowed disabled:opacity-50 md:text-sm pr-12"[39m
                    [33mid[39m=[32m"custom-amount"[39m
                    [33mplaceholder[39m=[32m"0.00"[39m
                    [33mtype[39m=[32m"text"[39m
                    [33mvalue[39m=[32m""[39m
                  [36m/>[39m
                  [36m<span[39m
                    [33mclass[39m=[32m"absolute right-3 top-1/2 
-translate-y-1/2 text-muted-foreground text-sm"[39m
                  [36m>[39m
                    [0mXLM[0m
                  [36m</span>[39m
                [36m</div>[39m
                [36m<p[39m
                  [33mclass[39m=[32m"text-xs text-muted-foreground"[39m
                [36m>[39m
                  [0mMaximum: [0m
                  [0m10,000[0m
                  [0m XLM[0m
                [36m</p>[39m
              [36m</div>[39m
            [36m</div>[39m
            [36m<div>[39m
              [36m<div[39m
                [33mclass[39m=[32m"flex gap-2 w-full"[39m
              [36m>[39m
                [36m<button[39m
                  [33mclass[39m=[32m"inline-flex items-center 
justify-center gap-2 whitespace-nowrap rounded-md text-sm font-medium 
transition-colors focus-visible:outline-none focus-visible:ring-1 
focus-visible:ring-ring disabl
ed:pointer-events-none disabled:opacity-50 [&_svg]:pointer-events-none 
[&_svg]:size-4 [&_svg]:shrink-0 border border-input bg-background shadow-sm 
hover:bg-accent hover:text-accent-foreground h-9 px-4 py-2 flex-1"[39m
                [36m>[39m
                  [0mCancel[0m
                [36m</button>[39m
                [36m<button[39m
                  [33mclass[39m=[32m"inline-flex items-center 
justify-center gap-2 whitespace-nowrap rounded-md text-sm font-medium 
transition-colors focus-visible:outline-none focus-visible:ring-1 
focus-visible:ring-ring disabled:pointer-events-none disabled:opacity-50 
[&_svg]:pointer-events-none [&_svg]:size-4 [&_svg]:shrink-0 bg-primary shadow 
hover:bg-primary/90 h-9 px-4 py-2 flex-1"[39m
                  [33mdisabled[39m=[32m""[39m
                [36m>[39m
                  [0mSend Tip[0m
                [36m</button>[39m
              [36m</div>[39m
            [36m</div>[39m
          [36m</div>[39m
        [36m</div>[39m
      [36m</div>[39m
    [36m</body>[39m

    [0m [90m 261 |[39m
     [90m 262 |[39m       [36mconst[39m input [33m=[39m 
screen[33m.[39mgetByPlaceholderText([32m"0.00"[39m)[33m;[39m
    [31m[1m>[22m[39m[90m 263 |[39m       [36mconst[39m submitButton 
[33m=[39m screen[33m.[39mgetByText([32m"Send Tip"[39m)[33m;[39m
     [90m     |[39m                                   [31m[1m^[22m[39m
     [90m 264 |[39m
     [90m 265 |[39m       fireEvent[33m.[39mchange(input[33m,[39m { 
target[33m:[39m { value[33m:[39m [32m"5"[39m } })[33m;[39m
     [90m 266 |[39m       
fireEvent[33m.[39mclick(submitButton)[33m;[39m[0m

      at Object.getElementError 
(node_modules/@testing-library/dom/dist/config.js:37:19)
      at getElementError 
(node_modules/@testing-library/dom/dist/query-helpers.js:20:35)
      at getMultipleElementsFoundError 
(node_modules/@testing-library/dom/dist/query-helpers.js:23:10)
      at node_modules/@testing-library/dom/dist/query-helpers.js:55:13
      at node_modules/@testing-library/dom/dist/query-helpers.js:95:19
      at Object.getByText 
(components/tipping/__tests__/TipModal.test.tsx:263:35)

  ΓùÅ TipModal ΓÇ║ Error Handling ΓÇ║ should reset state on retry

    TestingLibraryElementError: Found multiple elements with the text: Send Tip

    Here are the matching elements:

    Ignored nodes: comments, script, style
    [36m<h2>[39m
      [0mSend Tip[0m
    [36m</h2>[39m

    Ignored nodes: comments, script, style
    [36m<button[39m
      [33mclass[39m=[32m"inline-flex items-center justify-center gap-2 
whitespace-nowrap rounded-md text-sm font-medium transition-colors 
focus-visible:outline-none focus-visible:ring-1 focus-visible:ring-ring 
disabled:pointer-events-none disabled:opacity-50 [&_svg]:pointer-events-none 
[&_svg]:size-4 [&_svg]:shrink-0 bg-primary shadow hover:bg-primary/90 h-9 px-4 
py-2 flex-1"[39m
      [33mdisabled[39m=[32m""[39m
    [36m>[39m
      [0mSend Tip[0m
    [36m</button>[39m

    (If this is intentional, then use the `*AllBy*` variant of the query (like 
`queryAllByText`, `getAllByText`, or `findAllByText`)).

    Ignored nodes: comments, script, style
    [36m<body>[39m
      [36m<div>[39m
        [36m<div[39m
          [33mdata-testid[39m=[32m"dialog"[39m
          [33mstyle[39m=[32m"display: block;"[39m
        [36m>[39m
          [36m<div>[39m
            [36m<div>[39m
              [36m<h2>[39m
                [0mSend Tip[0m
              [36m</h2>[39m
              [36m<p>[39m
                [0mSend a tip to @testuser[0m
              [36m</p>[39m
            [36m</div>[39m
            [36m<div[39m
              [33mclass[39m=[32m"space-y-6 py-4"[39m
            [36m>[39m
              [36m<div[39m
                [33mclass[39m=[32m"flex items-center gap-3 p-3 bg-muted 
rounded-lg"[39m
              [36m>[39m
                [36m<div[39m
                  [33mdata-testid[39m=[32m"avatar"[39m
                [36m>[39m
                  [36m<img[39m
      
              [33mdata-testid[39m=[32m"avatar-image"[39m
                  [36m/>[39m
                  [36m<div>[39m
                    [0mTE[0m
                  [36m</div>[39m
                [36m</div>[39m
                [36m<div>[39m
                  [36m<p[39m
                    [33mclass[39m=[32m"font-semibold"[39m
                  [36m>[39m
                    [0m@[0m
                    [0mtestuser[0m
                  [36m</p>[39m
                  [36m<p[39m
                    [33mclass[39m=[32m"text-xs text-muted-foreground 
truncate max-w-[200px]"[39m
                  [36m>[39m
                    
[0mGXXXXXXXXXXXXXXXXXXXXXXXXXXXXXXXXXXXXXXXXXXXXXXXXXXXXXX[0m
                  [36m</p>[39m
                [36m</div>[39m
              [36m</div>[39m
              [36m<div[39m
                [33mclass[39m=[32m"space-y-2"[39m
              [36m>[39m
                [36m<label[39m
                  [33mclass[39m=[32m"text-sm font-medium leading-none 
peer-disabled:cursor-not-allowed peer-disabled:opacity-70"[39m
                [36m>[39m
                  [0mSelect Amount[0m
                [36m</label>[39m
                [36m<div[39m
                  [33mclass[39m=[32m"grid grid-cols-4 gap-2"[39m
                [36m>[39m
                  [36m<button[39m
                    [33mclass[39m=[32m"inline-flex items-center 
justify-center gap-2 whitespace-nowrap rounded-md text-sm transition-colors 
focus-visible:outline-none focus-visible:ring-1 focus-visible:ring-ring 
disabled:pointer-events-none disabled:opacity-50 [&_svg]:pointer-events-none 
[&_svg]:size-4 [&_svg]:shrink-0 border border-input bg-background shadow-sm 
hover:bg-accent hover:text-accent-foreground h-9 px-4 py-2 font-semibold"[39m
                  [36m>[39m
                    [0m1[0m
                    [0m XLM[0m
                  [36m</button>[39m
                  [36m<button[39m
                    [33mclass[39m=[32m"inline-flex items-center 
justify-center gap-2 whitespace-nowrap rounded-md text-sm transition-colors 
focus-visible:outline-none focus-visible:ring-1 focus-visible:ring-ring 
disabled:pointer-events-none disabled:opacity-50 [&_svg]:pointer-events-none 
[&_svg]:size-4 [&_svg]:shrink-0 border border-input bg-background shadow-sm 
hover:bg-accent hover:text-accent-foreground h-9 px-4 py-2 font-semibold"[39m
                  [36m>[39m
                    [0m5[0m
                    [0m XLM[0m
                  [36m</button>[39m
                  [36m<button[39m
                    [33mclass[39m=[32m"inline-flex items-center 
justify-center gap-2 whitespace-nowrap rounded-md text-sm transition-colors 
focus-visible:outline-none focus-visible:ring-1 focus-visible:ring-ring 
disabled:pointer-events-none disabled:opacity-50 [&_svg]:pointer-events-none 
[&_svg]:size-4 [&_svg]:shrink-0 border border-input bg-background shadow-sm 
hover:bg-accent hover:text-accent-foreground h-9 px-4 py-2 font-semibold"[39m
                  [36m>[39m
                    [0m10[0m
                    [0m XLM[0m
                  [36m</button>[39m
                  [36m<button[39m
                    [33mclass[39m=[32m"inline-flex items-center 
justify-center gap-2 whitespace-nowrap rounded-md text-sm transition-colors 
focus-visible:outline-none focus-visible:ring-1 focus-visible:ring-ring 
disabled:pointer-events-none disabled:opacity-50 [&_svg]:pointer-events-none 
[&_svg]:size-4 [&_svg]:shrink-0 border border-input bg-background shadow-sm 
hover:bg-accent hover:text-accent-foreground h-9 px-4 py-2 font-semibold"[39m
                  [36m>[39m
                    [0m25[0m
                    [0m XLM[0m
                  [36m</button>[39m
                [36m</div>[39m
              [36m</div>[39m
              [36m<div[39m
                [33mclass[39m=[32m"space-y-2"[39m
              [36m>[39m
                [36m<label[39m
                  [33mclass[39m=[32m"text-sm font-medium leading-none 
peer-disabled:cursor-not-a
llowed peer-disabled:opacity-70"[39m
                  [33mfor[39m=[32m"custom-amount"[39m
                [36m>[39m
                  [0mOr Enter Custom Amount[0m
                [36m</label>[39m
                [36m<div[39m
                  [33mclass[39m=[32m"relative"[39m
                [36m>[39m
                  [36m<input[39m
                    [33mclass[39m=[32m"flex h-9 w-full rounded-md border 
border-input bg-transparent px-3 py-1 text-base shadow-sm transition-colors 
file:border-0 file:bg-transparent file:text-sm file:font-medium 
file:text-foreground placeholder:text-muted-foreground 
focus-visible:outline-none focus-visible:ring-1 focus-visible:ring-purple-500 
disabled:cursor-not-allowed disabled:opacity-50 md:text-sm pr-12"[39m
                    [33mid[39m=[32m"custom-amount"[39m
                    [33mplaceholder[39m=[32m"0.00"[39m
                    [33mtype[39m=[32m"text"[39m
                    [33mvalue[39m=[32m""[39m
                  [36m/>[39m
                  [36m<span[39m
                    [33mclass[39m=[32m"absolute right-3 top-1/2 
-translate-y-1/2 text-muted-foreground text-sm"[39m
                  [36m>[39m
                    [0mXLM[0m
                  [36m</span>[39m
                [36m</div>[39m
                [36m<p[39m
                  [33mclass[39m=[32m"text-xs text-muted-foreground"[39m
                [36m>[39m
                  [0mMaximum: [0m
                  [0m10,000[0m
                  [0m XLM[0m
                [36m</p>[39m
              [36m</div>[39m
            [36m</div>[39m
            [36m<div>[39m
              [36m<div[39m
                [33mclass[39m=[32m"flex gap-2 w-full"[39m
              [36m>[39m
                [36m<button[39m
                  [33mclass[39m=[32m"inline-flex items-center 
justify-center gap-2 whitespace-nowrap rounded-md text-sm font-medium 
transition-colors focus-visible:outline-none focus-visible:ring-1 
focus-visible:ring-ring disabled:pointer-events-none disabled:opacity-50 
[&_svg]:pointer-events-none [&_svg]:size-4 [&_svg]:shrink-0 border 
border-input bg-background shadow-sm hover:bg-accent 
hover:text-accent-foreground h-9 px-4 py-2 flex-1"[39m
                [36m>[39m
                  [0mCancel[0m
                [36m</button>[39m
                [36m<button[39m
                  [33mclass[39m=[32m"inline-flex items-center 
justify-center gap-2 whitespace-nowrap rounded-md text-sm font-medium 
transition-colors focus-visible:outline-none focus-visible:ring-1 
focus-visible:ring-ring disabled:pointer-events-none disabled:opacity-50 
[&_svg]:pointer-events-none [&_svg]:size-4 [&_svg]:shrink-0 bg-primary shadow 
hover:bg-primary/90 h-9 px-4 py-2 flex-1"[39m
                  [33mdisabled[39m=[32m""[39m
                [36m>[39m
                  [0mSend Tip[0m
                [36m</button>[39m
              [36m</div>[39m
            [36m</div>[39m
          [36m</div>[39m
        [36m</div>[39m
      [36m</div>[39m
    [36m</body>[39m

    [0m [90m 279 |[39m
     [90m 280 |[39m       [36mconst[39m input [33m=[39m 
screen[33m.[39mgetByPlaceholderText([32m"0.00"[39m)[33m;[39m
    [31m[1m>[22m[39m[90m 281 |[39m       [36mlet[39m submitButton 
[33m=[39m screen[33m.[39mgetByText([32m"Send Tip"[39m)[33m;[39m
     [90m     |[39m                                 [31m[1m^[22m[39m
     [90m 282 |[39m
     [90m 283 |[39m       fireEvent[33m.[39mchange(input[33m,[39m { 
target[33m:[39m { value[33m:[39m [32m"5"[39m } })[33m;[39m
     [90m 284 |[39m       
fireEvent[33m.[39mclick(submitButton)[33m;[39m[0m

      at Object.getElementError 
(node_modules/@testing-library/dom/dist/config.js:37:19)
      at getElementError 
(node_modules/@testing-library/dom/dist/query-helpers.js:20:35)
      at getMultipleElementsFoundError 
(node_modules/@testing-library/dom/dist/query-helpers.js:23:10)
      at node_modules/@testing-library/dom/dist/query-helpers.js:55:13
      at node_modul
es/@testing-library/dom/dist/query-helpers.js:95:19
      at Object.getByText 
(components/tipping/__tests__/TipModal.test.tsx:281:33)

  ΓùÅ TipModal ΓÇ║ Error Handling ΓÇ║ should validate invalid recipient public 
key

    TestingLibraryElementError: Found multiple elements with the text: Send Tip

    Here are the matching elements:

    Ignored nodes: comments, script, style
    [36m<h2>[39m
      [0mSend Tip[0m
    [36m</h2>[39m

    Ignored nodes: comments, script, style
    [36m<button[39m
      [33mclass[39m=[32m"inline-flex items-center justify-center gap-2 
whitespace-nowrap rounded-md text-sm font-medium transition-colors 
focus-visible:outline-none focus-visible:ring-1 focus-visible:ring-ring 
disabled:pointer-events-none disabled:opacity-50 [&_svg]:pointer-events-none 
[&_svg]:size-4 [&_svg]:shrink-0 bg-primary shadow hover:bg-primary/90 h-9 px-4 
py-2 flex-1"[39m
      [33mdisabled[39m=[32m""[39m
    [36m>[39m
      [0mSend Tip[0m
    [36m</button>[39m

    (If this is intentional, then use the `*AllBy*` variant of the query (like 
`queryAllByText`, `getAllByText`, or `findAllByText`)).

    Ignored nodes: comments, script, style
    [36m<body>[39m
      [36m<div>[39m
        [36m<div[39m
          [33mdata-testid[39m=[32m"dialog"[39m
          [33mstyle[39m=[32m"display: block;"[39m
        [36m>[39m
          [36m<div>[39m
            [36m<div>[39m
              [36m<h2>[39m
                [0mSend Tip[0m
              [36m</h2>[39m
              [36m<p>[39m
                [0mSend a tip to @testuser[0m
              [36m</p>[39m
            [36m</div>[39m
            [36m<div[39m
              [33mclass[39m=[32m"space-y-6 py-4"[39m
            [36m>[39m
              [36m<div[39m
                [33mclass[39m=[32m"flex items-center gap-3 p-3 bg-muted 
rounded-lg"[39m
              [36m>[39m
                [36m<div[39m
                  [33mdata-testid[39m=[32m"avatar"[39m
                [36m>[39m
                  [36m<img[39m
                    [33mdata-testid[39m=[32m"avatar-image"[39m
                  [36m/>[39m
                  [36m<div>[39m
                    [0mTE[0m
                  [36m</div>[39m
                [36m</div>[39m
                [36m<div>[39m
                  [36m<p[39m
                    [33mclass[39m=[32m"font-semibold"[39m
                  [36m>[39m
                    [0m@[0m
                    [0mtestuser[0m
                  [36m</p>[39m
                  [36m<p[39m
                    [33mclass[39m=[32m"text-xs text-muted-foreground 
truncate max-w-[200px]"[39m
                  [36m>[39m
                    [0mINVALID_KEY[0m
                  [36m</p>[39m
                [36m</div>[39m
              [36m</div>[39m
              [36m<div[39m
                [33mclass[39m=[32m"space-y-2"[39m
              [36m>[39m
                [36m<label[39m
                  [33mclass[39m=[32m"text-sm font-medium leading-none 
peer-disabled:cursor-not-allowed peer-disabled:opacity-70"[39m
                [36m>[39m
                  [0mSelect Amount[0m
                [36m</label>[39m
                [36m<div[39m
                  [33mclass[39m=[32m"grid grid-cols-4 gap-2"[39m
                [36m>[39m
                  [36m<button[39m
                    [33mclass[39m=[32m"inline-flex items-center 
justify-center gap-2 whitespace-nowrap rounded-md text-sm transition-colors 
focus-visible:outline-none focus-visible:ring-1 focus-visible:ring-ring 
disabled:pointer-events-none disabled:opacity-50 [&_svg]:pointer-events-none 
[&_svg]:size-4 [&_svg]:shrink-0 border border-input bg-background shadow-sm 
hover:bg-accent hover:text-accent-foreground h-9 px-4 py-2 font-semibold"[39m
                  [36m>[39m
                    [0m1[0m
                    [0m XLM[0m
                  [36m</button>[39m
                  [36m<button[39m
                    [33mclass[39m=[32m"inline-flex items-center 
justify-center gap-2 whitespace
-nowrap rounded-md text-sm transition-colors focus-visible:outline-none 
focus-visible:ring-1 focus-visible:ring-ring disabled:pointer-events-none 
disabled:opacity-50 [&_svg]:pointer-events-none [&_svg]:size-4 
[&_svg]:shrink-0 border border-input bg-background shadow-sm hover:bg-accent 
hover:text-accent-foreground h-9 px-4 py-2 font-semibold"[39m
                  [36m>[39m
                    [0m5[0m
                    [0m XLM[0m
                  [36m</button>[39m
                  [36m<button[39m
                    [33mclass[39m=[32m"inline-flex items-center 
justify-center gap-2 whitespace-nowrap rounded-md text-sm transition-colors 
focus-visible:outline-none focus-visible:ring-1 focus-visible:ring-ring 
disabled:pointer-events-none disabled:opacity-50 [&_svg]:pointer-events-none 
[&_svg]:size-4 [&_svg]:shrink-0 border border-input bg-background shadow-sm 
hover:bg-accent hover:text-accent-foreground h-9 px-4 py-2 font-semibold"[39m
                  [36m>[39m
                    [0m10[0m
                    [0m XLM[0m
                  [36m</button>[39m
                  [36m<button[39m
                    [33mclass[39m=[32m"inline-flex items-center 
justify-center gap-2 whitespace-nowrap rounded-md text-sm transition-colors 
focus-visible:outline-none focus-visible:ring-1 focus-visible:ring-ring 
disabled:pointer-events-none disabled:opacity-50 [&_svg]:pointer-events-none 
[&_svg]:size-4 [&_svg]:shrink-0 border border-input bg-background shadow-sm 
hover:bg-accent hover:text-accent-foreground h-9 px-4 py-2 font-semibold"[39m
                  [36m>[39m
                    [0m25[0m
                    [0m XLM[0m
                  [36m</button>[39m
                [36m</div>[39m
              [36m</div>[39m
              [36m<div[39m
                [33mclass[39m=[32m"space-y-2"[39m
              [36m>[39m
                [36m<label[39m
                  [33mclass[39m=[32m"text-sm font-medium leading-none 
peer-disabled:cursor-not-allowed peer-disabled:opacity-70"[39m
                  [33mfor[39m=[32m"custom-amount"[39m
                [36m>[39m
                  [0mOr Enter Custom Amount[0m
                [36m</label>[39m
                [36m<div[39m
                  [33mclass[39m=[32m"relative"[39m
                [36m>[39m
                  [36m<input[39m
                    [33mclass[39m=[32m"flex h-9 w-full rounded-md border 
border-input bg-transparent px-3 py-1 text-base shadow-sm transition-colors 
file:border-0 file:bg-transparent file:text-sm file:font-medium 
file:text-foreground placeholder:text-muted-foreground 
focus-visible:outline-none focus-visible:ring-1 focus-visible:ring-purple-500 
disabled:cursor-not-allowed disabled:opacity-50 md:text-sm pr-12"[39m
                    [33mid[39m=[32m"custom-amount"[39m
                    [33mplaceholder[39m=[32m"0.00"[39m
                    [33mtype[39m=[32m"text"[39m
                    [33mvalue[39m=[32m""[39m
                  [36m/>[39m
                  [36m<span[39m
                    [33mclass[39m=[32m"absolute right-3 top-1/2 
-translate-y-1/2 text-muted-foreground text-sm"[39m
                  [36m>[39m
                    [0mXLM[0m
                  [36m</span>[39m
                [36m</div>[39m
                [36m<p[39m
                  [33mclass[39m=[32m"text-xs text-muted-foreground"[39m
                [36m>[39m
                  [0mMaximum: [0m
                  [0m10,000[0m
                  [0m XLM[0m
                [36m</p>[39m
              [36m</div>[39m
            [36m</div>[39m
            [36m<div>[39m
              [36m<div[39m
                [33mclass[39m=[32m"flex gap-2 w-full"[39m
              [36m>[39m
                [36m<button[39m
                  [33mclass[39m=[32m"inline-flex items-center 
justify-center gap-2 whitespace-nowrap rounded-md text-sm font-medium 
transition-colors focus-visible:outline-none focus-visible:ring-1 
focus-visible:ring-ring disabled:pointer-events-none disabled:opa
city-50 [&_svg]:pointer-events-none [&_svg]:size-4 [&_svg]:shrink-0 border 
border-input bg-background shadow-sm hover:bg-accent 
hover:text-accent-foreground h-9 px-4 py-2 flex-1"[39m
                [36m>[39m
                  [0mCancel[0m
                [36m</button>[39m
                [36m<button[39m
                  [33mclass[39m=[32m"inline-flex items-center 
justify-center gap-2 whitespace-nowrap rounded-md text-sm font-medium 
transition-colors focus-visible:outline-none focus-visible:ring-1 
focus-visible:ring-ring disabled:pointer-events-none disabled:opacity-50 
[&_svg]:pointer-events-none [&_svg]:size-4 [&_svg]:shrink-0 bg-primary shadow 
hover:bg-primary/90 h-9 px-4 py-2 flex-1"[39m
                  [33mdisabled[39m=[32m""[39m
                [36m>[39m
                  [0mSend Tip[0m
                [36m</button>[39m
              [36m</div>[39m
            [36m</div>[39m
          [36m</div>[39m
        [36m</div>[39m
      [36m</div>[39m
    [36m</body>[39m

    [0m [90m 306 |[39m
     [90m 307 |[39m       [36mconst[39m input [33m=[39m 
screen[33m.[39mgetByPlaceholderText([32m"0.00"[39m)[33m;[39m
    [31m[1m>[22m[39m[90m 308 |[39m       [36mconst[39m submitButton 
[33m=[39m screen[33m.[39mgetByText([32m"Send Tip"[39m)[33m;[39m
     [90m     |[39m                                   [31m[1m^[22m[39m
     [90m 309 |[39m
     [90m 310 |[39m       fireEvent[33m.[39mchange(input[33m,[39m { 
target[33m:[39m { value[33m:[39m [32m"5"[39m } })[33m;[39m
     [90m 311 |[39m       
fireEvent[33m.[39mclick(submitButton)[33m;[39m[0m

      at Object.getElementError 
(node_modules/@testing-library/dom/dist/config.js:37:19)
      at getElementError 
(node_modules/@testing-library/dom/dist/query-helpers.js:20:35)
      at getMultipleElementsFoundError 
(node_modules/@testing-library/dom/dist/query-helpers.js:23:10)
      at node_modules/@testing-library/dom/dist/query-helpers.js:55:13
      at node_modules/@testing-library/dom/dist/query-helpers.js:95:19
      at Object.getByText 
(components/tipping/__tests__/TipModal.test.tsx:308:35)

  ΓùÅ TipModal ΓÇ║ Success/Error States ΓÇ║ should display success state with 
transaction hash

    TestingLibraryElementError: Found multiple elements with the text: Send Tip

    Here are the matching elements:

    Ignored nodes: comments, script, style
    [36m<h2>[39m
      [0mSend Tip[0m
    [36m</h2>[39m

    Ignored nodes: comments, script, style
    [36m<button[39m
      [33mclass[39m=[32m"inline-flex items-center justify-center gap-2 
whitespace-nowrap rounded-md text-sm font-medium transition-colors 
focus-visible:outline-none focus-visible:ring-1 focus-visible:ring-ring 
disabled:pointer-events-none disabled:opacity-50 [&_svg]:pointer-events-none 
[&_svg]:size-4 [&_svg]:shrink-0 bg-primary shadow hover:bg-primary/90 h-9 px-4 
py-2 flex-1"[39m
      [33mdisabled[39m=[32m""[39m
    [36m>[39m
      [0mSend Tip[0m
    [36m</button>[39m

    (If this is intentional, then use the `*AllBy*` variant of the query (like 
`queryAllByText`, `getAllByText`, or `findAllByText`)).

    Ignored nodes: comments, script, style
    [36m<body>[39m
      [36m<div>[39m
        [36m<div[39m
          [33mdata-testid[39m=[32m"dialog"[39m
          [33mstyle[39m=[32m"display: block;"[39m
        [36m>[39m
          [36m<div>[39m
            [36m<div>[39m
              [36m<h2>[39m
                [0mSend Tip[0m
              [36m</h2>[39m
              [36m<p>[39m
                [0mSend a tip to @testuser[0m
              [36m</p>[39m
            [36m</div>[39m
            [36m<div[39m
              [33mclass[39m=[32m"space-y-6 py-4"[39m
            [36m>[39m
              [36m<div[39m
                [33mclass[39m=[32m"flex items-center gap-3 p-3 bg-muted 
rounded-lg"[39m
              [36m>[39m
                [36m<div[39m
                  [33mdata-testid[39m=[32m"avatar"[39m
                [36m>[39m
                  [36m<img[39m
            
        [33mdata-testid[39m=[32m"avatar-image"[39m
                  [36m/>[39m
                  [36m<div>[39m
                    [0mTE[0m
                  [36m</div>[39m
                [36m</div>[39m
                [36m<div>[39m
                  [36m<p[39m
                    [33mclass[39m=[32m"font-semibold"[39m
                  [36m>[39m
                    [0m@[0m
                    [0mtestuser[0m
                  [36m</p>[39m
                  [36m<p[39m
                    [33mclass[39m=[32m"text-xs text-muted-foreground 
truncate max-w-[200px]"[39m
                  [36m>[39m
                    
[0mGXXXXXXXXXXXXXXXXXXXXXXXXXXXXXXXXXXXXXXXXXXXXXXXXXXXXXX[0m
                  [36m</p>[39m
                [36m</div>[39m
              [36m</div>[39m
              [36m<div[39m
                [33mclass[39m=[32m"space-y-2"[39m
              [36m>[39m
                [36m<label[39m
                  [33mclass[39m=[32m"text-sm font-medium leading-none 
peer-disabled:cursor-not-allowed peer-disabled:opacity-70"[39m
                [36m>[39m
                  [0mSelect Amount[0m
                [36m</label>[39m
                [36m<div[39m
                  [33mclass[39m=[32m"grid grid-cols-4 gap-2"[39m
                [36m>[39m
                  [36m<button[39m
                    [33mclass[39m=[32m"inline-flex items-center 
justify-center gap-2 whitespace-nowrap rounded-md text-sm transition-colors 
focus-visible:outline-none focus-visible:ring-1 focus-visible:ring-ring 
disabled:pointer-events-none disabled:opacity-50 [&_svg]:pointer-events-none 
[&_svg]:size-4 [&_svg]:shrink-0 border border-input bg-background shadow-sm 
hover:bg-accent hover:text-accent-foreground h-9 px-4 py-2 font-semibold"[39m
                  [36m>[39m
                    [0m1[0m
                    [0m XLM[0m
                  [36m</button>[39m
                  [36m<button[39m
                    [33mclass[39m=[32m"inline-flex items-center 
justify-center gap-2 whitespace-nowrap rounded-md text-sm transition-colors 
focus-visible:outline-none focus-visible:ring-1 focus-visible:ring-ring 
disabled:pointer-events-none disabled:opacity-50 [&_svg]:pointer-events-none 
[&_svg]:size-4 [&_svg]:shrink-0 border border-input bg-background shadow-sm 
hover:bg-accent hover:text-accent-foreground h-9 px-4 py-2 font-semibold"[39m
                  [36m>[39m
                    [0m5[0m
                    [0m XLM[0m
                  [36m</button>[39m
                  [36m<button[39m
                    [33mclass[39m=[32m"inline-flex items-center 
justify-center gap-2 whitespace-nowrap rounded-md text-sm transition-colors 
focus-visible:outline-none focus-visible:ring-1 focus-visible:ring-ring 
disabled:pointer-events-none disabled:opacity-50 [&_svg]:pointer-events-none 
[&_svg]:size-4 [&_svg]:shrink-0 border border-input bg-background shadow-sm 
hover:bg-accent hover:text-accent-foreground h-9 px-4 py-2 font-semibold"[39m
                  [36m>[39m
                    [0m10[0m
                    [0m XLM[0m
                  [36m</button>[39m
                  [36m<button[39m
                    [33mclass[39m=[32m"inline-flex items-center 
justify-center gap-2 whitespace-nowrap rounded-md text-sm transition-colors 
focus-visible:outline-none focus-visible:ring-1 focus-visible:ring-ring 
disabled:pointer-events-none disabled:opacity-50 [&_svg]:pointer-events-none 
[&_svg]:size-4 [&_svg]:shrink-0 border border-input bg-background shadow-sm 
hover:bg-accent hover:text-accent-foreground h-9 px-4 py-2 font-semibold"[39m
                  [36m>[39m
                    [0m25[0m
                    [0m XLM[0m
                  [36m</button>[39m
                [36m</div>[39m
              [36m</div>[39m
              [36m<div[39m
                [33mclass[39m=[32m"space-y-2"[39m
              [36m>[39m
                [36m<label[39m
                  [33mclass[39m=[32m"text-sm font-medium leading-none 
peer-disabled:cursor-not-allowed
 peer-disabled:opacity-70"[39m
                  [33mfor[39m=[32m"custom-amount"[39m
                [36m>[39m
                  [0mOr Enter Custom Amount[0m
                [36m</label>[39m
                [36m<div[39m
                  [33mclass[39m=[32m"relative"[39m
                [36m>[39m
                  [36m<input[39m
                    [33mclass[39m=[32m"flex h-9 w-full rounded-md border 
border-input bg-transparent px-3 py-1 text-base shadow-sm transition-colors 
file:border-0 file:bg-transparent file:text-sm file:font-medium 
file:text-foreground placeholder:text-muted-foreground 
focus-visible:outline-none focus-visible:ring-1 focus-visible:ring-purple-500 
disabled:cursor-not-allowed disabled:opacity-50 md:text-sm pr-12"[39m
                    [33mid[39m=[32m"custom-amount"[39m
                    [33mplaceholder[39m=[32m"0.00"[39m
                    [33mtype[39m=[32m"text"[39m
                    [33mvalue[39m=[32m""[39m
                  [36m/>[39m
                  [36m<span[39m
                    [33mclass[39m=[32m"absolute right-3 top-1/2 
-translate-y-1/2 text-muted-foreground text-sm"[39m
                  [36m>[39m
                    [0mXLM[0m
                  [36m</span>[39m
                [36m</div>[39m
                [36m<p[39m
                  [33mclass[39m=[32m"text-xs text-muted-foreground"[39m
                [36m>[39m
                  [0mMaximum: [0m
                  [0m10,000[0m
                  [0m XLM[0m
                [36m</p>[39m
              [36m</div>[39m
            [36m</div>[39m
            [36m<div>[39m
              [36m<div[39m
                [33mclass[39m=[32m"flex gap-2 w-full"[39m
              [36m>[39m
                [36m<button[39m
                  [33mclass[39m=[32m"inline-flex items-center 
justify-center gap-2 whitespace-nowrap rounded-md text-sm font-medium 
transition-colors focus-visible:outline-none focus-visible:ring-1 
focus-visible:ring-ring disabled:pointer-events-none disabled:opacity-50 
[&_svg]:pointer-events-none [&_svg]:size-4 [&_svg]:shrink-0 border 
border-input bg-background shadow-sm hover:bg-accent 
hover:text-accent-foreground h-9 px-4 py-2 flex-1"[39m
                [36m>[39m
                  [0mCancel[0m
                [36m</button>[39m
                [36m<button[39m
                  [33mclass[39m=[32m"inline-flex items-center 
justify-center gap-2 whitespace-nowrap rounded-md text-sm font-medium 
transition-colors focus-visible:outline-none focus-visible:ring-1 
focus-visible:ring-ring disabled:pointer-events-none disabled:opacity-50 
[&_svg]:pointer-events-none [&_svg]:size-4 [&_svg]:shrink-0 bg-primary shadow 
hover:bg-primary/90 h-9 px-4 py-2 flex-1"[39m
                  [33mdisabled[39m=[32m""[39m
                [36m>[39m
                  [0mSend Tip[0m
                [36m</button>[39m
              [36m</div>[39m
            [36m</div>[39m
          [36m</div>[39m
        [36m</div>[39m
      [36m</div>[39m
    [36m</body>[39m

    [0m [90m 328 |[39m
     [90m 329 |[39m       [36mconst[39m input [33m=[39m 
screen[33m.[39mgetByPlaceholderText([32m"0.00"[39m)[33m;[39m
    [31m[1m>[22m[39m[90m 330 |[39m       [36mconst[39m submitButton 
[33m=[39m screen[33m.[39mgetByText([32m"Send Tip"[39m)[33m;[39m
     [90m     |[39m                                   [31m[1m^[22m[39m
     [90m 331 |[39m
     [90m 332 |[39m       fireEvent[33m.[39mchange(input[33m,[39m { 
target[33m:[39m { value[33m:[39m [32m"5"[39m } })[33m;[39m
     [90m 333 |[39m       
fireEvent[33m.[39mclick(submitButton)[33m;[39m[0m

      at Object.getElementError 
(node_modules/@testing-library/dom/dist/config.js:37:19)
      at getElementError 
(node_modules/@testing-library/dom/dist/query-helpers.js:20:35)
      at getMultipleElementsFoundError 
(node_modules/@testing-library/dom/dist/query-helpers.js:23:10)
      at node_modules/@testing-library/dom/dist/query-helpers.js:55:13
      at node_modules
/@testing-library/dom/dist/query-helpers.js:95:19
      at Object.getByText 
(components/tipping/__tests__/TipModal.test.tsx:330:35)

  ΓùÅ TipModal ΓÇ║ Modal Behavior ΓÇ║ should prevent closing during 
transaction processing

    TestingLibraryElementError: Found multiple elements with the text: Send Tip

    Here are the matching elements:

    Ignored nodes: comments, script, style
    [36m<h2>[39m
      [0mSend Tip[0m
    [36m</h2>[39m

    Ignored nodes: comments, script, style
    [36m<button[39m
      [33mclass[39m=[32m"inline-flex items-center justify-center gap-2 
whitespace-nowrap rounded-md text-sm font-medium transition-colors 
focus-visible:outline-none focus-visible:ring-1 focus-visible:ring-ring 
disabled:pointer-events-none disabled:opacity-50 [&_svg]:pointer-events-none 
[&_svg]:size-4 [&_svg]:shrink-0 bg-primary shadow hover:bg-primary/90 h-9 px-4 
py-2 flex-1"[39m
      [33mdisabled[39m=[32m""[39m
    [36m>[39m
      [0mSend Tip[0m
    [36m</button>[39m

    (If this is intentional, then use the `*AllBy*` variant of the query (like 
`queryAllByText`, `getAllByText`, or `findAllByText`)).

    Ignored nodes: comments, script, style
    [36m<body>[39m
      [36m<div>[39m
        [36m<div[39m
          [33mdata-testid[39m=[32m"dialog"[39m
          [33mstyle[39m=[32m"display: block;"[39m
        [36m>[39m
          [36m<div>[39m
            [36m<div>[39m
              [36m<h2>[39m
                [0mSend Tip[0m
              [36m</h2>[39m
              [36m<p>[39m
                [0mSend a tip to @testuser[0m
              [36m</p>[39m
            [36m</div>[39m
            [36m<div[39m
              [33mclass[39m=[32m"space-y-6 py-4"[39m
            [36m>[39m
              [36m<div[39m
                [33mclass[39m=[32m"flex items-center gap-3 p-3 bg-muted 
rounded-lg"[39m
              [36m>[39m
                [36m<div[39m
                  [33mdata-testid[39m=[32m"avatar"[39m
                [36m>[39m
                  [36m<img[39m
                    [33mdata-testid[39m=[32m"avatar-image"[39m
                  [36m/>[39m
                  [36m<div>[39m
                    [0mTE[0m
                  [36m</div>[39m
                [36m</div>[39m
                [36m<div>[39m
                  [36m<p[39m
                    [33mclass[39m=[32m"font-semibold"[39m
                  [36m>[39m
                    [0m@[0m
                    [0mtestuser[0m
                  [36m</p>[39m
                  [36m<p[39m
                    [33mclass[39m=[32m"text-xs text-muted-foreground 
truncate max-w-[200px]"[39m
                  [36m>[39m
                    
[0mGXXXXXXXXXXXXXXXXXXXXXXXXXXXXXXXXXXXXXXXXXXXXXXXXXXXXXX[0m
                  [36m</p>[39m
                [36m</div>[39m
              [36m</div>[39m
              [36m<div[39m
                [33mclass[39m=[32m"space-y-2"[39m
              [36m>[39m
                [36m<label[39m
                  [33mclass[39m=[32m"text-sm font-medium leading-none 
peer-disabled:cursor-not-allowed peer-disabled:opacity-70"[39m
                [36m>[39m
                  [0mSelect Amount[0m
                [36m</label>[39m
                [36m<div[39m
                  [33mclass[39m=[32m"grid grid-cols-4 gap-2"[39m
                [36m>[39m
                  [36m<button[39m
                    [33mclass[39m=[32m"inline-flex items-center 
justify-center gap-2 whitespace-nowrap rounded-md text-sm transition-colors 
focus-visible:outline-none focus-visible:ring-1 focus-visible:ring-ring 
disabled:pointer-events-none disabled:opacity-50 [&_svg]:pointer-events-none 
[&_svg]:size-4 [&_svg]:shrink-0 border border-input bg-background shadow-sm 
hover:bg-accent hover:text-accent-foreground h-9 px-4 py-2 font-semibold"[39m
                  [36m>[39m
                    [0m1[0m
                    [0m XLM[0m
                  [36m</button>[39m
                  [36m<button[39m
                    [33mclass[39m=[32m"inline
-flex items-center justify-center gap-2 whitespace-nowrap rounded-md text-sm 
transition-colors focus-visible:outline-none focus-visible:ring-1 
focus-visible:ring-ring disabled:pointer-events-none disabled:opacity-50 
[&_svg]:pointer-events-none [&_svg]:size-4 [&_svg]:shrink-0 border 
border-input bg-background shadow-sm hover:bg-accent 
hover:text-accent-foreground h-9 px-4 py-2 font-semibold"[39m
                  [36m>[39m
                    [0m5[0m
                    [0m XLM[0m
                  [36m</button>[39m
                  [36m<button[39m
                    [33mclass[39m=[32m"inline-flex items-center 
justify-center gap-2 whitespace-nowrap rounded-md text-sm transition-colors 
focus-visible:outline-none focus-visible:ring-1 focus-visible:ring-ring 
disabled:pointer-events-none disabled:opacity-50 [&_svg]:pointer-events-none 
[&_svg]:size-4 [&_svg]:shrink-0 border border-input bg-background shadow-sm 
hover:bg-accent hover:text-accent-foreground h-9 px-4 py-2 font-semibold"[39m
                  [36m>[39m
                    [0m10[0m
                    [0m XLM[0m
                  [36m</button>[39m
                  [36m<button[39m
                    [33mclass[39m=[32m"inline-flex items-center 
justify-center gap-2 whitespace-nowrap rounded-md text-sm transition-colors 
focus-visible:outline-none focus-visible:ring-1 focus-visible:ring-ring 
disabled:pointer-events-none disabled:opacity-50 [&_svg]:pointer-events-none 
[&_svg]:size-4 [&_svg]:shrink-0 border border-input bg-background shadow-sm 
hover:bg-accent hover:text-accent-foreground h-9 px-4 py-2 font-semibold"[39m
                  [36m>[39m
                    [0m25[0m
                    [0m XLM[0m
                  [36m</button>[39m
                [36m</div>[39m
              [36m</div>[39m
              [36m<div[39m
                [33mclass[39m=[32m"space-y-2"[39m
              [36m>[39m
                [36m<label[39m
                  [33mclass[39m=[32m"text-sm font-medium leading-none 
peer-disabled:cursor-not-allowed peer-disabled:opacity-70"[39m
                  [33mfor[39m=[32m"custom-amount"[39m
                [36m>[39m
                  [0mOr Enter Custom Amount[0m
                [36m</label>[39m
                [36m<div[39m
                  [33mclass[39m=[32m"relative"[39m
                [36m>[39m
                  [36m<input[39m
                    [33mclass[39m=[32m"flex h-9 w-full rounded-md border 
border-input bg-transparent px-3 py-1 text-base shadow-sm transition-colors 
file:border-0 file:bg-transparent file:text-sm file:font-medium 
file:text-foreground placeholder:text-muted-foreground 
focus-visible:outline-none focus-visible:ring-1 focus-visible:ring-purple-500 
disabled:cursor-not-allowed disabled:opacity-50 md:text-sm pr-12"[39m
                    [33mid[39m=[32m"custom-amount"[39m
                    [33mplaceholder[39m=[32m"0.00"[39m
                    [33mtype[39m=[32m"text"[39m
                    [33mvalue[39m=[32m""[39m
                  [36m/>[39m
                  [36m<span[39m
                    [33mclass[39m=[32m"absolute right-3 top-1/2 
-translate-y-1/2 text-muted-foreground text-sm"[39m
                  [36m>[39m
                    [0mXLM[0m
                  [36m</span>[39m
                [36m</div>[39m
                [36m<p[39m
                  [33mclass[39m=[32m"text-xs text-muted-foreground"[39m
                [36m>[39m
                  [0mMaximum: [0m
                  [0m10,000[0m
                  [0m XLM[0m
                [36m</p>[39m
              [36m</div>[39m
            [36m</div>[39m
            [36m<div>[39m
              [36m<div[39m
                [33mclass[39m=[32m"flex gap-2 w-full"[39m
              [36m>[39m
                [36m<button[39m
                  [33mclass[39m=[32m"inline-flex items-center 
justify-center gap-2 whitespace-nowrap rounded-md text-sm font-medium 
transition-colors focus-visible:outline-none focus-visible:ring-1 
focus-visible:r
ing-ring disabled:pointer-events-none disabled:opacity-50 
[&_svg]:pointer-events-none [&_svg]:size-4 [&_svg]:shrink-0 border 
border-input bg-background shadow-sm hover:bg-accent 
hover:text-accent-foreground h-9 px-4 py-2 flex-1"[39m
                [36m>[39m
                  [0mCancel[0m
                [36m</button>[39m
                [36m<button[39m
                  [33mclass[39m=[32m"inline-flex items-center 
justify-center gap-2 whitespace-nowrap rounded-md text-sm font-medium 
transition-colors focus-visible:outline-none focus-visible:ring-1 
focus-visible:ring-ring disabled:pointer-events-none disabled:opacity-50 
[&_svg]:pointer-events-none [&_svg]:size-4 [&_svg]:shrink-0 bg-primary shadow 
hover:bg-primary/90 h-9 px-4 py-2 flex-1"[39m
                  [33mdisabled[39m=[32m""[39m
                [36m>[39m
                  [0mSend Tip[0m
                [36m</button>[39m
              [36m</div>[39m
            [36m</div>[39m
          [36m</div>[39m
        [36m</div>[39m
      [36m</div>[39m
    [36m</body>[39m

    [0m [90m 385 |[39m
     [90m 386 |[39m       [36mconst[39m input [33m=[39m 
screen[33m.[39mgetByPlaceholderText([32m"0.00"[39m)[33m;[39m
    [31m[1m>[22m[39m[90m 387 |[39m       [36mconst[39m submitButton 
[33m=[39m screen[33m.[39mgetByText([32m"Send Tip"[39m)[33m;[39m
     [90m     |[39m                                   [31m[1m^[22m[39m
     [90m 388 |[39m
     [90m 389 |[39m       fireEvent[33m.[39mchange(input[33m,[39m { 
target[33m:[39m { value[33m:[39m [32m"5"[39m } })[33m;[39m
     [90m 390 |[39m       
fireEvent[33m.[39mclick(submitButton)[33m;[39m[0m

      at Object.getElementError 
(node_modules/@testing-library/dom/dist/config.js:37:19)
      at getElementError 
(node_modules/@testing-library/dom/dist/query-helpers.js:20:35)
      at getMultipleElementsFoundError 
(node_modules/@testing-library/dom/dist/query-helpers.js:23:10)
      at node_modules/@testing-library/dom/dist/query-helpers.js:55:13
      at node_modules/@testing-library/dom/dist/query-helpers.js:95:19
      at Object.getByText 
(components/tipping/__tests__/TipModal.test.tsx:387:35)


FAIL lib/stellar/__tests__/payments.test.ts

  ΓùÅ Console

    console.error
      Error building transaction: Error: must specify source account for the 
transaction
          at new e (C:\Users\USER\code_data\streamfi-frontend\node_modules\@ste
llar\stellar-sdk\dist\stellar-sdk.min.js:2:777360)
          at buildTipTransaction 
(C:\Users\USER\code_data\streamfi-frontend\lib\stellar\payments.ts:83:25)
          at processTicksAndRejections 
(node:internal/process/task_queues:105:5)
          at Object.<anonymous> (C:\Users\USER\code_data\streamfi-frontend\lib\
stellar\__tests__\payments.test.ts:67:19)

    [0m [90m 102 |[39m     [36mreturn[39m 
builtTransaction[33m.[39mtoXDR()[33m;[39m
     [90m 103 |[39m   } [36mcatch[39m (error) {
    [31m[1m>[22m[39m[90m 104 |[39m     
console[33m.[39merror([32m"Error building transaction:"[39m[33m,[39m 
error)[33m;[39m
     [90m     |[39m             [31m[1m^[22m[39m
     [90m 105 |[39m     [36mthrow[39m error[33m;[39m
     [90m 106 |[39m   }
     [90m 107 |[39m }[0m

      at error (lib/stellar/payments.ts:104:13)
      at Object.<anonymous> (lib/stellar/__tests__/payments.test.ts:67:19)

    console.error
      Error building transaction: Error: Invalid amount. Must be a positive 
number.
          at buildTipTransaction 
(C:\Users\USER\code_data\streamfi-frontend\lib\stellar\payments.ts:76:13)
          at Object.<anonymous> (C:\Users\USER\code_data\streamfi-frontend\lib\
stellar\__tests__\payments.test.ts:80:28)
          at Promise.finally.completed (C:\Users\USER\code_data\streamfi-fronte
nd\node_modules\jest-circus\build\jestAdapterInit.js:1557:28)
          at new Promise (<anonymous>)
          at callAsyncCircusFn (C:\Users\USER\code_data\streamfi-frontend\node_
modules\jest-circus\build\jestAdapterInit.js:1497:10)
          at _callCircusTest (C:\Users\USER\code_data\streamfi-frontend\node_mo
dules\jest-circus\build\jestAdapterInit.js:1007:40)
          at processTicksAndRejections 
(node:internal/process/task_queues:105:5)
          at _runTest (C:\Users\USER\code_data\streamfi-frontend\node_modules\j
est-circus\build\jestAdapterInit.js:947:3)
          at C:\Users\USER\code_data\streamfi-frontend\node_modules\jest-circus
\build\jestAdapterInit.js:849:7
          at _runTestsForDescribeBlock (C:\Users\USER\code_data\streamfi-fronte
nd\node_modules\jest-circus\build\jestAdapterInit.js:862:11)
          at _runTestsForDescribeBlock (C:\Users\USER\code_data\streamfi-fronte
nd\node_modules\jest-circus\build\jestAdapterInit.js:857:11)
          at _runTestsForDescribeBlock (C:\Users\USER\code_data\streamfi-fronte
nd\node_modules\jest-circus\build\jestAdapterInit.js:857:11)
          at run (C:\Users\USER\code_data\streamfi-frontend\node_modules\jest-c
ircus\build\jestAdapterInit.js:761:3)
          at runAndTransformResultsToJestFormat (C:\Users\USER\code_data\stream
fi-frontend\node_modules\jest-circus\build\jestAdapterInit.js:1918:21)
          at jestAdapter (C:\Users\USER\code_data\streamfi-frontend\node_module
s\jest-circus\build\runner.js:101:19)
          at runTestInternal (C:\Users\USER\code_data\streamfi-frontend\node_mo
dules\jest-runner\build\testWorker.js:275:16)
          at runTest (C:\Users\USER\code_data\streamfi-frontend\node_modules\je
st-runner\build\testWorker.js:343:7)
          at Object.worker (C:\Users\USER\code_data\streamfi-frontend\node_modu
les\jest-runner\build\testWorker.js:497:12)

    [0m [90m 102 |[39m     [36mreturn[39m 
builtTransaction[33m.[39mtoXDR()[33m;[39m
     [90m 103 |[39m   } [36mcatch[39m (error) {
    [31m[1m>[22m[39m[90m 104 |[39m     
console[33m.[39merror([32m"Error building transaction:"[39m[33m,[39m 
error)[33m;[39m
     [90m     |[39m             [31m[1m^[22m[39m
     [90m 105 |[39m     [36mthrow[39m error[33m;[39m
     [90m 106 |[39m   }
     [90m 107 |[39m }[0m

      at error (lib/stellar/payments.ts:104:13)
      at Object.<anonymous> (lib/stellar/__tests__/payments.test.ts:80:28)

    console.error
      Error building transaction: Error: Invalid amount. Must be a positive 
number.
          at buildTipTr
ansaction 
(C:\Users\USER\code_data\streamfi-frontend\lib\stellar\payments.ts:76:13)
          at Object.<anonymous> (C:\Users\USER\code_data\streamfi-frontend\lib\
stellar\__tests__\payments.test.ts:86:28)
          at Promise.finally.completed (C:\Users\USER\code_data\streamfi-fronte
nd\node_modules\jest-circus\build\jestAdapterInit.js:1557:28)
          at new Promise (<anonymous>)
          at callAsyncCircusFn (C:\Users\USER\code_data\streamfi-frontend\node_
modules\jest-circus\build\jestAdapterInit.js:1497:10)
          at _callCircusTest (C:\Users\USER\code_data\streamfi-frontend\node_mo
dules\jest-circus\build\jestAdapterInit.js:1007:40)
          at processTicksAndRejections 
(node:internal/process/task_queues:105:5)
          at _runTest (C:\Users\USER\code_data\streamfi-frontend\node_modules\j
est-circus\build\jestAdapterInit.js:947:3)
          at C:\Users\USER\code_data\streamfi-frontend\node_modules\jest-circus
\build\jestAdapterInit.js:849:7
          at _runTestsForDescribeBlock (C:\Users\USER\code_data\streamfi-fronte
nd\node_modules\jest-circus\build\jestAdapterInit.js:862:11)
          at _runTestsForDescribeBlock (C:\Users\USER\code_data\streamfi-fronte
nd\node_modules\jest-circus\build\jestAdapterInit.js:857:11)
          at _runTestsForDescribeBlock (C:\Users\USER\code_data\streamfi-fronte
nd\node_modules\jest-circus\build\jestAdapterInit.js:857:11)
          at run (C:\Users\USER\code_data\streamfi-frontend\node_modules\jest-c
ircus\build\jestAdapterInit.js:761:3)
          at runAndTransformResultsToJestFormat (C:\Users\USER\code_data\stream
fi-frontend\node_modules\jest-circus\build\jestAdapterInit.js:1918:21)
          at jestAdapter (C:\Users\USER\code_data\streamfi-frontend\node_module
s\jest-circus\build\runner.js:101:19)
          at runTestInternal (C:\Users\USER\code_data\streamfi-frontend\node_mo
dules\jest-runner\build\testWorker.js:275:16)
          at runTest (C:\Users\USER\code_data\streamfi-frontend\node_modules\je
st-runner\build\testWorker.js:343:7)
          at Object.worker (C:\Users\USER\code_data\streamfi-frontend\node_modu
les\jest-runner\build\testWorker.js:497:12)

    [0m [90m 102 |[39m     [36mreturn[39m 
builtTransaction[33m.[39mtoXDR()[33m;[39m
     [90m 103 |[39m   } [36mcatch[39m (error) {
    [31m[1m>[22m[39m[90m 104 |[39m     
console[33m.[39merror([32m"Error building transaction:"[39m[33m,[39m 
error)[33m;[39m
     [90m     |[39m             [31m[1m^[22m[39m
     [90m 105 |[39m     [36mthrow[39m error[33m;[39m
     [90m 106 |[39m   }
     [90m 107 |[39m }[0m

      at error (lib/stellar/payments.ts:104:13)
      at Object.<anonymous> (lib/stellar/__tests__/payments.test.ts:86:28)

    console.error
      Error building transaction: Error: Invalid amount. Must be a positive 
number.
          at buildTipTransaction 
(C:\Users\USER\code_data\streamfi-frontend\lib\stellar\payments.ts:76:13)
          at Object.<anonymous> (C:\Users\USER\code_data\streamfi-frontend\lib\
stellar\__tests__\payments.test.ts:92:28)
          at Promise.finally.completed (C:\Users\USER\code_data\streamfi-fronte
nd\node_modules\jest-circus\build\jestAdapterInit.js:1557:28)
          at new Promise (<anonymous>)
          at callAsyncCircusFn (C:\Users\USER\code_data\streamfi-frontend\node_
modules\jest-circus\build\jestAdapterInit.js:1497:10)
          at _callCircusTest (C:\Users\USER\code_data\streamfi-frontend\node_mo
dules\jest-circus\build\jestAdapterInit.js:1007:40)
          at processTicksAndRejections 
(node:internal/process/task_queues:105:5)
          at _runTest (C:\Users\USER\code_data\streamfi-frontend\node_modules\j
est-circus\build\jestAdapterInit.js:947:3)
          at C:\Users\USER\code_data\streamfi-frontend\node_modules\jest-circus
\build\jestAdapterInit.js:849:7
          at _runTestsForDescribeBlock (C:\Users\USER\code_data\streamfi-fronte
nd\node_modules\jest-circus\build\jestAdapterInit.js:862:11)
          at _runTestsForDescribeBlock (C:\Users\USER\code_data\streamfi-fronte
nd\node_modules\jest-circus\build\jestAdapterInit.js:857:11)
          at _runTes
tsForDescribeBlock (C:\Users\USER\code_data\streamfi-frontend\node_modules\jest
-circus\build\jestAdapterInit.js:857:11)
          at run (C:\Users\USER\code_data\streamfi-frontend\node_modules\jest-c
ircus\build\jestAdapterInit.js:761:3)
          at runAndTransformResultsToJestFormat (C:\Users\USER\code_data\stream
fi-frontend\node_modules\jest-circus\build\jestAdapterInit.js:1918:21)
          at jestAdapter (C:\Users\USER\code_data\streamfi-frontend\node_module
s\jest-circus\build\runner.js:101:19)
          at runTestInternal (C:\Users\USER\code_data\streamfi-frontend\node_mo
dules\jest-runner\build\testWorker.js:275:16)
          at runTest (C:\Users\USER\code_data\streamfi-frontend\node_modules\je
st-runner\build\testWorker.js:343:7)
          at Object.worker (C:\Users\USER\code_data\streamfi-frontend\node_modu
les\jest-runner\build\testWorker.js:497:12)

    [0m [90m 102 |[39m     [36mreturn[39m 
builtTransaction[33m.[39mtoXDR()[33m;[39m
     [90m 103 |[39m   } [36mcatch[39m (error) {
    [31m[1m>[22m[39m[90m 104 |[39m     
console[33m.[39merror([32m"Error building transaction:"[39m[33m,[39m 
error)[33m;[39m
     [90m     |[39m             [31m[1m^[22m[39m
     [90m 105 |[39m     [36mthrow[39m error[33m;[39m
     [90m 106 |[39m   }
     [90m 107 |[39m }[0m

      at error (lib/stellar/payments.ts:104:13)
      at Object.<anonymous> (lib/stellar/__tests__/payments.test.ts:92:28)

    console.error
      Error building transaction: Error: must specify source account for the 
transaction
          at new e (C:\Users\USER\code_data\streamfi-frontend\node_modules\@ste
llar\stellar-sdk\dist\stellar-sdk.min.js:2:777360)
          at buildTipTransaction 
(C:\Users\USER\code_data\streamfi-frontend\lib\stellar\payments.ts:83:25)
          at processTicksAndRejections 
(node:internal/process/task_queues:105:5)
          at Object.<anonymous> (C:\Users\USER\code_data\streamfi-frontend\lib\
stellar\__tests__\payments.test.ts:102:7)

    [0m [90m 102 |[39m     [36mreturn[39m 
builtTransaction[33m.[39mtoXDR()[33m;[39m
     [90m 103 |[39m   } [36mcatch[39m (error) {
    [31m[1m>[22m[39m[90m 104 |[39m     
console[33m.[39merror([32m"Error building transaction:"[39m[33m,[39m 
error)[33m;[39m
     [90m     |[39m             [31m[1m^[22m[39m
     [90m 105 |[39m     [36mthrow[39m error[33m;[39m
     [90m 106 |[39m   }
     [90m 107 |[39m }[0m

      at error (lib/stellar/payments.ts:104:13)
      at Object.<anonymous> (lib/stellar/__tests__/payments.test.ts:102:7)

    console.error
      Error building transaction: Error: must specify source account for the 
transaction
          at new e (C:\Users\USER\code_data\streamfi-frontend\node_modules\@ste
llar\stellar-sdk\dist\stellar-sdk.min.js:2:777360)
          at buildTipTransaction 
(C:\Users\USER\code_data\streamfi-frontend\lib\stellar\payments.ts:83:25)
          at processTicksAndRejections 
(node:internal/process/task_queues:105:5)
          at Object.<anonymous> (C:\Users\USER\code_data\streamfi-frontend\lib\
stellar\__tests__\payments.test.ts:110:19)

    [0m [90m 102 |[39m     [36mreturn[39m 
builtTransaction[33m.[39mtoXDR()[33m;[39m
     [90m 103 |[39m   } [36mcatch[39m (error) {
    [31m[1m>[22m[39m[90m 104 |[39m     
console[33m.[39merror([32m"Error building transaction:"[39m[33m,[39m 
error)[33m;[39m
     [90m     |[39m             [31m[1m^[22m[39m
     [90m 105 |[39m     [36mthrow[39m error[33m;[39m
     [90m 106 |[39m   }
     [90m 107 |[39m }[0m

      at error (lib/stellar/payments.ts:104:13)
      at Object.<anonymous> (lib/stellar/__tests__/payments.test.ts:110:19)

    console.error
      Error building transaction: Error: must specify source account for the 
transaction
          at new e (C:\Users\USER\code_data\streamfi-frontend\node_modules\@ste
llar\stellar-sdk\dist\stellar-sdk.min.js:2:777360)
          at buildTipTransaction 
(C:\Users\USER\code_data\streamfi-frontend\lib\stellar\payments.ts:83:25)
          at processTicksAndRejections (node:internal/proce
ss/task_queues:105:5)
          at Object.<anonymous> (C:\Users\USER\code_data\streamfi-frontend\lib\
stellar\__tests__\payments.test.ts:122:19)

    [0m [90m 102 |[39m     [36mreturn[39m 
builtTransaction[33m.[39mtoXDR()[33m;[39m
     [90m 103 |[39m   } [36mcatch[39m (error) {
    [31m[1m>[22m[39m[90m 104 |[39m     
console[33m.[39merror([32m"Error building transaction:"[39m[33m,[39m 
error)[33m;[39m
     [90m     |[39m             [31m[1m^[22m[39m
     [90m 105 |[39m     [36mthrow[39m error[33m;[39m
     [90m 106 |[39m   }
     [90m 107 |[39m }[0m

      at error (lib/stellar/payments.ts:104:13)
      at Object.<anonymous> (lib/stellar/__tests__/payments.test.ts:122:19)

    console.error
      Error submitting transaction: TypeError: Cannot destructure property 
'signedTxXdr' of '(intermediate value)' as it is undefined.
          at signedTxXdr 
(C:\Users\USER\code_data\streamfi-frontend\lib\stellar\payments.ts:123:13)
          at processTicksAndRejections 
(node:internal/process/task_queues:105:5)
          at Object.<anonymous> (C:\Users\USER\code_data\streamfi-frontend\lib\
stellar\__tests__\payments.test.ts:150:22)

    [0m [90m 136 |[39m     }[33m;[39m
     [90m 137 |[39m   } [36mcatch[39m (error) {
    [31m[1m>[22m[39m[90m 138 |[39m     
console[33m.[39merror([32m"Error submitting transaction:"[39m[33m,[39m 
error)[33m;[39m
     [90m     |[39m             [31m[1m^[22m[39m
     [90m 139 |[39m     [36mthrow[39m error[33m;[39m
     [90m 140 |[39m   }
     [90m 141 |[39m }[0m

      at error (lib/stellar/payments.ts:138:13)
      at Object.<anonymous> (lib/stellar/__tests__/payments.test.ts:150:22)

    console.error
      Error submitting transaction: TypeError: Cannot destructure property 
'signedTxXdr' of '(intermediate value)' as it is undefined.
          at signedTxXdr 
(C:\Users\USER\code_data\streamfi-frontend\lib\stellar\payments.ts:123:13)
          at processTicksAndRejections 
(node:internal/process/task_queues:105:5)
          at Object.<anonymous> (C:\Users\USER\code_data\streamfi-frontend\lib\
stellar\__tests__\payments.test.ts:168:7)

    [0m [90m 136 |[39m     }[33m;[39m
     [90m 137 |[39m   } [36mcatch[39m (error) {
    [31m[1m>[22m[39m[90m 138 |[39m     
console[33m.[39merror([32m"Error submitting transaction:"[39m[33m,[39m 
error)[33m;[39m
     [90m     |[39m             [31m[1m^[22m[39m
     [90m 139 |[39m     [36mthrow[39m error[33m;[39m
     [90m 140 |[39m   }
     [90m 141 |[39m }[0m

      at error (lib/stellar/payments.ts:138:13)
      at Object.<anonymous> (lib/stellar/__tests__/payments.test.ts:168:7)

    console.error
      Error submitting transaction: TypeError: Cannot destructure property 
'signedTxXdr' of '(intermediate value)' as it is undefined.
          at signedTxXdr 
(C:\Users\USER\code_data\streamfi-frontend\lib\stellar\payments.ts:123:13)
          at processTicksAndRejections 
(node:internal/process/task_queues:105:5)
          at Object.<anonymous> (C:\Users\USER\code_data\streamfi-frontend\lib\
stellar\__tests__\payments.test.ts:180:7)

    [0m [90m 136 |[39m     }[33m;[39m
     [90m 137 |[39m   } [36mcatch[39m (error) {
    [31m[1m>[22m[39m[90m 138 |[39m     
console[33m.[39merror([32m"Error submitting transaction:"[39m[33m,[39m 
error)[33m;[39m
     [90m     |[39m             [31m[1m^[22m[39m
     [90m 139 |[39m     [36mthrow[39m error[33m;[39m
     [90m 140 |[39m   }
     [90m 141 |[39m }[0m

      at error (lib/stellar/payments.ts:138:13)
      at Object.<anonymous> (lib/stellar/__tests__/payments.test.ts:180:7)

    console.error
      Error checking balance: TypeError: Cannot read properties of undefined 
(reading 'balances')
          at balances 
(C:\Users\USER\code_data\streamfi-frontend\lib\stellar\payments.ts:153:15)
          at processTicksAndRejections 
(node:internal/process/task_queues:105:5)
          at Object.<anonymous> (C:\Users\USER\code_data\streamfi-frontend\lib\
stellar\__tests__\payments.test.ts:203:22)

   
 [0m [90m 158 |[39m     [36mreturn[39m balance [33m-[39m requiredAmount 
[33m<[39m minimumBalance[33m;[39m
     [90m 159 |[39m   } [36mcatch[39m (error) {
    [31m[1m>[22m[39m[90m 160 |[39m     
console[33m.[39merror([32m"Error checking balance:"[39m[33m,[39m 
error)[33m;[39m
     [90m     |[39m             [31m[1m^[22m[39m
     [90m 161 |[39m     [36mreturn[39m [36mtrue[39m[33m;[39m [90m// 
Assume insufficient balance on error[39m
     [90m 162 |[39m   }
     [90m 163 |[39m }[0m

      at error (lib/stellar/payments.ts:160:13)
      at Object.<anonymous> (lib/stellar/__tests__/payments.test.ts:203:22)

    console.error
      Error checking balance: TypeError: Cannot read properties of undefined 
(reading 'balances')
          at balances 
(C:\Users\USER\code_data\streamfi-frontend\lib\stellar\payments.ts:153:15)
          at processTicksAndRejections 
(node:internal/process/task_queues:105:5)
          at Object.<anonymous> (C:\Users\USER\code_data\streamfi-frontend\lib\
stellar\__tests__\payments.test.ts:222:22)

    [0m [90m 158 |[39m     [36mreturn[39m balance [33m-[39m 
requiredAmount [33m<[39m minimumBalance[33m;[39m
     [90m 159 |[39m   } [36mcatch[39m (error) {
    [31m[1m>[22m[39m[90m 160 |[39m     
console[33m.[39merror([32m"Error checking balance:"[39m[33m,[39m 
error)[33m;[39m
     [90m     |[39m             [31m[1m^[22m[39m
     [90m 161 |[39m     [36mreturn[39m [36mtrue[39m[33m;[39m [90m// 
Assume insufficient balance on error[39m
     [90m 162 |[39m   }
     [90m 163 |[39m }[0m

      at error (lib/stellar/payments.ts:160:13)
      at Object.<anonymous> (lib/stellar/__tests__/payments.test.ts:222:22)

    console.error
      Error checking balance: TypeError: Cannot read properties of undefined 
(reading 'balances')
          at balances 
(C:\Users\USER\code_data\streamfi-frontend\lib\stellar\payments.ts:153:15)
          at processTicksAndRejections 
(node:internal/process/task_queues:105:5)
          at Object.<anonymous> (C:\Users\USER\code_data\streamfi-frontend\lib\
stellar\__tests__\payments.test.ts:242:22)

    [0m [90m 158 |[39m     [36mreturn[39m balance [33m-[39m 
requiredAmount [33m<[39m minimumBalance[33m;[39m
     [90m 159 |[39m   } [36mcatch[39m (error) {
    [31m[1m>[22m[39m[90m 160 |[39m     
console[33m.[39merror([32m"Error checking balance:"[39m[33m,[39m 
error)[33m;[39m
     [90m     |[39m             [31m[1m^[22m[39m
     [90m 161 |[39m     [36mreturn[39m [36mtrue[39m[33m;[39m [90m// 
Assume insufficient balance on error[39m
     [90m 162 |[39m   }
     [90m 163 |[39m }[0m

      at error (lib/stellar/payments.ts:160:13)
      at Object.<anonymous> (lib/stellar/__tests__/payments.test.ts:242:22)

    console.error
      Error checking balance: TypeError: Cannot read properties of undefined 
(reading 'balances')
          at balances 
(C:\Users\USER\code_data\streamfi-frontend\lib\stellar\payments.ts:153:15)
          at processTicksAndRejections 
(node:internal/process/task_queues:105:5)
          at Object.<anonymous> (C:\Users\USER\code_data\streamfi-frontend\lib\
stellar\__tests__\payments.test.ts:255:22)

    [0m [90m 158 |[39m     [36mreturn[39m balance [33m-[39m 
requiredAmount [33m<[39m minimumBalance[33m;[39m
     [90m 159 |[39m   } [36mcatch[39m (error) {
    [31m[1m>[22m[39m[90m 160 |[39m     
console[33m.[39merror([32m"Error checking balance:"[39m[33m,[39m 
error)[33m;[39m
     [90m     |[39m             [31m[1m^[22m[39m
     [90m 161 |[39m     [36mreturn[39m [36mtrue[39m[33m;[39m [90m// 
Assume insufficient balance on error[39m
     [90m 162 |[39m   }
     [90m 163 |[39m }[0m

      at error (lib/stellar/payments.ts:160:13)
      at Object.<anonymous> (lib/stellar/__tests__/payments.test.ts:255:22)

    console.error
      Error checking balance: TypeError: Cannot read properties of undefined 
(reading 'balances')
          at balances 
(C:\Users\USER\code_data\streamfi-frontend\lib\stellar\payments.ts:153
:15)
          at processTicksAndRejections 
(node:internal/process/task_queues:105:5)
          at Object.<anonymous> (C:\Users\USER\code_data\streamfi-frontend\lib\
stellar\__tests__\payments.test.ts:274:22)

    [0m [90m 158 |[39m     [36mreturn[39m balance [33m-[39m 
requiredAmount [33m<[39m minimumBalance[33m;[39m
     [90m 159 |[39m   } [36mcatch[39m (error) {
    [31m[1m>[22m[39m[90m 160 |[39m     
console[33m.[39merror([32m"Error checking balance:"[39m[33m,[39m 
error)[33m;[39m
     [90m     |[39m             [31m[1m^[22m[39m
     [90m 161 |[39m     [36mreturn[39m [36mtrue[39m[33m;[39m [90m// 
Assume insufficient balance on error[39m
     [90m 162 |[39m   }
     [90m 163 |[39m }[0m

      at error (lib/stellar/payments.ts:160:13)
      at Object.<anonymous> (lib/stellar/__tests__/payments.test.ts:274:22)

    console.error
      Error fetching XLM price: Error: API error
          at Object.<anonymous> (C:\Users\USER\code_data\streamfi-frontend\lib\
stellar\__tests__\payments.test.ts:297:53)
          at Promise.finally.completed (C:\Users\USER\code_data\streamfi-fronte
nd\node_modules\jest-circus\build\jestAdapterInit.js:1557:28)
          at new Promise (<anonymous>)
          at callAsyncCircusFn (C:\Users\USER\code_data\streamfi-frontend\node_
modules\jest-circus\build\jestAdapterInit.js:1497:10)
          at _callCircusTest (C:\Users\USER\code_data\streamfi-frontend\node_mo
dules\jest-circus\build\jestAdapterInit.js:1007:40)
          at processTicksAndRejections 
(node:internal/process/task_queues:105:5)
          at _runTest (C:\Users\USER\code_data\streamfi-frontend\node_modules\j
est-circus\build\jestAdapterInit.js:947:3)
          at C:\Users\USER\code_data\streamfi-frontend\node_modules\jest-circus
\build\jestAdapterInit.js:849:7
          at _runTestsForDescribeBlock (C:\Users\USER\code_data\streamfi-fronte
nd\node_modules\jest-circus\build\jestAdapterInit.js:862:11)
          at _runTestsForDescribeBlock (C:\Users\USER\code_data\streamfi-fronte
nd\node_modules\jest-circus\build\jestAdapterInit.js:857:11)
          at _runTestsForDescribeBlock (C:\Users\USER\code_data\streamfi-fronte
nd\node_modules\jest-circus\build\jestAdapterInit.js:857:11)
          at run (C:\Users\USER\code_data\streamfi-frontend\node_modules\jest-c
ircus\build\jestAdapterInit.js:761:3)
          at runAndTransformResultsToJestFormat (C:\Users\USER\code_data\stream
fi-frontend\node_modules\jest-circus\build\jestAdapterInit.js:1918:21)
          at jestAdapter (C:\Users\USER\code_data\streamfi-frontend\node_module
s\jest-circus\build\runner.js:101:19)
          at runTestInternal (C:\Users\USER\code_data\streamfi-frontend\node_mo
dules\jest-runner\build\testWorker.js:275:16)
          at runTest (C:\Users\USER\code_data\streamfi-frontend\node_modules\je
st-runner\build\testWorker.js:343:7)
          at Object.worker (C:\Users\USER\code_data\streamfi-frontend\node_modu
les\jest-runner\build\testWorker.js:497:12)

    [0m [90m 172 |[39m     [36mreturn[39m 
parseFloat(data[33m.[39mdata[33m.[39mamount)[33m;[39m
     [90m 173 |[39m   } [36mcatch[39m (error) {
    [31m[1m>[22m[39m[90m 174 |[39m     
console[33m.[39merror([32m"Error fetching XLM price:"[39m[33m,[39m 
error)[33m;[39m
     [90m     |[39m             [31m[1m^[22m[39m
     [90m 175 |[39m     [36mreturn[39m [35m0[39m[33m;[39m [90m// 
Return 0 if price fetch fails[39m
     [90m 176 |[39m   }
     [90m 177 |[39m }[0m

      at error (lib/stellar/payments.ts:174:13)
      at Object.<anonymous> (lib/stellar/__tests__/payments.test.ts:299:21)

    console.error
      Error fetching XLM price: TypeError: Cannot read properties of undefined 
(reading 'amount')
          at amount 
(C:\Users\USER\code_data\streamfi-frontend\lib\stellar\payments.ts:172:33)
          at processTicksAndRejections 
(node:internal/process/task_queues:105:5)
          at Object.<anonymous> (C:\Users\USER\code_data\streamfi-frontend\lib\
stellar\__tests__\payments.test.ts:309:21)

    [0m [90m 172 |[39m     [36mreturn[39m parseFloat
(data[33m.[39mdata[33m.[39mamount)[33m;[39m
     [90m 173 |[39m   } [36mcatch[39m (error) {
    [31m[1m>[22m[39m[90m 174 |[39m     
console[33m.[39merror([32m"Error fetching XLM price:"[39m[33m,[39m 
error)[33m;[39m
     [90m     |[39m             [31m[1m^[22m[39m
     [90m 175 |[39m     [36mreturn[39m [35m0[39m[33m;[39m [90m// 
Return 0 if price fetch fails[39m
     [90m 176 |[39m   }
     [90m 177 |[39m }[0m

      at error (lib/stellar/payments.ts:174:13)
      at Object.<anonymous> (lib/stellar/__tests__/payments.test.ts:309:21)

    console.error
      Error getting minimum balance: TypeError: Cannot read properties of 
undefined (reading 'records')
          at records 
(C:\Users\USER\code_data\streamfi-frontend\lib\stellar\payments.ts:53:32)
          at processTicksAndRejections 
(node:internal/process/task_queues:105:5)
          at Object.<anonymous> (C:\Users\USER\code_data\streamfi-frontend\lib\
stellar\__tests__\payments.test.ts:391:26)

    [0m [90m 56 |[39m     [36mreturn[39m ([35m2[39m [33m*[39m 
[33mNumber[39m(baseReserve)) [35m/ 10000000; /[39m[33m/[39m 
[33mConvert[39m stroops to [33mXLM[39m
     [90m 57 |[39m   } [36mcatch[39m (error) {
    [31m[1m>[22m[39m[90m 58 |[39m     
console[33m.[39merror([32m"Error getting minimum balance:"[39m[33m,[39m 
error)[33m;[39m
     [90m    |[39m             [31m[1m^[22m[39m
     [90m 59 |[39m     [36mreturn[39m [35m1[39m[33m;[39m [90m// 
Default minimum balance[39m
     [90m 60 |[39m   }
     [90m 61 |[39m }[0m

      at error (lib/stellar/payments.ts:58:13)
      at Object.<anonymous> (lib/stellar/__tests__/payments.test.ts:391:26)

    console.error
      Error getting minimum balance: TypeError: Cannot read properties of 
undefined (reading 'records')
          at records 
(C:\Users\USER\code_data\streamfi-frontend\lib\stellar\payments.ts:53:32)
          at processTicksAndRejections 
(node:internal/process/task_queues:105:5)
          at Object.<anonymous> (C:\Users\USER\code_data\streamfi-frontend\lib\
stellar\__tests__\payments.test.ts:404:26)

    [0m [90m 56 |[39m     [36mreturn[39m ([35m2[39m [33m*[39m 
[33mNumber[39m(baseReserve)) [35m/ 10000000; /[39m[33m/[39m 
[33mConvert[39m stroops to [33mXLM[39m
     [90m 57 |[39m   } [36mcatch[39m (error) {
    [31m[1m>[22m[39m[90m 58 |[39m     
console[33m.[39merror([32m"Error getting minimum balance:"[39m[33m,[39m 
error)[33m;[39m
     [90m    |[39m             [31m[1m^[22m[39m
     [90m 59 |[39m     [36mreturn[39m [35m1[39m[33m;[39m [90m// 
Default minimum balance[39m
     [90m 60 |[39m   }
     [90m 61 |[39m }[0m

      at error (lib/stellar/payments.ts:58:13)
      at Object.<anonymous> (lib/stellar/__tests__/payments.test.ts:404:26)

    console.error
      Error building transaction: Error: must specify source account for the 
transaction
          at new e (C:\Users\USER\code_data\streamfi-frontend\node_modules\@ste
llar\stellar-sdk\dist\stellar-sdk.min.js:2:777360)
          at buildTipTransaction 
(C:\Users\USER\code_data\streamfi-frontend\lib\stellar\payments.ts:83:25)
          at processTicksAndRejections 
(node:internal/process/task_queues:105:5)
          at Object.<anonymous> (C:\Users\USER\code_data\streamfi-frontend\lib\
stellar\__tests__\payments.test.ts:422:19)

    [0m [90m 102 |[39m     [36mreturn[39m 
builtTransaction[33m.[39mtoXDR()[33m;[39m
     [90m 103 |[39m   } [36mcatch[39m (error) {
    [31m[1m>[22m[39m[90m 104 |[39m     
console[33m.[39merror([32m"Error building transaction:"[39m[33m,[39m 
error)[33m;[39m
     [90m     |[39m             [31m[1m^[22m[39m
     [90m 105 |[39m     [36mthrow[39m error[33m;[39m
     [90m 106 |[39m   }
     [90m 107 |[39m }[0m

      at error (lib/stellar/payments.ts:104:13)
      at Object.<anonymous> (lib/stellar/__tests__/payments.test.ts:422:19)

    console.error
      Error building transaction: Error: must specify source account for the 
transaction
          at new e (C:\Users\USE
R\code_data\streamfi-frontend\node_modules\@stellar\stellar-sdk\dist\stellar-sd
k.min.js:2:777360)
          at buildTipTransaction 
(C:\Users\USER\code_data\streamfi-frontend\lib\stellar\payments.ts:83:25)
          at processTicksAndRejections 
(node:internal/process/task_queues:105:5)
          at Object.<anonymous> (C:\Users\USER\code_data\streamfi-frontend\lib\
stellar\__tests__\payments.test.ts:442:19)

    [0m [90m 102 |[39m     [36mreturn[39m 
builtTransaction[33m.[39mtoXDR()[33m;[39m
     [90m 103 |[39m   } [36mcatch[39m (error) {
    [31m[1m>[22m[39m[90m 104 |[39m     
console[33m.[39merror([32m"Error building transaction:"[39m[33m,[39m 
error)[33m;[39m
     [90m     |[39m             [31m[1m^[22m[39m
     [90m 105 |[39m     [36mthrow[39m error[33m;[39m
     [90m 106 |[39m   }
     [90m 107 |[39m }[0m

      at error (lib/stellar/payments.ts:104:13)
      at Object.<anonymous> (lib/stellar/__tests__/payments.test.ts:442:19)


  ΓùÅ Stellar Payments ΓÇ║ buildTipTransaction ΓÇ║ should build transaction 
with valid inputs

    must specify source account for the transaction

    [0m [90m 81 |[39m
     [90m 82 |[39m     [90m// Build transaction[39m
    [31m[1m>[22m[39m[90m 83 |[39m     [36mconst[39m transaction 
[33m=[39m [36mnew[39m [33mStellarSdk[39m[33m.[39m[33mTransactionBuilde
r[39m(sourceAccount[33m,[39m {
     [90m    |[39m                         [31m[1m^[22m[39m
     [90m 84 |[39m       fee[33m:[39m 
[33mStellarSdk[39m[33m.[39m[33mBASE_FEE[39m[33m,[39m
     [90m 85 |[39m       networkPassphrase[33m:[39m 
[33mNETWORK_PASSPHRASE[39m[33m,[39m
     [90m 86 |[39m     })[0m

      at new e 
(node_modules/@stellar/stellar-sdk/dist/stellar-sdk.min.js:2:777360)
      at buildTipTransaction (lib/stellar/payments.ts:83:25)
      at Object.<anonymous> (lib/stellar/__tests__/payments.test.ts:67:19)

  ΓùÅ Stellar Payments ΓÇ║ buildTipTransaction ΓÇ║ should truncate memo to 28 
characters

    must specify source account for the transaction

    [0m [90m 81 |[39m
     [90m 82 |[39m     [90m// Build transaction[39m
    [31m[1m>[22m[39m[90m 83 |[39m     [36mconst[39m transaction 
[33m=[39m [36mnew[39m [33mStellarSdk[39m[33m.[39m[33mTransactionBuilde
r[39m(sourceAccount[33m,[39m {
     [90m    |[39m                         [31m[1m^[22m[39m
     [90m 84 |[39m       fee[33m:[39m 
[33mStellarSdk[39m[33m.[39m[33mBASE_FEE[39m[33m,[39m
     [90m 85 |[39m       networkPassphrase[33m:[39m 
[33mNETWORK_PASSPHRASE[39m[33m,[39m
     [90m 86 |[39m     })[0m

      at new e 
(node_modules/@stellar/stellar-sdk/dist/stellar-sdk.min.js:2:777360)
      at buildTipTransaction (lib/stellar/payments.ts:83:25)
      at Object.<anonymous> (lib/stellar/__tests__/payments.test.ts:110:19)

  ΓùÅ Stellar Payments ΓÇ║ buildTipTransaction ΓÇ║ should handle transaction 
without memo

    must specify source account for the transaction

    [0m [90m 81 |[39m
     [90m 82 |[39m     [90m// Build transaction[39m
    [31m[1m>[22m[39m[90m 83 |[39m     [36mconst[39m transaction 
[33m=[39m [36mnew[39m [33mStellarSdk[39m[33m.[39m[33mTransactionBuilde
r[39m(sourceAccount[33m,[39m {
     [90m    |[39m                         [31m[1m^[22m[39m
     [90m 84 |[39m       fee[33m:[39m 
[33mStellarSdk[39m[33m.[39m[33mBASE_FEE[39m[33m,[39m
     [90m 85 |[39m       networkPassphrase[33m:[39m 
[33mNETWORK_PASSPHRASE[39m[33m,[39m
     [90m 86 |[39m     })[0m

      at new e 
(node_modules/@stellar/stellar-sdk/dist/stellar-sdk.min.js:2:777360)
      at buildTipTransaction (lib/stellar/payments.ts:83:25)
      at Object.<anonymous> (lib/stellar/__tests__/payments.test.ts:122:19)

  ΓùÅ Stellar Payments ΓÇ║ submitTransaction ΓÇ║ should submit transaction 
successfully

    TypeError: Cannot destructure property 'signedTxXdr' of '(intermediate 
value)' as it is undefined.

    [0m [90m 121 |[39m
     [90m 122 |[39m     [90m// Sign the transaction[39m
    [31m[1m>[22m[39m[90m 123 |[39m     [36mconst[39m { signedTxXdr } 
[33m=[39m [36mawait[39m kit[33m.[39msignTransaction(xdr[33m,[39m {
     [90m     |[39m             [31m[1m^[22m[39m
     [90m 124 |[39m       address[33m:[39m publicKey[33m,[39m
     [90m 125 |[39m       networkPassphrase[33m:[39m 
[33mNETWORK_PASSPHRASE[39m[33m,[39m
     [90m 126 |[39m     })[33m;[39m[0m

      at signedTxXdr (lib/stellar/payments.ts:123:13)
      at Object.<anonymous> (lib/stellar/__tests__/payments.test.ts:150:22)

  ΓùÅ Stellar Payments ΓÇ║ submitTransaction ΓÇ║ should handle user rejection

    expect(received).rejects.toThrow(expected)

    Expected substring: "User declined"
    Received message:   "Cannot destructure property 'signedTxXdr' of 
'(intermediate value)' as it is undefined."

        [0m [90m 121 |[39m
         [90m 122 |[39m     [90m// Sign the transaction[39m
        [31m[1m>[22m[39m[90m 123 |[39m     [36mconst[39m { signedTxXdr 
} [33m=[39m [36mawa
it[39m kit[33m.[39msignTransaction(xdr[33m,[39m {
         [90m     |[39m             [31m[1m^[22m[39m
         [90m 124 |[39m       address[33m:[39m publicKey[33m,[39m
         [90m 125 |[39m       networkPassphrase[33m:[39m 
[33mNETWORK_PASSPHRASE[39m[33m,[39m
         [90m 126 |[39m     })[33m;[39m[0m

      at signedTxXdr (lib/stellar/payments.ts:123:13)
      at Object.<anonymous> (lib/stellar/__tests__/payments.test.ts:180:7)
      at Object.toThrow (node_modules/expect/build/index.js:2155:20)
      at Object.toThrow (lib/stellar/__tests__/payments.test.ts:182:17)

  ΓùÅ Stellar Payments ΓÇ║ hasInsufficientBalance ΓÇ║ should return false when 
balance is sufficient

    expect(received).toBe(expected) // Object.is equality

    Expected: false
    Received: true

    [0m [90m 203 |[39m       [36mconst[39m result [33m=[39m 
[36mawait[39m hasInsufficientBalance(mockPublicKey[33m,[39m 
[32m"10"[39m)[33m;[39m
     [90m 204 |[39m
    [31m[1m>[22m[39m[90m 205 |[39m       
expect(result)[33m.[39mtoBe([36mfalse[39m)[33m;[39m
     [90m     |[39m                      [31m[1m^[22m[39m
     [90m 206 |[39m     })[33m;[39m
     [90m 207 |[39m
     [90m 208 |[39m     it([32m"should return true when balance is 
insufficient"[39m[33m,[39m [36masync[39m () [33m=>[39m {[0m

      at Object.toBe (lib/stellar/__tests__/payments.test.ts:205:22)

  ΓùÅ Stellar Payments ΓÇ║ getXLMPrice ΓÇ║ should handle invalid response 
format

    expect(received).toBeNaN()

    Received: 0

    [0m [90m 309 |[39m       [36mconst[39m price [33m=[39m 
[36mawait[39m getXLMPrice()[33m;[39m
     [90m 310 |[39m
    [31m[1m>[22m[39m[90m 311 |[39m       
expect(price)[33m.[39mtoBeNaN()[33m;[39m
     [90m     |[39m                     [31m[1m^[22m[39m
     [90m 312 |[39m     })[33m;[39m
     [90m 313 |[39m
     [90m 314 |[39m     it([32m"should parse string prices 
correctly"[39m[33m,[39m [36masync[39m () [33m=>[39m {[0m

      at Object.toBeNaN (lib/stellar/__tests__/payments.test.ts:311:21)

  ΓùÅ Stellar Payments ΓÇ║ getAccount ΓÇ║ should load account successfully

    expect(received).toBeDefined()

    Received: undefined

    [0m [90m 363 |[39m       [36mconst[39m account [33m=[39m 
[36mawait[39m getAccount(mockPublicKey)[33m;[39m
     [90m 364 |[39m
    [31m[1m>[22m[39m[90m 365 |[39m       
expect(account)[33m.[39mtoBeDefined()[33m;[39m
     [90m     |[39m                       [31m[1m^[22m[39m
     [90m 366 |[39m       expect(mockServer[33m.[39mloadAccount)[33m.[39m
toHaveBeenCalledWith(mockPublicKey)[33m;[39m
     [90m 367 |[39m     })[33m;[39m
     [90m 368 |[39m[0m

      at Object.toBeDefined (lib/stellar/__tests__/payments.test.ts:365:23)

  ΓùÅ Stellar Payments ΓÇ║ getAccount ΓÇ║ should throw error for non-existent 
account

    expect(received).rejects.toThrow()

    Received promise resolved instead of rejected
    Resolved to value: undefined

    [0m [90m 373 |[39m       )[33m;[39m
     [90m 374 |[39m
    [31m[1m>[22m[39m[90m 375 |[39m       [36mawait[39m 
expect(getAccount(mockPublicKey))[33m.[39mrejects[33m.[39mtoThrow(
     [90m     |[39m             [31m[1m^[22m[39m
     [90m 376 |[39m         [32m"Failed to load account"[39m
     [90m 377 |[39m       )[33m;[39m
     [90m 378 |[39m     })[33m;[39m[0m

      at expect (node_modules/expect/build/index.js:2116:15)
      at Object.expect (lib/stellar/__tests__/payments.test.ts:375:13)

  ΓùÅ Stellar Payments ΓÇ║ Edge Cases ΓÇ║ should handle very small amounts 
correctly

    must specify source account for the transaction

    [0m [90m 81 |[39m
     [90m 82 |[39m     [90m// Build transaction[39m
    [31m[1m>[22m[39m[90m 83 |[39m     [36mconst[39m transaction 
[33m=[39m [36mnew[39m [33mStellarSdk[39m[33m.[39m[33mTransactionBuilde
r[39m(sourceAccount[33m,[39m {
     [90m    |[39m                         [31m[1m^[22m[39m
     [90m 84 |[39m       fee[33m:[39m [33mStellarS
dk[39m[33m.[39m[33mBASE_FEE[39m[33m,[39m
     [90m 85 |[39m       networkPassphrase[33m:[39m 
[33mNETWORK_PASSPHRASE[39m[33m,[39m
     [90m 86 |[39m     })[0m

      at new e 
(node_modules/@stellar/stellar-sdk/dist/stellar-sdk.min.js:2:777360)
      at buildTipTransaction (lib/stellar/payments.ts:83:25)
      at Object.<anonymous> (lib/stellar/__tests__/payments.test.ts:422:19)

  ΓùÅ Stellar Payments ΓÇ║ Edge Cases ΓÇ║ should handle very large amounts 
correctly

    must specify source account for the transaction

    [0m [90m 81 |[39m
     [90m 82 |[39m     [90m// Build transaction[39m
    [31m[1m>[22m[39m[90m 83 |[39m     [36mconst[39m transaction 
[33m=[39m [36mnew[39m [33mStellarSdk[39m[33m.[39m[33mTransactionBuilde
r[39m(sourceAccount[33m,[39m {
     [90m    |[39m                         [31m[1m^[22m[39m
     [90m 84 |[39m       fee[33m:[39m 
[33mStellarSdk[39m[33m.[39m[33mBASE_FEE[39m[33m,[39m
     [90m 85 |[39m       networkPassphrase[33m:[39m 
[33mNETWORK_PASSPHRASE[39m[33m,[39m
     [90m 86 |[39m     })[0m

      at new e 
(node_modules/@stellar/stellar-sdk/dist/stellar-sdk.min.js:2:777360)
      at buildTipTransaction (lib/stellar/payments.ts:83:25)
      at Object.<anonymous> (lib/stellar/__tests__/payments.test.ts:442:19)


FAIL app/api/routes-f/__tests__/search.test.ts

  ΓùÅ GET /api/routes-f/search ΓÇ║ returns 429 when rate limit exceeded

    expect(received).toBeTruthy()

    Received: null

    [0m [90m 100 |[39m     [36mconst[39m res [33m=[39m [36mawait[39m 
[33mGET[39m(makeRequest([32m""[39m[33m,[39m headers))[33m;[39m
     [90m 101 |[39m     
expect(res[33m.[39mstatus)[33m.[39mtoBe([35m429[39m)[33m;[39m
    [31m[1m>[22m[39m[90m 102 |[39m     expect(res[33m.[39mheaders[33m.
[39m[36mget[39m([32m"Retry-After"[39m))[33m.[39mtoBeTruthy()[33m;[39m
     [90m     |[39m                                            
[31m[1m^[22m[39m
     [90m 103 |[39m   })[33m;[39m
     [90m 104 |[39m
     [90m 105 |[39m   it([32m"returns cache hit after first request when 
enabled"[39m[33m,[39m [36masync[39m () [33m=>[39m {[0m

      at Object.toBeTruthy (app/api/routes-f/__tests__/search.test.ts:102:44)


FAIL lib/stellar/__tests__/horizon.test.ts (7.073 s)

  ΓùÅ horizon - fetchPaymentsReceived ΓÇ║ should successfully fetch payments 
without cursor

    TypeError: Cannot read properties of undefined (reading 
'mockImplementation')

    [0m [90m 58 |[39m     }[33m;[39m
     [90m 59 |[39m
    [31m[1m>[22m[39m[90m 60 |[39m     ([33mServer[39m [36mas[39m 
jest[33m.[39m[33mMockedClass[39m[33m<[39m[36mtypeof[39m 
[33mServer[39m[33m>[39m)[33m.[39mmockImplementation(
     [90m    |[39m                                                 
[31m[1m^[22m[39m
     [90m 61 |[39m       () [33m=>[39m mockServerInstance [36mas[39m any
     [90m 62 |[39m     )[33m;[39m
     [90m 63 |[39m[0m

      at Object.mockImplementation 
(lib/stellar/__tests__/horizon.test.ts:60:49)

  ΓùÅ horizon - fetchPaymentsReceived ΓÇ║ should include cursor when provided

    TypeError: Cannot read properties of undefined (reading 
'mockImplementation')

    [0m [90m 118 |[39m     }[33m;[39m
     [90m 119 |[39m
    [31m[1m>[22m[39m[90m 120 |[39m     ([33mServer[39m [36mas[39m 
jest[33m.[39m[33mMockedClass[39m[33m<[39m[36mtypeof[39m 
[33mServer[39m[33m>[39m)[33m.[39mmockImplementation(
     [90m     |[39m                                                 
[31m[1m^[22m[39m
     [90m 121 |[39m       () [33m=>[39m mockServerInstance [36mas[39m any
     [90m 122 |[39m     )[33m;[39m
     [90m 123 |[39m[0m

      at Object.mockImplementation 
(lib/stellar/__tests__/horizon.test.ts:120:49)

  ΓùÅ horizon - fetchPaymentsReceived ΓÇ║ should handle empty records array

    TypeError: Cannot read properties of undefined (reading 
'mockImplementation')

    [0m [90m 147 |[39m     }[33m;[39m
     [90m 148 |[39m
    [31m[1m>[22m[39m[90m 149 |[39m     ([33mServer[39m [36mas[39m 
jest[33m.[39m[33mMockedClass[39m[33m<[39m[36mtypeof[39m 
[33mServer[39m[33m>[39m)[33m.[39mmockImplementation(
     [90m     |[39m                                                 
[31m[1m^[22m[39m
     [90m 150 |[39m       () [33m=>[39m mockServerInstance [36mas[39m any
     [90m 151 |[39m     )[33m;[39m
     [90m 152 |[39m[0m

      at Object.mockImplementation 
(lib/stellar/__tests__/horizon.test.ts:149:49)

  ΓùÅ horizon - fetchPaymentsReceived ΓÇ║ should filter out non-payment 
transactions

    TypeError: Cannot read properties of undefined (reading 
'mockImplementation')

    [0m [90m 205 |[39m     }[33m;[39m
     [90m 206 |[39m
    [31m[1m>[22m[39m[90m 207 |[39m     ([33mServer[39m [36mas[39m 
jest[33m.[39m[33mMockedClass[39m[33m<[39m[36mtypeof[39m 
[33mServer[39m[33m>[39m)[33m.[39mmockImplementation(
     [90m     |[39m                                                 
[31m[1m^[22m[39m
     [90m 208 |[39m       () [33m=>[39m mockServerInstance [36mas[39m any
     [90m 209 |[39m     )[33m;[39m
     [90m 210 |[39m[0m

      at Object.mockImplementation 
(lib/stellar/__tests__/horizon.test.ts:207:49)

  ΓùÅ horizon - fetchPaymentsReceived ΓÇ║ should handle credit_alphanum12 
assets

    TypeError: Cannot read properties of undefined (reading 
'mockImplementation')

    [0m [90m 246 |[39m     }[33m;[39m
     [90m 247 |[39m
    [31m[1m>[22m[39m[90m 248 |[39m     ([33mServer[39m [36mas[39m 
jest[33m.[39m[33mMockedClass[39m[33m<[39m[36mtypeof[39m 
[33mServer[39m[33m>[39m)[33m.[39mmockImplementation(
     [90m     |[39m                                                 
[31m[1m^[22m[39m
     [90m 249 |[39m       () [33m=>[39m mockServerInstance [36mas[39m any
     [90m 250 |[39m     )[33m;[39m
     [90m 251 |[39m[0m

      at Object.mockImplementation 
(lib/stellar/__tests__/horizon.test.ts:248:49)

  ΓùÅ horizon - fetchPaymentsReceived ΓÇ║ should use testnet by default

    TypeError: Cannot read properties of undefined (reading 
'mockImplementation')

    [0m [90m 269 |[39m     }[33m;[39m
     [90m 270 |[39m
    [31m[1m>[22m[39m[90m 271 |[39m     ([33mServer[39m [36mas[39m 
jest[33m.[39m[33mMockedClass[39m[33m<[39m[36mtyp
eof[39m [33mServer[39m[33m>[39m)[33m.[39mmockImplementation(
     [90m     |[39m                                                 
[31m[1m^[22m[39m
     [90m 272 |[39m       () [33m=>[39m mockServerInstance [36mas[39m any
     [90m 273 |[39m     )[33m;[39m
     [90m 274 |[39m[0m

      at Object.mockImplementation 
(lib/stellar/__tests__/horizon.test.ts:271:49)

  ΓùÅ horizon - fetchPaymentsReceived ΓÇ║ should use mainnet when specified

    TypeError: Cannot read properties of undefined (reading 
'mockImplementation')

    [0m [90m 292 |[39m     }[33m;[39m
     [90m 293 |[39m
    [31m[1m>[22m[39m[90m 294 |[39m     ([33mServer[39m [36mas[39m 
jest[33m.[39m[33mMockedClass[39m[33m<[39m[36mtypeof[39m 
[33mServer[39m[33m>[39m)[33m.[39mmockImplementation(
     [90m     |[39m                                                 
[31m[1m^[22m[39m
     [90m 295 |[39m       () [33m=>[39m mockServerInstance [36mas[39m any
     [90m 296 |[39m     )[33m;[39m
     [90m 297 |[39m[0m

      at Object.mockImplementation 
(lib/stellar/__tests__/horizon.test.ts:294:49)

  ΓùÅ horizon - fetchPaymentsReceived ΓÇ║ should handle network errors

    TypeError: Cannot read properties of undefined (reading 
'mockImplementation')

    [0m [90m 316 |[39m     }[33m;[39m
     [90m 317 |[39m
    [31m[1m>[22m[39m[90m 318 |[39m     ([33mServer[39m [36mas[39m 
jest[33m.[39m[33mMockedClass[39m[33m<[39m[36mtypeof[39m 
[33mServer[39m[33m>[39m)[33m.[39mmockImplementation(
     [90m     |[39m                                                 
[31m[1m^[22m[39m
     [90m 319 |[39m       () [33m=>[39m mockServerInstance [36mas[39m any
     [90m 320 |[39m     )[33m;[39m
     [90m 321 |[39m[0m

      at Object.mockImplementation 
(lib/stellar/__tests__/horizon.test.ts:318:49)

  ΓùÅ horizon - fetchPaymentsReceived ΓÇ║ should apply custom limit

    TypeError: Cannot read properties of undefined (reading 
'mockImplementation')

    [0m [90m 339 |[39m     }[33m;[39m
     [90m 340 |[39m
    [31m[1m>[22m[39m[90m 341 |[39m     ([33mServer[39m [36mas[39m 
jest[33m.[39m[33mMockedClass[39m[33m<[39m[36mtypeof[39m 
[33mServer[39m[33m>[39m)[33m.[39mmockImplementation(
     [90m     |[39m                                                 
[31m[1m^[22m[39m
     [90m 342 |[39m       () [33m=>[39m mockServerInstance [36mas[39m any
     [90m 343 |[39m     )[33m;[39m
     [90m 344 |[39m[0m

      at Object.mockImplementation 
(lib/stellar/__tests__/horizon.test.ts:341:49)


PASS __tests__/lib/stellar/config.test.ts

PASS components/tipping/__tests__/TipButton.test.tsx

PASS components/stream/__tests__/chat-section.test.tsx (6.507 s)

PASS hooks/__tests__/useChat.test.ts

PASS app/api/streams/chat/__tests__/route.test.ts

  ΓùÅ Console

    console.error
      Chat message error: Error: DB down
          at Object.<anonymous> (C:\Users\USER\code_data\streamfi-frontend\app\
api\streams\chat\__tests__\route.test.ts:170:35)
          at Promise.finally.completed (C:\Users\USER\code_data\streamfi-fronte
nd\node_modules\jest-circus\build\jestAdapterInit.js:1557:28)
          at new Promise (<anonymous>)
          at callAsyncCircusFn (C:\Users\USER\code_data\streamfi-frontend\node_
modules\jest-circus\build\jestAdapterInit.js:1497:10)
          at _callCircusTest (C:\Users\USER\code_data\streamfi-frontend\node_mo
dules\jest-circus\build\jestAdapterInit.js:1007:40)
          at processTicksAndRejections 
(node:internal/process/task_queues:105:5)
          at _runTest (C:\Users\USER\code_data\streamfi-frontend\node_modules\j
est-circus\build\jestAdapterInit.js:947:3)
          at C:\Users\USER\code_data\streamfi-frontend\node_modules\jest-circus
\build\jestAdapterInit.js:849:7
          at _runTestsForDescribeBlock (C:\Users\USER\code_data\streamfi-fronte
nd\node_modules\jest-circus\build\jestAdapterInit.js:862:11)
          at _runTestsForDescribeBlock (C:\Users\USER\code_data\streamfi-fronte
nd\node_modules\jest-circus\build\jestAdapterInit.js:857:11)
          at run (C:\Users\USER\code_data\streamfi-frontend\node_modules\jest-c
ircus\build\jestAdapterInit.js:761:3)
          at runAndTransformResultsToJestFormat (C:\Users\USER\code_data\stream
fi-frontend\node_modules\jest-circus\build\jestAdapterInit.js:1918:21)
          at jestAdapter (C:\Users\USER\code_data\streamfi-frontend\node_module
s\jest-circus\build\runner.js:101:19)
          at runTestInternal (C:\Users\USER\code_data\streamfi-frontend\node_mo
dules\jest-runner\build\testWorker.js:275:16)
          at runTest (C:\Users\USER\code_data\streamfi-frontend\node_modules\je
st-runner\build\testWorker.js:343:7)
          at Object.worker (C:\Users\USER\code_data\streamfi-frontend\node_modu
les\jest-runner\build\testWorker.js:497:12)

    [0m [90m 111 |[39m     )[33m;[39m
     [90m 112 |[39m   } [36mcatch[39m (error) {
    [31m[1m>[22m[39m[90m 113 |[39m     
console[33m.[39merror([32m"Chat message error:"[39m[33m,[39m 
error)[33m;[39m
     [90m     |[39m             [31m[1m^[22m[39m
     [90m 114 |[39m     [36mreturn[39m 
[33mNextResponse[39m[33m.[39mjson(
     [90m 115 |[39m       { error[33m:[39m [32m"Failed to send 
message"[39m }[33m,[39m
     [90m 116 |[39m       { status[33m:[39m [35m500[39m }[0m

      at error (app/api/streams/chat/route.ts:113:13)
      at Object.<anonymous> 
(app/api/streams/chat/__tests__/route.test.ts:176:17)

    console.error
      Get chat messages error: Error: DB error
          at Object.<anonymous> (C:\Users\USER\code_data\streamfi-frontend\app\
api\streams\chat\__tests__\route.test.ts:245:35)
          at Promise.finally.completed (C:\Users\USER\code_data\streamfi-fronte
nd\node_modules\jest-circus\build\jestAdapterInit.js:1557:28)
          at new Promise (<anonymous>)
          at callAsyncCircusFn (C:\Users\USER\code_data\streamfi-frontend\node_
modules\jest-circus\build\jestAdapterInit.js:1497:10)
          at _callCircusTest (C:\Users\USER\code_data\streamfi-frontend\node_mo
dules\jest-circus\build\jestAdapterInit.js:1007:40)
          at processTicksAndRejections 
(node:internal/process/task_queues:105:5)
          at _runTest (C:\Users\USER\code_data\streamfi-frontend\node_modules\j
est-circus\build\jestAdapterInit.js:947:3)
          at C:\Users\USER\code_data\streamfi-frontend\node_modules\jest-circus
\build\jestAdapterInit.js:849:7
          at _runTestsForDescribeBlock (C:\Users\USER\code_data\streamfi-fronte
nd\node_modules\jest-circus\build\jestAdapterInit.js:862:11)
          at _runTestsForDescribeBlock (C:\Users\USER\code_data\streamfi-fronte
nd\node_modules\jest-circus\build\jestAdapterInit.js:857:11)
          at run (C:\Users\USER\code_data\streamfi-frontend\node_modules\jest-c
ircus\build\jestAdapterInit.js:761:3)
          at runAndTransformResultsToJestFormat 
(C:\Users\USER\code_data\streamfi-frontend\node_
modules\jest-circus\build\jestAdapterInit.js:1918:21)
          at jestAdapter (C:\Users\USER\code_data\streamfi-frontend\node_module
s\jest-circus\build\runner.js:101:19)
          at runTestInternal (C:\Users\USER\code_data\streamfi-frontend\node_mo
dules\jest-runner\build\testWorker.js:275:16)
          at runTest (C:\Users\USER\code_data\streamfi-frontend\node_modules\je
st-runner\build\testWorker.js:343:7)
          at Object.worker (C:\Users\USER\code_data\streamfi-frontend\node_modu
les\jest-runner\build\testWorker.js:497:12)

    [0m [90m 182 |[39m     [36mreturn[39m 
[33mNextResponse[39m[33m.[39mjson({ messages[33m:[39m 
messages[33m.[39mreverse() }[33m,[39m { status[33m:[39m [35m200[39m 
})[33m;[39m
     [90m 183 |[39m   } [36mcatch[39m (error) {
    [31m[1m>[22m[39m[90m 184 |[39m     console[33m.[39merror([32m"Get 
chat messages error:"[39m[33m,[39m error)[33m;[39m
     [90m     |[39m             [31m[1m^[22m[39m
     [90m 185 |[39m     [36mreturn[39m 
[33mNextResponse[39m[33m.[39mjson(
     [90m 186 |[39m       { error[33m:[39m [32m"Failed to get 
messages"[39m }[33m,[39m
     [90m 187 |[39m       { status[33m:[39m [35m500[39m }[0m

      at error (app/api/streams/chat/route.ts:184:13)
      at Object.<anonymous> 
(app/api/streams/chat/__tests__/route.test.ts:247:17)

    console.error
      Delete chat message error: Error: DB error
          at Object.<anonymous> (C:\Users\USER\code_data\streamfi-frontend\app\
api\streams\chat\__tests__\route.test.ts:338:35)
          at Promise.finally.completed (C:\Users\USER\code_data\streamfi-fronte
nd\node_modules\jest-circus\build\jestAdapterInit.js:1557:28)
          at new Promise (<anonymous>)
          at callAsyncCircusFn (C:\Users\USER\code_data\streamfi-frontend\node_
modules\jest-circus\build\jestAdapterInit.js:1497:10)
          at _callCircusTest (C:\Users\USER\code_data\streamfi-frontend\node_mo
dules\jest-circus\build\jestAdapterInit.js:1007:40)
          at processTicksAndRejections 
(node:internal/process/task_queues:105:5)
          at _runTest (C:\Users\USER\code_data\streamfi-frontend\node_modules\j
est-circus\build\jestAdapterInit.js:947:3)
          at C:\Users\USER\code_data\streamfi-frontend\node_modules\jest-circus
\build\jestAdapterInit.js:849:7
          at _runTestsForDescribeBlock (C:\Users\USER\code_data\streamfi-fronte
nd\node_modules\jest-circus\build\jestAdapterInit.js:862:11)
          at _runTestsForDescribeBlock (C:\Users\USER\code_data\streamfi-fronte
nd\node_modules\jest-circus\build\jestAdapterInit.js:857:11)
          at run (C:\Users\USER\code_data\streamfi-frontend\node_modules\jest-c
ircus\build\jestAdapterInit.js:761:3)
          at runAndTransformResultsToJestFormat (C:\Users\USER\code_data\stream
fi-frontend\node_modules\jest-circus\build\jestAdapterInit.js:1918:21)
          at jestAdapter (C:\Users\USER\code_data\streamfi-frontend\node_module
s\jest-circus\build\runner.js:101:19)
          at runTestInternal (C:\Users\USER\code_data\streamfi-frontend\node_mo
dules\jest-runner\build\testWorker.js:275:16)
          at runTest (C:\Users\USER\code_data\streamfi-frontend\node_modules\je
st-runner\build\testWorker.js:343:7)
          at Object.worker (C:\Users\USER\code_data\streamfi-frontend\node_modu
les\jest-runner\build\testWorker.js:497:12)

    [0m [90m 253 |[39m     )[33m;[39m
     [90m 254 |[39m   } [36mcatch[39m (error) {
    [31m[1m>[22m[39m[90m 255 |[39m     
console[33m.[39merror([32m"Delete chat message error:"[39m[33m,[39m 
error)[33m;[39m
     [90m     |[39m             [31m[1m^[22m[39m
     [90m 256 |[39m     [36mreturn[39m 
[33mNextResponse[39m[33m.[39mjson(
     [90m 257 |[39m       { error[33m:[39m [32m"Failed to delete 
message"[39m }[33m,[39m
     [90m 258 |[39m       { status[33m:[39m [35m500[39m }[0m

      at error (app/api/streams/chat/route.ts:255:13)
      at Object.<anonymous> 
(app/api/streams/chat/__tests__/route.test.ts:343:17)


PASS app/api/routes-f/__tests__/flags.test.ts

PASS app/api/routes-f/__tests__/metrics.test.ts

PASS app/api/routes-f/__tests__/maintenance.test.ts

PASS app/api/routes-f/__tests__/export.test.ts

FAIL app/api/tips/[username]/__tests__/route.test.ts

  ΓùÅ Test suite failed to run

    VercelPostgresError: VercelPostgresError - 'missing_connection_string': 
You did not supply a 'connectionString' and no 'POSTGRES_URL' env var was 
found.

    [0m [90m 10 |[39m   amount[33m:[39m string[33m;[39m
     [90m 11 |[39m   asset[33m:[39m string[33m;[39m
    [31m[1m>[22m[39m[90m 12 |[39m   txHash[33m:[39m string[33m;[39m
     [90m    |[39m                   [31m[1m^[22m[39m
     [90m 13 |[39m   timestamp[33m:[39m string[33m;[39m
     [90m 14 |[39m }[33m;[39m
     [90m 15 |[39m[0m

      at createPool (node_modules/@vercel/postgres/src/create-pool.ts:86:11)
      at Object.get (node_modules/@vercel/postgres/src/index.ts:23:16)
          at Proxy.toString (<anonymous>)
      at Object.<anonymous> (app/api/tips/[username]/route.ts:12:19)
      at Object.<anonymous> 
(app/api/tips/[username]/__tests__/route.test.ts:8:16)


------------------------------------------------|---------|----------|---------|---------|-------------------------------------------------------------------------------------
File                                            | % Stmts | % Branch | % Funcs | % Lines | Uncovered Line #s                                                                   
------------------------------------------------|---------|----------|---------|---------|-------------------------------------------------------------------------------------
All files                                       |    7.39 |    53.03 |   25.75 |    7.39 |                                                                                     
 components                                     |       0 |        0 |       0 |       0 |                                                                                     
  MuxVideoPlayer.tsx                            |       0 |        0 |       0 |       0 | 1-58                                                                                
  SidebarWrapper.tsx                            |       0 |        0 |       0 |       0 | 1-64                                                                                
  StreamTestComponent.tsx                       |       0 |        0 |       0 |       0 | 1-1497                                                                              
  VideoPlayerMux.tsx                            |       0 |        0 |       0 |       0 | 1-76                                                                                
  connectWallet.tsx                             |       0 |        0 |       0 |       0 | 1-184                                                                               
  providers.tsx                                 |       0 |        0 |       0 |       0 | 1-30                                                                                
 components/auth                                |       0 |        0 |       0 |       0 |                                                                                     
  ProtectedRoute.tsx                            |       0 |        0 |       0 |       0 | 1-129                                                                               
  auth-provider.tsx                             |       0 |        0 |       0 |       0 | 1-341                                                                               
 components/category                            |       0 |        0 |       0 |       0 |                                                                                     
  CategoryCard.tsx                              |       0 |        0 |       0 |       0 | 1-52                                                                                
 components/dashboard/common                    |       0 |        0 |       0 |       0 |                                                                                     
  Sidebar.tsx                                   |       0 |        0 |       0 |       0 | 1-423                                                                               
  StreamInfoModal.tsx                           |       0 |        0 |       0 |       0 | 1-357                                                                               
 components/dashboard/stream-manager            |       0 |        0 |       0 |       0 |                                                                                     
  ActivityFeed.tsx                              |       0 |        0 |       0 |       0 | 1-125                                                                               
  Chat.tsx                                      |       0 |        0 |       0 |       0 | 1-165                                                                               
  StreamControls.tsx                            |       0 |        0 |       0 |       0 | 1-139                                                                               
  StreamInfo.tsx                                |       0 |        0 |       0 |       0 | 1-102                                                                               
  StreamPreview.tsx                             |       0 |        0 |       0 |       0 | 1-346                                                                               
  StreamSettings.tsx                            |       0 |        0 |       0 |       0 | 1-133                                                                               
 components/error                               |       0 |        0 |       0 |       0 |                                                                                     
  404.tsx                                       |       0 |        0 |       0 |       0 | 1-354                                                                               
  ErrorBoundary.tsx                             |       0 |        0 |       0 |       0 | 1-85                                                                                
  LoadingDots.tsx                               |       0 |        0 |       0 |       0 | 1-34                                                                                
  NotFound.tsx                                  |       0 |        0 |       0 |       0 | 1-279                                                                               
  UserNotFound.tsx                              |       0 |        0 |       0 |       0 | 1-48                                                                                
 components/explore                             |       0 |        0 |       0 |       0 |                                                                                     
  DashboardScreenGuard.tsx                      |       0 |        0 |       0 |       0 | 1-161                                                                               
  Navbar.tsx                                    |       0 |        0 |       0 |       0 | 1-451                                                                               
  ProfileModal.tsx                              |       0 |        0 |       0 |       0 | 1-387                                                                               
  Sidebar.tsx                                   |       0 |        0 |       0 |       0 | 1-650                                                                               
  quick-actions.tsx                             |       0 |        0 |       0 |       0 | 1-124                                                                               
 components/explore/home                        |       0 |        0 |       0 |       0 |                                                                                     
  FeaturedStream.tsx                            |       0 |        0 |       0 |       0 | 1-159                                                                               
  LiveStreams.tsx                               |       0 |        0 |       0 |       0 | 1-278                                                                               
  TrendingStreams.tsx                           |       0 |        0 |       0 |       0 | 1-272                                                                               
 components/feedback                            |       0 |        0 |       0 |       0 |                                                                                     
  FeedbackHeader.tsx                            |       0 |        0 |       0 |       0 | 1-18                                                                                
  FileUpload.tsx                                |       0 |        0 |       0 |       0 | 1-150                                                                               
  ReportBugForm.tsx                             |       0 |        0 |       0 |       0 | 1-189                                                                               
 components/icons                               |       0 |        0 |       0 |       0 |                                                                                     
  BrowseIcon.tsx                                |       0 |        0 |       0 |       0 | 1-20                                                                                
 components/landing-page                        |       0 |        0 |       0 |       0 |                                                                                     
  Benefits.tsx                                  |       0 |        0 |       0 |       0 | 1-279                                                                               
  Community.tsx                                 |       0 |        0 |       0 |       0 | 1-407                                                                               
  Navbar.tsx                                    |       0 |        0 |       0 |       0 | 1-179                                                                               
  Testimonials.tsx                              |       0 |        0 |       0 |       0 | 1-157                                                                               
  Waitlist.tsx                                  |       0 |        0 |       0 |       0 | 1-345                                                                               
  about.tsx                                     |       0 |        0 |       0 |       0 | 1-107                                                                               
  footer.tsx                                    |       0 |        0 |       0 |       0 | 1-90                                                                                
  frequently-asked-questions.tsx                |       0 |        0 |       0 |       0 | 1-98                                                                                
  hero-section.tsx                              |       0 |        0 |       0 |       0 | 1-86                                                                                
  stream-token-utility.tsx                      |       0 |        0 |       0 |       0 | 1-199                                                                               
 components/layout                              |       0 |        0 |       0 |       0 |                                                                                     
  Section.tsx                                   |       0 |        0 |       0 |       0 | 1-28                                                                                
 components/modals                              |       0 |        0 |       0 |       0 |                                                                                     
  ReportLiveStreamModal.tsx                     |       0 |        0 |       0 |       0 | 1-186                                                                               
 components/owner/profile                       |       0 |        0 |       0 |       0 |                                                                                     
  ChannelAbout.tsx                              |       0 |        0 |       0 |       0 | 1-161                                                                               
  ChannelHome.tsx                               |       0 |        0 |       0 |       0 | 1-240                                                                               
 components/reusable-components                 |       0 |        0 |       0 |       0 |                                                                                     
  page.tsx                                      |       0 |        0 |       0 |       0 | 1-155                                                                               
 components/settings                            |       0 |        0 |       0 |       0 |                                                                                     
  SettingsNavigation.tsx                        |       0 |        0 |       0 |       0 | 1-48                                                                                
  mob-nav.tsx                                   |       0 |        0 |       0 |       0 | 1-62                                                                                
 components/settings/appearance                 |       0 |        0 |       0 |       0 |                                                                                     
  appearance.tsx                                |       0 |        0 |       0 |       0 | 1-171                                                                               
 components/settings/connected-accounts         |       0 |        0 |       0 |       0 |                                                                                     
  connected-account.tsx                         |       0 |        0 |       0 |       0 | 1-147                                                                               
 components/settings/notifications              |       0 |        0 |       0 |       0 |                                                                                     
  NotificationSettings.tsx                      |       0 |        0 |       0 |       0 | 1-233                                                                               
 components/settings/privacy-and-security       |       0 |        0 |       0 |       0 |                                                                                     
  PrivacyAndSecurity.tsx                        |       0 |        0 |       0 |       0 | 1-783                                                                               
 components/settings/profile                    |       0 |        0 |       0 |       0 |                                                                                     
  avatar-modal.tsx                              |       0 |        0 |       0 |       0 | 1-186                                                                               
  basic-settings-section.tsx                    |       0 |        0 |       0 |       0 | 1-109                                                                               
  language-modal.tsx                            |       0 |        0 |       0 |       0 | 1-81                                                                                
  language-section.tsx                          |       0 |        0 |       0 |       0 | 1-134                                                                               
  popup.tsx                                     |       0 |        0 |       0 |       0 | 1-138                                                                               
  profile-header.tsx                            |       0 |        0 |       0 |       0 | 1-69                                                                                
  profile-page.tsx                              |       0 |        0 |       0 |       0 | 1-519                                                                               
  save-section.tsx                              |       0 |        0 |       0 |       0 | 1-38                                                                                
  social-links-section.tsx                      |       0 |        0 |       0 |       0 | 1-535                                                                               
 components/settings/stream-channel-preferences |       0 |        0 |       0 |       0 |                                                                                     
  stream-preference.tsx                         |       0 |        0 |       0 |       0 | 1-394                                                                               
 components/shared/profile                      |       0 |        0 |       0 |       0 |                                                                                     
  AboutSection.tsx                              |       0 |        0 |       0 |       0 | 1-151                                                                               
  Banner.tsx                                    |       0 |        0 |       0 |       0 | 1-68                                                                                
  CustomizeChannelButton.tsx                    |       0 |        0 |       0 |       0 | 1-25                                                                                
  EmptyState.tsx                                |       0 |        0 |       0 |       0 | 1-47                                                                                
  ProfileHeader.tsx                             |       0 |        0 |       0 |       0 | 1-103                                                                               
  StreamCard.tsx                                |       0 |        0 |       0 |       0 | 1-113                                                                               
  TabsNavigation.tsx                            |       0 |        0 |       0 |       0 | 1-54                                                                                
 components/skeletons                           |       0 |        0 |       0 |       0 |                                                                                     
  EmptyState.tsx                                |       0 |        0 |       0 |       0 | 1-50                                                                                
  LoadingSpinner.tsx                            |       0 |        0 |       0 |       0 | 1-23                                                                                
  ViewStreamSkeleton.tsx                        |       0 |        0 |       0 |       0 | 1-93                                                                                
 components/skeletons/skeletons                 |       0 |        0 |       0 |       0 |                                                                                     
  browseCategoriesSkeleton.tsx                  |       0 |        0 |       0 |       0 | 1-38                                                                                
  browseLayoutSkeleton.tsx                      |       0 |        0 |       0 |       0 | 1-30                                                                                
  browseLiveSkeleton.tsx                        |       0 |        0 |       0 |       0 | 1-61                                                                                
  browsePageSkeleton.tsx                        |       0 |        0 |       0 |       0 | 1-22                                                                                
 components/stream                              |   17.75 |    83.33 |      80 |   17.75 |                                                                                     
  chat-section.tsx                              |   98.35 |     86.2 |     100 |   98.35 | 55-57                                                                               
  view-stream.tsx                               |       0 |        0 |       0 |       0 | 1-826                                                                               
 components/templates                           |       0 |        0 |       0 |       0 |                                                                                     
  VerifyEmailCode.ts                            |       0 |        0 |       0 |       0 | 1-191                                                                               
  WaitlistConfirm.tsx                           |       0 |        0 |       0 |       0 | 1-112                                                                               
  WelcomeUserEmail.tsx                          |       0 |        0 |       0 |       0 | 1-214                                                                               
 components/tipping                             |   73.48 |    72.27 |   64.28 |   73.48 |                                                                                     
  TipButton.tsx                                 |     100 |      100 |     100 |     100 |                                                                                     
  TipConfirmation.tsx                           |   70.79 |       20 |     100 |   70.79 | 46,53-73,86-96                                                                      
  TipCounter.tsx                                |   95.24 |    71.69 |   72.72 |   95.24 | 79-91,144-145,177,187-188,258,368-369                                               
  TipModal.tsx                                  |   62.18 |    80.55 |   58.33 |   62.18 | 121-122,125-155,158-234,237-239,244-245,250-264,280,286-312,430-432,434-446,462-467 
  TipModalContainer.tsx                         |       0 |        0 |       0 |       0 | 1-67                                                                                
  index.ts                                      |       0 |        0 |       0 |       0 | 1-6                                                                                 
 components/ui                                  |    3.24 |     8.33 |       0 |    3.24 |                                                                                     
  TopLoadingBar.tsx                             |       0 |        0 |       0 |       0 | 1-54                                                                                
  avatar.tsx                                    |       0 |        0 |       0 |       0 | 1-50                                                                                
  button.tsx                                    |     100 |       50 |     100 |     100 | 44                                                                                  
  carousel.tsx                                  |       0 |        0 |       0 |       0 | 1-253                                                                               
  dialog.tsx                                    |       0 |        0 |       0 |       0 | 1-122                                                                               
  dropdown-menu.tsx                             |       0 |        0 |       0 |       0 | 1-210                                                                               
  dropzone.tsx                                  |       0 |        0 |       0 |       0 | 1-830                                                                               
  form.tsx                                      |       0 |        0 |       0 |       0 | 1-179                                                                               
  input.tsx                                     |     100 |      100 |     100 |     100 |                                                                                     
  label.tsx                                     |     100 |      100 |     100 |     100 |                                                                                     
  pagination.tsx                                |       0 |        0 |       0 |       0 | 1-117                                                                               
  passwordInput.tsx                             |       0 |        0 |       0 |       0 | 1-34                                                                                
  profileDropdown.tsx                           |       0 |        0 |       0 |       0 | 1-290                                                                               
  radio-group.tsx                               |       0 |        0 |       0 |       0 | 1-44                                                                                
  select.tsx                                    |       0 |        0 |       0 |       0 | 1-159                                                                               
  shadcn-button.tsx                             |       0 |        0 |       0 |       0 | 1-103                                                                               
  skeleton.tsx                                  |       0 |        0 |       0 |       0 | 1-15                                                                                
  streamKeyConfirmationModal.tsx                |       0 |        0 |       0 |       0 | 1-140                                                                               
  streamfi-dropzone.tsx                         |       0 |        0 |       0 |       0 | 1-85                                                                                
  streamfi-pagination.tsx                       |       0 |        0 |       0 |       0 | 1-125                                                                               
  streamkeyModal.tsx                            |       0 |        0 |       0 |       0 | 1-122                                                                               
  textarea.tsx                                  |       0 |        0 |       0 |       0 | 1-22                                                                                
  toast-provider.tsx                            |       0 |        0 |       0 |       0 | 1-67                                                                                
  toast.tsx                                     |       0 |        0 |       0 |       0 | 1-84                                                                                
 components/ui/loader                           |       0 |        0 |       0 |       0 |                                                                                     
  loader.tsx                                    |       0 |        0 |       0 |       0 | 1-41                                                                                
  simple-loader.tsx                             |       0 |        0 |       0 |       0 | 1-38                                                                                
 components/viewer/profile                      |       0 |        0 |       0 |       0 |                                                                                     
  ChannelAbout.tsx                              |       0 |        0 |       0 |       0 | 1-172                                                                               
  ChannelHome.tsx                               |       0 |        0 |       0 |       0 | 1-250                                                                               
 hooks                                          |   31.05 |    73.52 |    7.69 |   31.05 |                                                                                     
  use-media-query.ts                            |       0 |        0 |       0 |       0 | 1-21                                                                                
  use-screen-size.ts                            |       0 |        0 |       0 |       0 | 1-41                                                                                
  useChat.ts                                    |   85.09 |    89.28 |   14.28 |   85.09 | 25-32,35-46,49-56,124-126                                                           
  useProfileModal.ts                            |       0 |        0 |       0 |       0 | 1-141                                                                               
  useStreamData.ts                              |       0 |        0 |       0 |       0 | 1-40                                                                                
  useTipModal.ts                                |       0 |        0 |       0 |       0 | 1-74                                                                                
  useUserProfile.ts                             |       0 |        0 |       0 |       0 | 1-45                                                                                
 lib                                            |    2.16 |    16.66 |   16.66 |    2.16 |                                                                                     
  Ddb.ts                                        |       0 |        0 |       0 |       0 | 1-21                                                                                
  dev-mode.ts                                   |       0 |        0 |       0 |       0 | 1-42                                                                                
  env.ts                                        |       0 |        0 |       0 |       0 | 1-46                                                                                
  performance.ts                                |       0 |        0 |       0 |       0 | 1-150                                                                               
  utils.ts                                      |     100 |      100 |     100 |     100 |                                                                                     
  with-cors-response.ts                         |       0 |        0 |       0 |       0 | 1-12                                                                                
 lib/mux                                        |       0 |        0 |       0 |       0 |                                                                                     
  server.ts                                     |       0 |        0 |       0 |       0 | 1-204                                                                               
 lib/routes-f                                   |   91.07 |    91.66 |      90 |   91.07 |                                                                                     
  cache.ts                                      |   95.71 |    88.23 |     100 |   95.71 | 41-43                                                                               
  flags.ts                                      |     100 |      100 |     100 |     100 |                                                                                     
  metrics.ts                                    |     100 |      100 |     100 |     100 |                                                                                     
  rate-limit.ts                                 |     100 |      100 |     100 |     100 |                                                                                     
  store.ts                                      |   94.51 |    86.36 |      80 |   94.51 | 53-54,124-125,128-129,148,159-160                                                   
  types.ts                                      |       0 |        0 |       0 |       0 | 1-31                                                                                
 utils                                          |       0 |        0 |       0 |       0 |                                                                                     
  mongodb.ts                                    |       0 |        0 |       0 |       0 | 1-70                                                                                
  rate-limit.ts                                 |       0 |        0 |       0 |       0 | 1-38                                                                                
  send-email.ts                                 |       0 |        0 |       0 |       0 | 1-120                                                                               
  session.ts                                    |       0 |        0 |       0 |       0 | 1-108                                                                               
  userValidators.ts                             |       0 |        0 |       0 |       0 | 1-143                                                                               
  validators.ts                                 |       0 |        0 |       0 |       0 | 1-19                                                                                
 utils/models                                   |       0 |        0 |       0 |       0 |                                                                                     
  waitlist.ts                                   |       0 |        0 |       0 |       0 | 1-49                                                                                
 utils/upload                                   |       0 |        0 |       0 |       0 |                                                                                     
  cloudinary.ts                                 |       0 |        0 |       0 |       0 | 1-156                                                                               
------------------------------------------------|---------|----------|---------|---------|-------------------------------------------------------------------------------------
Jest: "global" coverage threshold for statements (70%) not met: 7.39%
Jest: "global" coverage threshold for branches (70%) not met: 53.03%
Jest: "global" coverage threshold for lines (70%) not met: 7.39%
Jest: "global" coverage threshold for functions (70%) not met: 25.75%

Test Suites: 7 failed, 9 passed, 16 total
Tests:       40 failed, 135 passed, 175 total
Snapshots:   0 total
Time:        43.677 s
Ran all test suites.

